Component: ARM Compiler 5.06 update 7 (build 960) Tool: armlink [4d3601]

==============================================================================

Section Cross References

    main.o(.text) refers to esp8266.o(.text) for ESP8266_Init
    main.o(.text) refers to delay.o(.text) for delay_ms
    main.o(.text) refers to onenet.o(.text) for OneNet_DevLink
    main.o(.text) refers to as608.o(.text) for press_FR
    main.o(.text) refers to lcd.o(.text) for Chinese_Show_two
    main.o(.text) refers to event_groups.o(.text) for xEventGroupSetBits
    main.o(.text) refers to printfa.o(i.__0printf) for __2printf
    main.o(.text) refers to tasks.o(.text) for vTaskSuspend
    main.o(.text) refers to rc522.o(.text) for Identify_CardID
    main.o(.text) refers to printfa.o(i.__0sprintf) for __2sprintf
    main.o(.text) refers to main.o(.data) for topics
    main.o(.text) refers to main.o(.bss) for Pub_Buf
    main.o(.text) refers to sg90.o(.text) for SG90_SetAngle
    main.o(.text) refers to port.o(.text) for vPortEnterCritical
    main.o(.text) refers to misc.o(.text) for NVIC_PriorityGroupConfig
    main.o(.text) refers to usart_1.o(.text) for uart_init
    main.o(.text) refers to led.o(.text) for LED_Init
    main.o(.text) refers to key.o(.text) for KEY_Init
    main.o(.text) refers to beep.o(.text) for BEEP_Init
    main.o(.text) refers to usart2.o(.text) for usart2_init
    main.o(.text) refers to usart3.o(.text) for USART3_Init
    main.o(.text) refers to touch.o(.text) for TP_Adjust
    main.o(.text) refers to touch.o(.data) for tp_dev
    main.o(.text) refers to lcd.o(.data) for POINT_COLOR
    main.o(.data) refers to main.o(.conststring) for .conststring
    stm32f4xx_it.o(.text) refers to stm32f4xx_usart.o(.text) for USART_GetITStatus
    stm32f4xx_it.o(.text) refers to esp8266.o(.data) for esp8266_cnt
    stm32f4xx_it.o(.text) refers to esp8266.o(.bss) for esp8266_buf
    system_stm32f4xx.o(.text) refers to system_stm32f4xx.o(.data) for SystemCoreClock
    startup_stm32f40_41xxx.o(RESET) refers to startup_stm32f40_41xxx.o(STACK) for __initial_sp
    startup_stm32f40_41xxx.o(RESET) refers to startup_stm32f40_41xxx.o(.text) for Reset_Handler
    startup_stm32f40_41xxx.o(RESET) refers to stm32f4xx_it.o(.text) for NMI_Handler
    startup_stm32f40_41xxx.o(RESET) refers to port.o(.emb_text) for SVC_Handler
    startup_stm32f40_41xxx.o(RESET) refers to delay.o(.text) for SysTick_Handler
    startup_stm32f40_41xxx.o(RESET) refers to usart_1.o(.text) for USART1_IRQHandler
    startup_stm32f40_41xxx.o(RESET) refers to usart2.o(.text) for USART2_IRQHandler
    startup_stm32f40_41xxx.o(RESET) refers to timer.o(.text) for TIM7_IRQHandler
    startup_stm32f40_41xxx.o(.text) refers to system_stm32f4xx.o(.text) for SystemInit
    startup_stm32f40_41xxx.o(.text) refers to entry.o(.ARM.Collect$$$$00000000) for __main
    led.o(.text) refers to stm32f4xx_rcc.o(.text) for RCC_AHB1PeriphClockCmd
    led.o(.text) refers to stm32f4xx_gpio.o(.text) for GPIO_Init
    lcd.o(.text) refers to delay.o(.text) for delay_us
    lcd.o(.text) refers to lcd.o(.bss) for lcddev
    lcd.o(.text) refers to lcd.o(.data) for POINT_COLOR
    lcd.o(.text) refers to dfltui.o(.text) for __aeabi_ui2d
    lcd.o(.text) refers to dmul.o(.text) for __aeabi_dmul
    lcd.o(.text) refers to dfixui.o(.text) for __aeabi_d2uiz
    lcd.o(.text) refers to stm32f4xx_rcc.o(.text) for RCC_AHB1PeriphClockCmd
    lcd.o(.text) refers to stm32f4xx_gpio.o(.text) for GPIO_Init
    lcd.o(.text) refers to stm32f4xx_fsmc.o(.text) for FSMC_NORSRAMInit
    lcd.o(.text) refers to printfa.o(i.__0printf) for __2printf
    lcd.o(.text) refers to lcd.o(.constdata) for asc2_1206
    lcd.o(.text) refers to strlen.o(.text) for strlen
    lcd.o(.text) refers to touch.o(.data) for tp_dev
    key.o(.text) refers to stm32f4xx_rcc.o(.text) for RCC_AHB1PeriphClockCmd
    key.o(.text) refers to stm32f4xx_gpio.o(.text) for GPIO_Init
    key.o(.text) refers to delay.o(.text) for delay_ms
    key.o(.text) refers to key.o(.data) for key_up
    myiic.o(.text) refers to stm32f4xx_rcc.o(.text) for RCC_AHB1PeriphClockCmd
    myiic.o(.text) refers to stm32f4xx_gpio.o(.text) for GPIO_Init
    myiic.o(.text) refers to delay.o(.text) for delay_us
    24cxx.o(.text) refers to myiic.o(.text) for IIC_Init
    24cxx.o(.text) refers to delay.o(.text) for delay_ms
    ctiic.o(.text) refers to delay.o(.text) for delay_us
    ctiic.o(.text) refers to stm32f4xx_rcc.o(.text) for RCC_AHB1PeriphClockCmd
    ctiic.o(.text) refers to stm32f4xx_gpio.o(.text) for GPIO_Init
    ft5206.o(.text) refers to ctiic.o(.text) for CT_IIC_Start
    ft5206.o(.text) refers to stm32f4xx_rcc.o(.text) for RCC_AHB1PeriphClockCmd
    ft5206.o(.text) refers to stm32f4xx_gpio.o(.text) for GPIO_Init
    ft5206.o(.text) refers to delay.o(.text) for delay_ms
    ft5206.o(.text) refers to printfa.o(i.__0printf) for __2printf
    ft5206.o(.text) refers to ft5206.o(.data) for t
    ft5206.o(.text) refers to touch.o(.data) for tp_dev
[...]
    EXTI3_IRQHandler                         0x08000dff   Thumb Code     0  startup_stm32f40_41xxx.o(.text)
    EXTI4_IRQHandler                         0x08000dff   Thumb Code     0  startup_stm32f40_41xxx.o(.text)
    EXTI9_5_IRQHandler                       0x08000dff   Thumb Code     0  startup_stm32f40_41xxx.o(.text)
    FLASH_IRQHandler                         0x08000dff   Thumb Code     0  startup_stm32f40_41xxx.o(.text)
    FPU_IRQHandler                           0x08000dff   Thumb Code     0  startup_stm32f40_41xxx.o(.text)
    FSMC_IRQHandler                          0x08000dff   Thumb Code     0  startup_stm32f40_41xxx.o(.text)
    HASH_RNG_IRQHandler                      0x08000dff   Thumb Code     0  startup_stm32f40_41xxx.o(.text)
    I2C1_ER_IRQHandler                       0x08000dff   Thumb Code     0  startup_stm32f40_41xxx.o(.text)
    I2C1_EV_IRQHandler                       0x08000dff   Thumb Code     0  startup_stm32f40_41xxx.o(.text)
    I2C2_ER_IRQHandler                       0x08000dff   Thumb Code     0  startup_stm32f40_41xxx.o(.text)
    I2C2_EV_IRQHandler                       0x08000dff   Thumb Code     0  startup_stm32f40_41xxx.o(.text)
    I2C3_ER_IRQHandler                       0x08000dff   Thumb Code     0  startup_stm32f40_41xxx.o(.text)
    I2C3_EV_IRQHandler                       0x08000dff   Thumb Code     0  startup_stm32f40_41xxx.o(.text)
    OTG_FS_IRQHandler                        0x08000dff   Thumb Code     0  startup_stm32f40_41xxx.o(.text)
    OTG_FS_WKUP_IRQHandler                   0x08000dff   Thumb Code     0  startup_stm32f40_41xxx.o(.text)
    OTG_HS_EP1_IN_IRQHandler                 0x08000dff   Thumb Code     0  startup_stm32f40_41xxx.o(.text)
    OTG_HS_EP1_OUT_IRQHandler                0x08000dff   Thumb Code     0  startup_stm32f40_41xxx.o(.text)
    OTG_HS_IRQHandler                        0x08000dff   Thumb Code     0  startup_stm32f40_41xxx.o(.text)
    OTG_HS_WKUP_IRQHandler                   0x08000dff   Thumb Code     0  startup_stm32f40_41xxx.o(.text)
    PVD_IRQHandler                           0x08000dff   Thumb Code     0  startup_stm32f40_41xxx.o(.text)
    RCC_IRQHandler                           0x08000dff   Thumb Code     0  startup_stm32f40_41xxx.o(.text)
    RTC_Alarm_IRQHandler                     0x08000dff   Thumb Code     0  startup_stm32f40_41xxx.o(.text)
    RTC_WKUP_IRQHandler                      0x08000dff   Thumb Code     0  startup_stm32f40_41xxx.o(.text)
    SDIO_IRQHandler                          0x08000dff   Thumb Code     0  startup_stm32f40_41xxx.o(.text)
    SPI1_IRQHandler                          0x08000dff   Thumb Code     0  startup_stm32f40_41xxx.o(.text)
    SPI2_IRQHandler                          0x08000dff   Thumb Code     0  startup_stm32f40_41xxx.o(.text)
    SPI3_IRQHandler                          0x08000dff   Thumb Code     0  startup_stm32f40_41xxx.o(.text)
    TAMP_STAMP_IRQHandler                    0x08000dff   Thumb Code     0  startup_stm32f40_41xxx.o(.text)
    TIM1_BRK_TIM9_IRQHandler                 0x08000dff   Thumb Code     0  startup_stm32f40_41xxx.o(.text)
    TIM1_CC_IRQHandler                       0x08000dff   Thumb Code     0  startup_stm32f40_41xxx.o(.text)
    TIM1_TRG_COM_TIM11_IRQHandler            0x08000dff   Thumb Code     0  startup_stm32f40_41xxx.o(.text)
    TIM1_UP_TIM10_IRQHandler                 0x08000dff   Thumb Code     0  startup_stm32f40_41xxx.o(.text)
    TIM2_IRQHandler                          0x08000dff   Thumb Code     0  startup_stm32f40_41xxx.o(.text)
    TIM3_IRQHandler                          0x08000dff   Thumb Code     0  startup_stm32f40_41xxx.o(.text)
    TIM4_IRQHandler                          0x08000dff   Thumb Code     0  startup_stm32f40_41xxx.o(.text)
    TIM5_IRQHandler                          0x08000dff   Thumb Code     0  startup_stm32f40_41xxx.o(.text)
    TIM6_DAC_IRQHandler                      0x08000dff   Thumb Code     0  startup_stm32f40_41xxx.o(.text)
    TIM8_BRK_TIM12_IRQHandler                0x08000dff   Thumb Code     0  startup_stm32f40_41xxx.o(.text)
    TIM8_CC_IRQHandler                       0x08000dff   Thumb Code     0  startup_stm32f40_41xxx.o(.text)
    TIM8_TRG_COM_TIM14_IRQHandler            0x08000dff   Thumb Code     0  startup_stm32f40_41xxx.o(.text)
    TIM8_UP_TIM13_IRQHandler                 0x08000dff   Thumb Code     0  startup_stm32f40_41xxx.o(.text)
    UART4_IRQHandler                         0x08000dff   Thumb Code     0  startup_stm32f40_41xxx.o(.text)
    UART5_IRQHandler                         0x08000dff   Thumb Code     0  startup_stm32f40_41xxx.o(.text)
    USART6_IRQHandler                        0x08000dff   Thumb Code     0  startup_stm32f40_41xxx.o(.text)
    WWDG_IRQHandler                          0x08000dff   Thumb Code     0  startup_stm32f40_41xxx.o(.text)
    LED_Init                                 0x08000e09   Thumb Code    60  led.o(.text)
    LCD_WR_REG                               0x08000e49   Thumb Code    18  lcd.o(.text)
    LCD_WR_DATA                              0x08000e5b   Thumb Code    20  lcd.o(.text)
    LCD_RD_DATA                              0x08000e6f   Thumb Code    16  lcd.o(.text)
    LCD_WriteReg                             0x08000e7f   Thumb Code    14  lcd.o(.text)
    LCD_ReadReg                              0x08000e8d   Thumb Code    22  lcd.o(.text)
    LCD_WriteRAM_Prepare                     0x08000ea3   Thumb Code    10  lcd.o(.text)
    LCD_WriteRAM                             0x08000ead   Thumb Code     8  lcd.o(.text)
    LCD_BGR2RGB                              0x08000eb5   Thumb Code    26  lcd.o(.text)
    opt_delay                                0x08000ecf   Thumb Code    14  lcd.o(.text)
    LCD_SetCursor                            0x08000edd   Thumb Code   418  lcd.o(.text)
    LCD_ReadPoint                            0x0800107f   Thumb Code   360  lcd.o(.text)
    LCD_DisplayOn                            0x080011e7   Thumb Code   102  lcd.o(.text)
    LCD_DisplayOff                           0x0800124d   Thumb Code    90  lcd.o(.text)
    LCD_Scan_Dir                             0x080012a7   Thumb Code   744  lcd.o(.text)
    LCD_DrawPoint                            0x0800158f   Thumb Code    28  lcd.o(.text)
    LCD_Fast_DrawPoint                       0x080015ab   Thumb Code   388  lcd.o(.text)
    LCD_SSD_BackLightSet                     0x0800172f   Thumb Code    88  lcd.o(.text)
    LCD_Display_Dir                          0x08001787   Thumb Code   444  lcd.o(.text)
    LCD_Set_Window                           0x08001943   Thumb Code   546  lcd.o(.text)
    LCD_Clear                                0x08001b65   Thumb Code   100  lcd.o(.text)
    LCD_Init                                 0x08001bc9   Thumb Code 14696  lcd.o(.text)
    LCD_Fill                                 0x08005531   Thumb Code   180  lcd.o(.text)
    LCD_Color_Fill                           0x080055e5   Thumb Code   100  lcd.o(.text)
    LCD_DrawLine                             0x08005649   Thumb Code   176  lcd.o(.text)
    LCD_DrawRectangle                        0x080056f9   Thumb Code    60  lcd.o(.text)
    LCD_Draw_Circle                          0x08005735   Thumb Code   152  lcd.o(.text)
    LCD_ShowChar                             0x080057cd   Thumb Code   272  lcd.o(.text)
    LCD_Pow                                  0x080058dd   Thumb Code    22  lcd.o(.text)
    LCD_ShowNum                              0x080058f3   Thumb Code   148  lcd.o(.text)
    LCD_ShowxNum                             0x08005987   Thumb Code   220  lcd.o(.text)
    LCD_ShowString                           0x08005a63   Thumb Code   102  lcd.o(.text)
    Chinese_Show_one                         0x08005ac9   Thumb Code   174  lcd.o(.text)
    Chinese_Show_two                         0x08005b77   Thumb Code   172  lcd.o(.text)
    Show_Str                                 0x08005c23   Thumb Code   158  lcd.o(.text)
    Show_Str_Mid                             0x08005cc1   Thumb Code   106  lcd.o(.text)
    AS608_load_keyboard                      0x08005d2b   Thumb Code   346  lcd.o(.text)
    AS608_key_staset                         0x08005e85   Thumb Code   306  lcd.o(.text)
    AS608_get_keynum                         0x08005fb7   Thumb Code   244  lcd.o(.text)
    GET_NUM                                  0x080060ab   Thumb Code   440  lcd.o(.text)
    KEY_Init                                 0x080062ad   Thumb Code    60  key.o(.text)
    KEY_Scan                                 0x080062e9   Thumb Code   188  key.o(.text)
    IIC_Init                                 0x080063b1   Thumb Code    62  myiic.o(.text)
    IIC_Start                                0x080063ef   Thumb Code    68  myiic.o(.text)
    IIC_Stop                                 0x08006433   Thumb Code    62  myiic.o(.text)
    IIC_Wait_Ack                             0x08006471   Thumb Code    82  myiic.o(.text)
    IIC_Ack                                  0x080064c3   Thumb Code    66  myiic.o(.text)
    IIC_NAck                                 0x08006505   Thumb Code    66  myiic.o(.text)
    IIC_Send_Byte                            0x08006547   Thumb Code    90  myiic.o(.text)
    IIC_Read_Byte                            0x080065a1   Thumb Code    94  myiic.o(.text)
    AT24CXX_Init                             0x0800660d   Thumb Code     8  24cxx.o(.text)
    AT24CXX_ReadOneByte                      0x08006615   Thumb Code    88  24cxx.o(.text)
    AT24CXX_WriteOneByte                     0x0800666d   Thumb Code    80  24cxx.o(.text)
    AT24CXX_WriteLenByte                     0x080066bd   Thumb Code    42  24cxx.o(.text)
    AT24CXX_ReadLenByte                      0x080066e7   Thumb Code    44  24cxx.o(.text)
    AT24CXX_Check                            0x08006713   Thumb Code    46  24cxx.o(.text)
    AT24CXX_Read                             0x08006741   Thumb Code    34  24cxx.o(.text)
    AT24CXX_Write                            0x08006763   Thumb Code    36  24cxx.o(.text)
    CT_Delay                                 0x08006789   Thumb Code    10  ctiic.o(.text)
    CT_IIC_Init                              0x08006793   Thumb Code    60  ctiic.o(.text)
    CT_IIC_Start                             0x080067cf   Thumb Code    62  ctiic.o(.text)
    CT_IIC_Stop                              0x0800680d   Thumb Code    56  ctiic.o(.text)
    CT_IIC_Wait_Ack                          0x08006845   Thumb Code    78  ctiic.o(.text)
    CT_IIC_Ack                               0x08006893   Thumb Code    66  ctiic.o(.text)
    CT_IIC_NAck                              0x080068d5   Thumb Code    66  ctiic.o(.text)
    CT_IIC_Send_Byte                         0x08006917   Thumb Code    82  ctiic.o(.text)
    CT_IIC_Read_Byte                         0x08006969   Thumb Code    92  ctiic.o(.text)
    FT5206_WR_Reg                            0x080069dd   Thumb Code    82  ft5206.o(.text)
    FT5206_RD_Reg                            0x08006a2f   Thumb Code    88  ft5206.o(.text)
    FT5206_Init                              0x08006a87   Thumb Code   202  ft5206.o(.text)
    FT5206_Scan                              0x08006b51   Thumb Code   400  ft5206.o(.text)
    GT9147_WR_Reg                            0x08006d09   Thumb Code    92  gt9147.o(.text)
    GT9147_Send_Cfg                          0x08006d65   Thumb Code    86  gt9147.o(.text)
    GT9147_RD_Reg                            0x08006dbb   Thumb Code    98  gt9147.o(.text)
    GT9147_Init                              0x08006e1d   Thumb Code   248  gt9147.o(.text)
    GT9147_Scan                              0x08006f15   Thumb Code   470  gt9147.o(.text)
    OTT2001A_WR_Reg                          0x08007139   Thumb Code    92  ott2001a.o(.text)
    OTT2001A_RD_Reg                          0x08007195   Thumb Code    98  ott2001a.o(.text)
    OTT2001A_SensorControl                   0x080071f7   Thumb Code    28  ott2001a.o(.text)
    OTT2001A_Init                            0x08007213   Thumb Code   142  ott2001a.o(.text)
    OTT2001A_Scan                            0x080072a1   Thumb Code   478  ott2001a.o(.text)
    TP_Write_Byte                            0x080074c1   Thumb Code    64  touch.o(.text)
    TP_Read_AD                               0x08007501   Thumb Code   132  touch.o(.text)
    TP_Read_XOY                              0x08007585   Thumb Code   120  touch.o(.text)
    TP_Read_XY                               0x080075fd   Thumb Code    38  touch.o(.text)
    TP_Read_XY2                              0x08007623   Thumb Code   192  touch.o(.text)
    TP_Drow_Touch_Point                      0x080076e3   Thumb Code   108  touch.o(.text)
    TP_Draw_Big_Point                        0x0800774f   Thumb Code    54  touch.o(.text)
    TP_Scan                                  0x08007785   Thumb Code   244  touch.o(.text)
    TP_Save_Adjdata                          0x08007879   Thumb Code   166  touch.o(.text)
    TP_Get_Adjdata                           0x0800791f   Thumb Code   160  touch.o(.text)
    TP_Adj_Info_Show                         0x080079bf   Thumb Code   374  touch.o(.text)
    TP_Adjust                                0x08007b35   Thumb Code  2290  touch.o(.text)
    TP_Init                                  0x08008427   Thumb Code   290  touch.o(.text)
    SG90_SetAngle                            0x080085a1   Thumb Code    98  sg90.o(.text)
    SG90_Init                                0x08008603   Thumb Code   160  sg90.o(.text)
    BEEP_Init                                0x080086bd   Thumb Code    60  beep.o(.text)
    SPI_RC522_SendByte                       0x080086fd   Thumb Code    80  rc522.o(.text)
    WriteRawRC                               0x0800874d   Thumb Code    42  rc522.o(.text)
    SPI_RC522_ReadByte                       0x08008777   Thumb Code    72  rc522.o(.text)
    ReadRawRC                                0x080087bf   Thumb Code    46  rc522.o(.text)
    SetBitMask                               0x080087ed   Thumb Code    26  rc522.o(.text)
    PcdAntennaOn                             0x08008807   Thumb Code    26  rc522.o(.text)
    ClearBitMask                             0x08008821   Thumb Code    26  rc522.o(.text)
    M500PcdConfigISOType                     0x0800883b   Thumb Code    84  rc522.o(.text)
    PcdReset                                 0x0800888f   Thumb Code   124  rc522.o(.text)
    SPI1_Init                                0x0800890b   Thumb Code    74  rc522.o(.text)
    RC522_Init                               0x08008955   Thumb Code    34  rc522.o(.text)
    PcdAntennaOff                            0x08008977   Thumb Code    12  rc522.o(.text)
    PcdComMF522                              0x08008983   Thumb Code   306  rc522.o(.text)
    PcdRequest                               0x08008ab5   Thumb Code    88  rc522.o(.text)
    PcdAnticoll                              0x08008b0d   Thumb Code   112  rc522.o(.text)
    CalulateCRC                              0x08008b7d   Thumb Code   108  rc522.o(.text)
    PcdSelect                                0x08008be9   Thumb Code   112  rc522.o(.text)
    PcdAuthState                             0x08008c59   Thumb Code   110  rc522.o(.text)
    PcdWrite                                 0x08008cc7   Thumb Code   156  rc522.o(.text)
    PcdRead                                  0x08008d63   Thumb Code    84  rc522.o(.text)
    PcdHalt                                  0x08008db7   Thumb Code    50  rc522.o(.text)
    IC_CMT                                   0x08008de9   Thumb Code    72  rc522.o(.text)
    ShowID                                   0x08008e31   Thumb Code   170  rc522.o(.text)
    Identify_CardID                          0x08008edb   Thumb Code   138  rc522.o(.text)
    USART2_IRQHandler                        0x08008f91   Thumb Code    96  usart2.o(.text)
    usart2_init                              0x08008ff1   Thumb Code   196  usart2.o(.text)
    u2_printf                                0x080090b5   Thumb Code    72  usart2.o(.text)
    TIM7_IRQHandler                          0x08009115   Thumb Code    42  timer.o(.text)
    TIM7_Int_Init                            0x0800913f   Thumb Code    80  timer.o(.text)
    EnsureMessage                            0x08009199   Thumb Code   140  as608.o(.text)
    PS_ReadSysPara                           0x08009331   Thumb Code   168  as608.o(.text)
    PS_ValidTempleteNum                      0x080093d9   Thumb Code   704  as608.o(.text)
    PS_HandShake                             0x08009699   Thumb Code   118  as608.o(.text)
    AS608_Init                               0x0800970f   Thumb Code    76  as608.o(.text)
    PS_HighSpeedSearch                       0x0800975b   Thumb Code   144  as608.o(.text)
    PS_GenChar                               0x080097eb   Thumb Code    70  as608.o(.text)
    PS_GetImage                              0x08009831   Thumb Code    58  as608.o(.text)
    press_FR                                 0x0800986b   Thumb Code    82  as608.o(.text)
    PS_StaGPIO_Init                          0x080098bd   Thumb Code    42  as608.o(.text)
    PS_Match                                 0x080098e7   Thumb Code    58  as608.o(.text)
    PS_Search                                0x08009921   Thumb Code   144  as608.o(.text)
    PS_RegModel                              0x080099b1   Thumb Code    58  as608.o(.text)
    PS_StoreChar                             0x080099eb   Thumb Code    96  as608.o(.text)
    PS_DeletChar                             0x08009a4b   Thumb Code   266  as608.o(.text)
    PS_Empty                                 0x08009b55   Thumb Code    58  as608.o(.text)
    PS_WriteReg                              0x08009b8f   Thumb Code   110  as608.o(.text)
    PS_SetAddr                               0x08009bfd   Thumb Code   148  as608.o(.text)
    PS_WriteNotepad                          0x08009c91   Thumb Code   106  as608.o(.text)
    PS_ReadNotepad                           0x08009cfb   Thumb Code    96  as608.o(.text)
    ESP8266_Clear                            0x08009d89   Thumb Code    18  esp8266.o(.text)
    ESP8266_WaitRecive                       0x08009d9b   Thumb Code    42  esp8266.o(.text)
    ESP8266_SendCmd                          0x08009dc5   Thumb Code    76  esp8266.o(.text)
    ESP8266_SendData                         0x08009e11   Thumb Code    46  esp8266.o(.text)
    ESP8266_GetIPD                           0x08009e3f   Thumb Code    68  esp8266.o(.text)
    ESP8266_Init                             0x08009e83   Thumb Code   192  esp8266.o(.text)
    USART3_Init                              0x0800a079   Thumb Code   168  usart3.o(.text)
    USART3_Printf                            0x0800a121   Thumb Code    84  usart3.o(.text)
    USART3_TxData                            0x0800a175   Thumb Code    58  usart3.o(.text)
    Usart_SendString                         0x0800a1af   Thumb Code    50  usart3.o(.text)
    Usart_Printf                             0x0800a1e1   Thumb Code    70  usart3.o(.text)
    MQTT_NewBuffer                           0x0800a235   Thumb Code    88  mqttkit.o(.text)
    MQTT_DeleteBuffer                        0x0800a28d   Thumb Code    28  mqttkit.o(.text)
    MQTT_DumpLength                          0x0800a2a9   Thumb Code    46  mqttkit.o(.text)
    MQTT_ReadLength                          0x0800a2d7   Thumb Code    70  mqttkit.o(.text)
    MQTT_UnPacketRecv                        0x0800a31d   Thumb Code   106  mqttkit.o(.text)
    MQTT_PacketConnect                       0x0800a387   Thumb Code   666  mqttkit.o(.text)
    MQTT_PacketDisConnect                    0x0800a621   Thumb Code    48  mqttkit.o(.text)
    MQTT_UnPacketConnectAck                  0x0800a651   Thumb Code    30  mqttkit.o(.text)
    MQTT_PacketPublish                       0x0800a66f   Thumb Code   452  mqttkit.o(.text)
    MQTT_PacketSaveData                      0x0800a833   Thumb Code    88  mqttkit.o(.text)
    MQTT_PacketSaveBinData                   0x0800a88b   Thumb Code   192  mqttkit.o(.text)
    MQTT_UnPacketCmd                         0x0800a94b   Thumb Code   140  mqttkit.o(.text)
    MQTT_PacketCmdResp                       0x0800a9d7   Thumb Code   132  mqttkit.o(.text)
    MQTT_PacketSubscribe                     0x0800aa5b   Thumb Code   254  mqttkit.o(.text)
    MQTT_UnPacketSubscribe                   0x0800ab59   Thumb Code    52  mqttkit.o(.text)
    MQTT_PacketUnSubscribe                   0x0800ab8d   Thumb Code   268  mqttkit.o(.text)
    MQTT_UnPacketUnSubscribe                 0x0800ac99   Thumb Code    18  mqttkit.o(.text)
    MQTT_UnPacketPublish                     0x0800acab   Thumb Code   440  mqttkit.o(.text)
    MQTT_PacketPublishAck                    0x0800ae63   Thumb Code    72  mqttkit.o(.text)
    MQTT_UnPacketPublishAck                  0x0800aeab   Thumb Code    30  mqttkit.o(.text)
    MQTT_PacketPublishRec                    0x0800aec9   Thumb Code    72  mqttkit.o(.text)
    MQTT_UnPacketPublishRec                  0x0800af11   Thumb Code    30  mqttkit.o(.text)
    MQTT_PacketPublishRel                    0x0800af2f   Thumb Code    72  mqttkit.o(.text)
    MQTT_UnPacketPublishRel                  0x0800af77   Thumb Code    36  mqttkit.o(.text)
    MQTT_PacketPublishComp                   0x0800af9b   Thumb Code    72  mqttkit.o(.text)
    MQTT_UnPacketPublishComp                 0x0800afe3   Thumb Code    30  mqttkit.o(.text)
    MQTT_PacketPing                          0x0800b001   Thumb Code    48  mqttkit.o(.text)
    OneNet_DevLink                           0x0800b031   Thumb Code   212  onenet.o(.text)
    OneNet_FillBuf                           0x0800b105   Thumb Code    34  onenet.o(.text)
    OneNet_SendData                          0x0800b127   Thumb Code   128  onenet.o(.text)
    OneNet_Subscribe                         0x0800b1a7   Thumb Code    80  onenet.o(.text)
    OneNet_Publish                           0x0800b1f7   Thumb Code    94  onenet.o(.text)
    OneNet_HandleData                        0x0800b255   Thumb Code    80  onenet.o(.text)
    OneNet_RevPro                            0x0800b2a5   Thumb Code  1288  onenet.o(.text)
    xEventGroupCreate                        0x0800b8dd   Thumb Code    26  event_groups.o(.text)
    xEventGroupSetBits                       0x0800b8f7   Thumb Code   206  event_groups.o(.text)
    xEventGroupSync                          0x0800b9c5   Thumb Code   268  event_groups.o(.text)
    xEventGroupWaitBits                      0x0800baef   Thumb Code   338  event_groups.o(.text)
    xEventGroupClearBits                     0x0800bc41   Thumb Code    92  event_groups.o(.text)
    xEventGroupGetBitsFromISR                0x0800bc9d   Thumb Code    44  event_groups.o(.text)
    vEventGroupDelete                        0x0800bcc9   Thumb Code   106  event_groups.o(.text)
    vEventGroupSetBitsCallback               0x0800bd33   Thumb Code    16  event_groups.o(.text)
    vEventGroupClearBitsCallback             0x0800bd43   Thumb Code    16  event_groups.o(.text)
    uxEventGroupGetNumber                    0x0800bd53   Thumb Code    14  event_groups.o(.text)
    vEventGroupSetNumber                     0x0800bd61   Thumb Code     4  event_groups.o(.text)
    vListInitialise                          0x0800bd69   Thumb Code    26  list.o(.text)
    vListInitialiseItem                      0x0800bd83   Thumb Code     6  list.o(.text)
    vListInsertEnd                           0x0800bd89   Thumb Code    24  list.o(.text)
    vListInsert                              0x0800bda1   Thumb Code    52  list.o(.text)
    uxListRemove                             0x0800bdd5   Thumb Code    40  list.o(.text)
    xQueueGenericReset                       0x0800bdfd   Thumb Code   214  queue.o(.text)
    xQueueGenericCreate                      0x0800befd   Thumb Code   102  queue.o(.text)
    xQueueGenericSend                        0x0800c07d   Thumb Code   420  queue.o(.text)
    xQueueCreateMutex                        0x0800c23f   Thumb Code    38  queue.o(.text)
    xQueueGiveMutexRecursive                 0x0800c265   Thumb Code    72  queue.o(.text)
    xQueueSemaphoreTake                      0x0800c2db   Thumb Code   434  queue.o(.text)
    xQueueTakeMutexRecursive                 0x0800c48d   Thumb Code    78  queue.o(.text)
    xQueueCreateCountingSemaphore            0x0800c4db   Thumb Code    60  queue.o(.text)
    xQueueGenericSendFromISR                 0x0800c517   Thumb Code   288  queue.o(.text)
    xQueueGiveFromISR                        0x0800c637   Thumb Code   260  queue.o(.text)
    xQueueReceive                            0x0800c769   Thumb Code   356  queue.o(.text)
    xQueuePeek                               0x0800c8cd   Thumb Code   362  queue.o(.text)
    xQueueReceiveFromISR                     0x0800ca37   Thumb Code   238  queue.o(.text)
    xQueuePeekFromISR                        0x0800cb25   Thumb Code   176  queue.o(.text)
    uxQueueMessagesWaiting                   0x0800cbd5   Thumb Code    46  queue.o(.text)
    uxQueueSpacesAvailable                   0x0800cc03   Thumb Code    48  queue.o(.text)
    uxQueueMessagesWaitingFromISR            0x0800cc33   Thumb Code    34  queue.o(.text)
    vQueueUnregisterQueue                    0x0800cc55   Thumb Code    68  queue.o(.text)
    vQueueDelete                             0x0800cc99   Thumb Code    44  queue.o(.text)
    uxQueueGetQueueNumber                    0x0800ccc5   Thumb Code     6  queue.o(.text)
    vQueueSetQueueNumber                     0x0800cccb   Thumb Code     4  queue.o(.text)
    ucQueueGetQueueType                      0x0800cccf   Thumb Code     8  queue.o(.text)
    xQueueIsQueueEmptyFromISR                0x0800ccd7   Thumb Code    42  queue.o(.text)
    xQueueIsQueueFullFromISR                 0x0800cd01   Thumb Code    46  queue.o(.text)
    vQueueAddToRegistry                      0x0800cd2f   Thumb Code    90  queue.o(.text)
    pcQueueGetName                           0x0800cd89   Thumb Code    64  queue.o(.text)
    vQueueWaitForMessageRestricted           0x0800cdc9   Thumb Code    74  queue.o(.text)
    xTaskCreate                              0x0800d00d   Thumb Code    96  tasks.o(.text)
    vTaskDelete                              0x0800d0a7   Thumb Code   202  tasks.o(.text)
    xTaskIncrementTick                       0x0800d171   Thumb Code   476  tasks.o(.text)
    xTaskResumeAll                           0x0800d34d   Thumb Code   338  tasks.o(.text)
    vTaskSuspendAll                          0x0800d543   Thumb Code    12  tasks.o(.text)
    xTaskDelayUntil                          0x0800d54f   Thumb Code   202  tasks.o(.text)
    vTaskDelay                               0x0800d619   Thumb Code    82  tasks.o(.text)
    eTaskGetState                            0x0800d66b   Thumb Code   200  tasks.o(.text)
    uxTaskPriorityGet                        0x0800d733   Thumb Code    30  tasks.o(.text)
    uxTaskPriorityGetFromISR                 0x0800d751   Thumb Code    62  tasks.o(.text)
    vTaskPrioritySet                         0x0800d78f   Thumb Code   312  tasks.o(.text)
    vTaskSwitchContext                       0x0800d8c7   Thumb Code   118  tasks.o(.text)
    vTaskSuspend                             0x0800d93d   Thumb Code   224  tasks.o(.text)
    vTaskResume                              0x0800da6d   Thumb Code   236  tasks.o(.text)
    xTaskResumeFromISR                       0x0800db59   Thumb Code   218  tasks.o(.text)
    vTaskStartScheduler                      0x0800dc8f   Thumb Code   122  tasks.o(.text)
    vTaskEndScheduler                        0x0800dd09   Thumb Code    32  tasks.o(.text)
    xTaskGetTickCount                        0x0800dd29   Thumb Code     6  tasks.o(.text)
    xTaskGetTickCountFromISR                 0x0800dd2f   Thumb Code    16  tasks.o(.text)
    uxTaskGetNumberOfTasks                   0x0800dd3f   Thumb Code     6  tasks.o(.text)
    pcTaskGetName                            0x0800dd45   Thumb Code    44  tasks.o(.text)
    vTaskGetInfo                             0x0800dd87   Thumb Code   126  tasks.o(.text)
    uxTaskGetSystemState                     0x0800de6f   Thumb Code   238  tasks.o(.text)
    xTaskCatchUpTicks                        0x0800df5d   Thumb Code    64  tasks.o(.text)
    vTaskPlaceOnEventList                    0x0800df9d   Thumb Code    52  tasks.o(.text)
    vTaskPlaceOnUnorderedEventList           0x0800dfd1   Thumb Code   134  tasks.o(.text)
    vTaskPlaceOnEventListRestricted          0x0800e057   Thumb Code    94  tasks.o(.text)
    xTaskRemoveFromEventList                 0x0800e0b5   Thumb Code   264  tasks.o(.text)
    vTaskRemoveFromUnorderedEventList        0x0800e1bd   Thumb Code   250  tasks.o(.text)
    vTaskSetTimeOutState                     0x0800e2b7   Thumb Code    50  tasks.o(.text)
    vTaskInternalSetTimeOutState             0x0800e2e9   Thumb Code    14  tasks.o(.text)
    xTaskCheckForTimeOut                     0x0800e2f7   Thumb Code   174  tasks.o(.text)
    vTaskMissedYield                         0x0800e3a5   Thumb Code     8  tasks.o(.text)
    uxTaskGetTaskNumber                      0x0800e3ad   Thumb Code    14  tasks.o(.text)
    vTaskSetTaskNumber                       0x0800e3bb   Thumb Code     8  tasks.o(.text)
    xTaskGetCurrentTaskHandle                0x0800e3c3   Thumb Code     6  tasks.o(.text)
    xTaskGetSchedulerState                   0x0800e3c9   Thumb Code    24  tasks.o(.text)
    xTaskPriorityInherit                     0x0800e3e1   Thumb Code   224  tasks.o(.text)
    xTaskPriorityDisinherit                  0x0800e4c1   Thumb Code   226  tasks.o(.text)
    vTaskPriorityDisinheritAfterTimeout      0x0800e5a3   Thumb Code   268  tasks.o(.text)
    uxTaskResetEventItemValue                0x0800e6af   Thumb Code    24  tasks.o(.text)
    pvTaskIncrementMutexHeldCount            0x0800e6c7   Thumb Code    26  tasks.o(.text)
    ulTaskGenericNotifyTake                  0x0800e6e1   Thumb Code   192  tasks.o(.text)
    xTaskGenericNotifyWait                   0x0800e7a1   Thumb Code   196  tasks.o(.text)
    xTaskGenericNotify                       0x0800e865   Thumb Code   442  tasks.o(.text)
    xTaskGenericNotifyFromISR                0x0800ea1f   Thumb Code   550  tasks.o(.text)
    vTaskGenericNotifyGiveFromISR            0x0800ec45   Thumb Code   372  tasks.o(.text)
    xTaskGenericNotifyStateClear             0x0800edb9   Thumb Code    90  tasks.o(.text)
    ulTaskGenericNotifyValueClear            0x0800ee13   Thumb Code    58  tasks.o(.text)
    xTimerCreateTimerTask                    0x0800f181   Thumb Code    66  timers.o(.text)
    xTimerCreate                             0x0800f21b   Thumb Code    54  timers.o(.text)
    xTimerGenericCommand                     0x0800f251   Thumb Code   178  timers.o(.text)
    xTimerGetTimerDaemonTaskHandle           0x0800f303   Thumb Code    42  timers.o(.text)
    xTimerGetPeriod                          0x0800f32d   Thumb Code    32  timers.o(.text)
    vTimerSetReloadMode                      0x0800f34d   Thumb Code    70  timers.o(.text)
    uxTimerGetReloadMode                     0x0800f393   Thumb Code    58  timers.o(.text)
    xTimerGetExpiryTime                      0x0800f3cd   Thumb Code    34  timers.o(.text)
    pcTimerGetName                           0x0800f3ef   Thumb Code    32  timers.o(.text)
    xTimerIsTimerActive                      0x0800f40f   Thumb Code    58  timers.o(.text)
    pvTimerGetTimerID                        0x0800f449   Thumb Code    44  timers.o(.text)
    vTimerSetTimerID                         0x0800f475   Thumb Code    44  timers.o(.text)
    uxTimerGetTimerNumber                    0x0800f4a1   Thumb Code     6  timers.o(.text)
    vTimerSetTimerNumber                     0x0800f4a7   Thumb Code     4  timers.o(.text)
    pxPortInitialiseStack                    0x0800f4f1   Thumb Code    38  port.o(.text)
    vPortSetupTimerInterrupt                 0x0800f517   Thumb Code    36  port.o(.text)
    xPortStartScheduler                      0x0800f53b   Thumb Code   330  port.o(.text)
    vPortEndScheduler                        0x0800f685   Thumb Code    42  port.o(.text)
    vPortEnterCritical                       0x0800f6af   Thumb Code    78  port.o(.text)
    vPortExitCritical                        0x0800f6fd   Thumb Code    56  port.o(.text)
    xPortSysTickHandler                      0x0800f735   Thumb Code    48  port.o(.text)
    vPortValidateInterruptPriority           0x0800f765   Thumb Code   108  port.o(.text)
    pvPortMalloc                             0x0800f8b7   Thumb Code   338  heap_4.o(.text)
    vPortFree                                0x0800fa09   Thumb Code   150  heap_4.o(.text)
    xPortGetFreeHeapSize                     0x0800fa9f   Thumb Code     6  heap_4.o(.text)
    xPortGetMinimumEverFreeHeapSize          0x0800faa5   Thumb Code     6  heap_4.o(.text)
    vPortInitialiseBlocks                    0x0800faab   Thumb Code     2  heap_4.o(.text)
    vPortGetHeapStats                        0x0800faad   Thumb Code   104  heap_4.o(.text)
    NVIC_PriorityGroupConfig                 0x0800fb35   Thumb Code    10  misc.o(.text)
    NVIC_Init                                0x0800fb3f   Thumb Code   106  misc.o(.text)
    NVIC_SetVectorTable                      0x0800fba9   Thumb Code    14  misc.o(.text)
    NVIC_SystemLPConfig                      0x0800fbb7   Thumb Code    34  misc.o(.text)
    SysTick_CLKSourceConfig                  0x0800fbd9   Thumb Code    40  misc.o(.text)
    FSMC_NORSRAMDeInit                       0x0800fc15   Thumb Code    54  stm32f4xx_fsmc.o(.text)
    FSMC_NORSRAMInit                         0x0800fc4b   Thumb Code   230  stm32f4xx_fsmc.o(.text)
    FSMC_NORSRAMStructInit                   0x0800fd31   Thumb Code    48  stm32f4xx_fsmc.o(.text)
    FSMC_NORSRAMCmd                          0x0800fd61   Thumb Code    46  stm32f4xx_fsmc.o(.text)
    FSMC_NANDDeInit                          0x0800fd8f   Thumb Code    62  stm32f4xx_fsmc.o(.text)
    FSMC_NANDInit                            0x0800fdcd   Thumb Code   132  stm32f4xx_fsmc.o(.text)
    FSMC_NANDStructInit                      0x0800fe51   Thumb Code    54  stm32f4xx_fsmc.o(.text)
    FSMC_NANDCmd                             0x0800fe87   Thumb Code    86  stm32f4xx_fsmc.o(.text)
    FSMC_NANDECCCmd                          0x0800fedd   Thumb Code    86  stm32f4xx_fsmc.o(.text)
    FSMC_GetECC                              0x0800ff33   Thumb Code    24  stm32f4xx_fsmc.o(.text)
    FSMC_PCCARDDeInit                        0x0800ff4b   Thumb Code    36  stm32f4xx_fsmc.o(.text)
    FSMC_PCCARDInit                          0x0800ff6f   Thumb Code   130  stm32f4xx_fsmc.o(.text)
    FSMC_PCCARDStructInit                    0x0800fff1   Thumb Code    60  stm32f4xx_fsmc.o(.text)
    FSMC_PCCARDCmd                           0x0801002d   Thumb Code    44  stm32f4xx_fsmc.o(.text)
    FSMC_ITConfig                            0x08010059   Thumb Code   128  stm32f4xx_fsmc.o(.text)
    FSMC_GetFlagStatus                       0x080100d9   Thumb Code    54  stm32f4xx_fsmc.o(.text)
    FSMC_ClearFlag                           0x0801010f   Thumb Code    74  stm32f4xx_fsmc.o(.text)
    FSMC_GetITStatus                         0x08010159   Thumb Code    62  stm32f4xx_fsmc.o(.text)
    FSMC_ClearITPendingBit                   0x08010197   Thumb Code    66  stm32f4xx_fsmc.o(.text)
    GPIO_DeInit                              0x080101dd   Thumb Code   268  stm32f4xx_gpio.o(.text)
    GPIO_Init                                0x080102e9   Thumb Code   144  stm32f4xx_gpio.o(.text)
    GPIO_StructInit                          0x08010379   Thumb Code    18  stm32f4xx_gpio.o(.text)
    GPIO_PinLockConfig                       0x0801038b   Thumb Code    34  stm32f4xx_gpio.o(.text)
    GPIO_ReadInputDataBit                    0x080103ad   Thumb Code    18  stm32f4xx_gpio.o(.text)
    GPIO_ReadInputData                       0x080103bf   Thumb Code     8  stm32f4xx_gpio.o(.text)
    GPIO_ReadOutputDataBit                   0x080103c7   Thumb Code    18  stm32f4xx_gpio.o(.text)
    GPIO_ReadOutputData                      0x080103d9   Thumb Code     8  stm32f4xx_gpio.o(.text)
    GPIO_SetBits                             0x080103e1   Thumb Code     4  stm32f4xx_gpio.o(.text)
    GPIO_ResetBits                           0x080103e5   Thumb Code     4  stm32f4xx_gpio.o(.text)
    GPIO_WriteBit                            0x080103e9   Thumb Code    10  stm32f4xx_gpio.o(.text)
    GPIO_Write                               0x080103f3   Thumb Code     4  stm32f4xx_gpio.o(.text)
    GPIO_ToggleBits                          0x080103f7   Thumb Code     8  stm32f4xx_gpio.o(.text)
    GPIO_PinAFConfig                         0x080103ff   Thumb Code    70  stm32f4xx_gpio.o(.text)
    RCC_DeInit                               0x08010471   Thumb Code    82  stm32f4xx_rcc.o(.text)
    RCC_HSEConfig                            0x080104c3   Thumb Code    14  stm32f4xx_rcc.o(.text)
    RCC_GetFlagStatus                        0x080104d1   Thumb Code    60  stm32f4xx_rcc.o(.text)
    RCC_WaitForHSEStartUp                    0x0801050d   Thumb Code    56  stm32f4xx_rcc.o(.text)
    RCC_AdjustHSICalibrationValue            0x08010545   Thumb Code    20  stm32f4xx_rcc.o(.text)
    RCC_HSICmd                               0x08010559   Thumb Code     6  stm32f4xx_rcc.o(.text)
    RCC_LSEConfig                            0x0801055f   Thumb Code    46  stm32f4xx_rcc.o(.text)
    RCC_LSICmd                               0x0801058d   Thumb Code     6  stm32f4xx_rcc.o(.text)
    RCC_PLLConfig                            0x08010593   Thumb Code    32  stm32f4xx_rcc.o(.text)
    RCC_PLLCmd                               0x080105b3   Thumb Code     6  stm32f4xx_rcc.o(.text)
    RCC_PLLI2SConfig                         0x080105b9   Thumb Code    14  stm32f4xx_rcc.o(.text)
    RCC_PLLI2SCmd                            0x080105c7   Thumb Code     6  stm32f4xx_rcc.o(.text)
    RCC_PLLSAIConfig                         0x080105cd   Thumb Code    20  stm32f4xx_rcc.o(.text)
    RCC_PLLSAICmd                            0x080105e1   Thumb Code     6  stm32f4xx_rcc.o(.text)
    RCC_ClockSecuritySystemCmd               0x080105e7   Thumb Code     6  stm32f4xx_rcc.o(.text)
    RCC_MCO1Config                           0x080105ed   Thumb Code    28  stm32f4xx_rcc.o(.text)
    RCC_MCO2Config                           0x08010609   Thumb Code    28  stm32f4xx_rcc.o(.text)
    RCC_SYSCLKConfig                         0x08010625   Thumb Code    20  stm32f4xx_rcc.o(.text)
    RCC_GetSYSCLKSource                      0x08010639   Thumb Code    12  stm32f4xx_rcc.o(.text)
    RCC_HCLKConfig                           0x08010645   Thumb Code    20  stm32f4xx_rcc.o(.text)
    RCC_PCLK1Config                          0x08010659   Thumb Code    20  stm32f4xx_rcc.o(.text)
    RCC_PCLK2Config                          0x0801066d   Thumb Code    22  stm32f4xx_rcc.o(.text)
    RCC_GetClocksFreq                        0x08010683   Thumb Code   222  stm32f4xx_rcc.o(.text)
    RCC_RTCCLKConfig                         0x08010761   Thumb Code    54  stm32f4xx_rcc.o(.text)
    RCC_RTCCLKCmd                            0x08010797   Thumb Code     8  stm32f4xx_rcc.o(.text)
    RCC_BackupResetCmd                       0x0801079f   Thumb Code     8  stm32f4xx_rcc.o(.text)
    RCC_I2SCLKConfig                         0x080107a7   Thumb Code     6  stm32f4xx_rcc.o(.text)
    RCC_SAIPLLI2SClkDivConfig                0x080107ad   Thumb Code    26  stm32f4xx_rcc.o(.text)
    RCC_SAIPLLSAIClkDivConfig                0x080107c7   Thumb Code    28  stm32f4xx_rcc.o(.text)
    RCC_SAIBlockACLKConfig                   0x080107e3   Thumb Code    20  stm32f4xx_rcc.o(.text)
    RCC_SAIBlockBCLKConfig                   0x080107f7   Thumb Code    20  stm32f4xx_rcc.o(.text)
    RCC_LTDCCLKDivConfig                     0x0801080b   Thumb Code    20  stm32f4xx_rcc.o(.text)
    RCC_TIMCLKPresConfig                     0x0801081f   Thumb Code     6  stm32f4xx_rcc.o(.text)
    RCC_AHB1PeriphClockCmd                   0x08010825   Thumb Code    34  stm32f4xx_rcc.o(.text)
    RCC_AHB2PeriphClockCmd                   0x08010847   Thumb Code    78  stm32f4xx_rcc.o(.text)
    RCC_AHB3PeriphClockCmd                   0x08010895   Thumb Code    34  stm32f4xx_rcc.o(.text)
    RCC_APB1PeriphClockCmd                   0x080108b7   Thumb Code    34  stm32f4xx_rcc.o(.text)
    RCC_APB2PeriphClockCmd                   0x080108d9   Thumb Code    34  stm32f4xx_rcc.o(.text)
    RCC_AHB1PeriphResetCmd                   0x080108fb   Thumb Code    34  stm32f4xx_rcc.o(.text)
    RCC_AHB2PeriphResetCmd                   0x0801091d   Thumb Code    34  stm32f4xx_rcc.o(.text)
    RCC_AHB3PeriphResetCmd                   0x0801093f   Thumb Code    34  stm32f4xx_rcc.o(.text)
    RCC_APB1PeriphResetCmd                   0x08010961   Thumb Code    34  stm32f4xx_rcc.o(.text)
    RCC_APB2PeriphResetCmd                   0x08010983   Thumb Code    34  stm32f4xx_rcc.o(.text)
    RCC_AHB1PeriphClockLPModeCmd             0x080109a5   Thumb Code    34  stm32f4xx_rcc.o(.text)
    RCC_AHB2PeriphClockLPModeCmd             0x080109c7   Thumb Code    34  stm32f4xx_rcc.o(.text)
    RCC_AHB3PeriphClockLPModeCmd             0x080109e9   Thumb Code    34  stm32f4xx_rcc.o(.text)
    RCC_APB1PeriphClockLPModeCmd             0x08010a0b   Thumb Code    34  stm32f4xx_rcc.o(.text)
    RCC_APB2PeriphClockLPModeCmd             0x08010a2d   Thumb Code    34  stm32f4xx_rcc.o(.text)
    RCC_LSEModeConfig                        0x08010a4f   Thumb Code    40  stm32f4xx_rcc.o(.text)
    RCC_ITConfig                             0x08010a77   Thumb Code    34  stm32f4xx_rcc.o(.text)
    RCC_ClearFlag                            0x08010a99   Thumb Code    18  stm32f4xx_rcc.o(.text)
    RCC_GetITStatus                          0x08010aab   Thumb Code    22  stm32f4xx_rcc.o(.text)
    RCC_ClearITPendingBit                    0x08010ac1   Thumb Code     8  stm32f4xx_rcc.o(.text)
    TIM_DeInit                               0x08010acd   Thumb Code   346  stm32f4xx_tim.o(.text)
    TIM_TimeBaseInit                         0x08010c27   Thumb Code   104  stm32f4xx_tim.o(.text)
    TIM_TimeBaseStructInit                   0x08010c8f   Thumb Code    18  stm32f4xx_tim.o(.text)
    TIM_PrescalerConfig                      0x08010ca1   Thumb Code     6  stm32f4xx_tim.o(.text)
    TIM_CounterModeConfig                    0x08010ca7   Thumb Code    18  stm32f4xx_tim.o(.text)
    TIM_SetCounter                           0x08010cb9   Thumb Code     4  stm32f4xx_tim.o(.text)
    TIM_SetAutoreload                        0x08010cbd   Thumb Code     4  stm32f4xx_tim.o(.text)
    TIM_GetCounter                           0x08010cc1   Thumb Code     6  stm32f4xx_tim.o(.text)
    TIM_GetPrescaler                         0x08010cc7   Thumb Code     6  stm32f4xx_tim.o(.text)
    TIM_UpdateDisableConfig                  0x08010ccd   Thumb Code    24  stm32f4xx_tim.o(.text)
    TIM_UpdateRequestConfig                  0x08010ce5   Thumb Code    24  stm32f4xx_tim.o(.text)
    TIM_ARRPreloadConfig                     0x08010cfd   Thumb Code    24  stm32f4xx_tim.o(.text)
    TIM_SelectOnePulseMode                   0x08010d15   Thumb Code    18  stm32f4xx_tim.o(.text)
    TIM_SetClockDivision                     0x08010d27   Thumb Code    18  stm32f4xx_tim.o(.text)
    TIM_Cmd                                  0x08010d39   Thumb Code    24  stm32f4xx_tim.o(.text)
    TIM_OC1Init                              0x08010d51   Thumb Code   114  stm32f4xx_tim.o(.text)
    TIM_OC2Init                              0x08010dc3   Thumb Code   154  stm32f4xx_tim.o(.text)
    TIM_OC3Init                              0x08010e5d   Thumb Code   204  stm32f4xx_tim.o(.text)
    TIM_OC4Init                              0x08010f29   Thumb Code   112  stm32f4xx_tim.o(.text)
    TIM_OCStructInit                         0x08010f99   Thumb Code    20  stm32f4xx_tim.o(.text)
    TIM_SelectOCxM                           0x08010fad   Thumb Code    86  stm32f4xx_tim.o(.text)
    TIM_SetCompare1                          0x08011003   Thumb Code     4  stm32f4xx_tim.o(.text)
    TIM_SetCompare2                          0x08011007   Thumb Code     4  stm32f4xx_tim.o(.text)
    TIM_SetCompare3                          0x0801100b   Thumb Code     4  stm32f4xx_tim.o(.text)
    TIM_SetCompare4                          0x0801100f   Thumb Code     4  stm32f4xx_tim.o(.text)
    TIM_ForcedOC1Config                      0x08011013   Thumb Code    18  stm32f4xx_tim.o(.text)
    TIM_ForcedOC2Config                      0x08011025   Thumb Code    26  stm32f4xx_tim.o(.text)
    TIM_ForcedOC3Config                      0x0801103f   Thumb Code    18  stm32f4xx_tim.o(.text)
    TIM_ForcedOC4Config                      0x08011051   Thumb Code    26  stm32f4xx_tim.o(.text)
    TIM_OC1PreloadConfig                     0x0801106b   Thumb Code    18  stm32f4xx_tim.o(.text)
    TIM_OC2PreloadConfig                     0x0801107d   Thumb Code    26  stm32f4xx_tim.o(.text)
    TIM_OC3PreloadConfig                     0x08011097   Thumb Code    18  stm32f4xx_tim.o(.text)
    TIM_OC4PreloadConfig                     0x080110a9   Thumb Code    26  stm32f4xx_tim.o(.text)
    TIM_OC1FastConfig                        0x080110c3   Thumb Code    18  stm32f4xx_tim.o(.text)
    TIM_OC2FastConfig                        0x080110d5   Thumb Code    26  stm32f4xx_tim.o(.text)
    TIM_OC3FastConfig                        0x080110ef   Thumb Code    18  stm32f4xx_tim.o(.text)
    TIM_OC4FastConfig                        0x08011101   Thumb Code    26  stm32f4xx_tim.o(.text)
    TIM_ClearOC1Ref                          0x0801111b   Thumb Code    18  stm32f4xx_tim.o(.text)
    TIM_ClearOC2Ref                          0x0801112d   Thumb Code    24  stm32f4xx_tim.o(.text)
    TIM_ClearOC3Ref                          0x08011145   Thumb Code    18  stm32f4xx_tim.o(.text)
    TIM_ClearOC4Ref                          0x08011157   Thumb Code    24  stm32f4xx_tim.o(.text)
    TIM_OC1PolarityConfig                    0x0801116f   Thumb Code    18  stm32f4xx_tim.o(.text)
    TIM_OC1NPolarityConfig                   0x08011181   Thumb Code    18  stm32f4xx_tim.o(.text)
    TIM_OC2PolarityConfig                    0x08011193   Thumb Code    26  stm32f4xx_tim.o(.text)
    TIM_OC2NPolarityConfig                   0x080111ad   Thumb Code    26  stm32f4xx_tim.o(.text)
    TIM_OC3PolarityConfig                    0x080111c7   Thumb Code    26  stm32f4xx_tim.o(.text)
    TIM_OC3NPolarityConfig                   0x080111e1   Thumb Code    26  stm32f4xx_tim.o(.text)
    TIM_OC4PolarityConfig                    0x080111fb   Thumb Code    26  stm32f4xx_tim.o(.text)
    TIM_CCxCmd                               0x08011215   Thumb Code    30  stm32f4xx_tim.o(.text)
    TIM_CCxNCmd                              0x08011233   Thumb Code    30  stm32f4xx_tim.o(.text)
    TIM_SetIC4Prescaler                      0x08011251   Thumb Code    26  stm32f4xx_tim.o(.text)
    TIM_SetIC3Prescaler                      0x080112bb   Thumb Code    18  stm32f4xx_tim.o(.text)
    TIM_SetIC2Prescaler                      0x08011315   Thumb Code    26  stm32f4xx_tim.o(.text)
    TIM_SetIC1Prescaler                      0x08011389   Thumb Code    18  stm32f4xx_tim.o(.text)
    TIM_ICInit                               0x080113d5   Thumb Code   110  stm32f4xx_tim.o(.text)
    TIM_ICStructInit                         0x08011443   Thumb Code    18  stm32f4xx_tim.o(.text)
    TIM_PWMIConfig                           0x08011455   Thumb Code   124  stm32f4xx_tim.o(.text)
    TIM_GetCapture1                          0x080114d1   Thumb Code     6  stm32f4xx_tim.o(.text)
    TIM_GetCapture2                          0x080114d7   Thumb Code     6  stm32f4xx_tim.o(.text)
    TIM_GetCapture3                          0x080114dd   Thumb Code     6  stm32f4xx_tim.o(.text)
    TIM_GetCapture4                          0x080114e3   Thumb Code     6  stm32f4xx_tim.o(.text)
    TIM_BDTRConfig                           0x080114e9   Thumb Code    32  stm32f4xx_tim.o(.text)
    TIM_BDTRStructInit                       0x08011509   Thumb Code    18  stm32f4xx_tim.o(.text)
    TIM_CtrlPWMOutputs                       0x0801151b   Thumb Code    30  stm32f4xx_tim.o(.text)
    TIM_SelectCOM                            0x08011539   Thumb Code    24  stm32f4xx_tim.o(.text)
    TIM_CCPreloadControl                     0x08011551   Thumb Code    24  stm32f4xx_tim.o(.text)
    TIM_ITConfig                             0x08011569   Thumb Code    18  stm32f4xx_tim.o(.text)
    TIM_GenerateEvent                        0x0801157b   Thumb Code     4  stm32f4xx_tim.o(.text)
    TIM_GetFlagStatus                        0x0801157f   Thumb Code    18  stm32f4xx_tim.o(.text)
    TIM_ClearFlag                            0x08011591   Thumb Code     6  stm32f4xx_tim.o(.text)
    TIM_GetITStatus                          0x08011597   Thumb Code    34  stm32f4xx_tim.o(.text)
    TIM_ClearITPendingBit                    0x080115b9   Thumb Code     6  stm32f4xx_tim.o(.text)
    TIM_DMAConfig                            0x080115bf   Thumb Code    10  stm32f4xx_tim.o(.text)
    TIM_DMACmd                               0x080115c9   Thumb Code    18  stm32f4xx_tim.o(.text)
    TIM_SelectCCDMA                          0x080115db   Thumb Code    24  stm32f4xx_tim.o(.text)
    TIM_InternalClockConfig                  0x080115f3   Thumb Code    12  stm32f4xx_tim.o(.text)
    TIM_SelectInputTrigger                   0x080115ff   Thumb Code    18  stm32f4xx_tim.o(.text)
    TIM_ITRxExternalClockConfig              0x08011611   Thumb Code    24  stm32f4xx_tim.o(.text)
    TIM_TIxExternalClockConfig               0x08011629   Thumb Code    62  stm32f4xx_tim.o(.text)
    TIM_ETRConfig                            0x08011667   Thumb Code    28  stm32f4xx_tim.o(.text)
    TIM_ETRClockMode1Config                  0x08011683   Thumb Code    54  stm32f4xx_tim.o(.text)
    TIM_ETRClockMode2Config                  0x080116b9   Thumb Code    32  stm32f4xx_tim.o(.text)
    TIM_SelectOutputTrigger                  0x080116d9   Thumb Code    18  stm32f4xx_tim.o(.text)
    TIM_SelectSlaveMode                      0x080116eb   Thumb Code    18  stm32f4xx_tim.o(.text)
    TIM_SelectMasterSlaveMode                0x080116fd   Thumb Code    18  stm32f4xx_tim.o(.text)
    TIM_EncoderInterfaceConfig               0x0801170f   Thumb Code    66  stm32f4xx_tim.o(.text)
    TIM_SelectHallSensor                     0x08011751   Thumb Code    24  stm32f4xx_tim.o(.text)
    TIM_RemapConfig                          0x08011769   Thumb Code     6  stm32f4xx_tim.o(.text)
    USART_DeInit                             0x08011771   Thumb Code   206  stm32f4xx_usart.o(.text)
    USART_Init                               0x0801183f   Thumb Code   204  stm32f4xx_usart.o(.text)
    USART_StructInit                         0x0801190b   Thumb Code    24  stm32f4xx_usart.o(.text)
    USART_ClockInit                          0x08011923   Thumb Code    32  stm32f4xx_usart.o(.text)
    USART_ClockStructInit                    0x08011943   Thumb Code    12  stm32f4xx_usart.o(.text)
    USART_Cmd                                0x0801194f   Thumb Code    24  stm32f4xx_usart.o(.text)
    USART_SetPrescaler                       0x08011967   Thumb Code    16  stm32f4xx_usart.o(.text)
    USART_OverSampling8Cmd                   0x08011977   Thumb Code    22  stm32f4xx_usart.o(.text)
    USART_OneBitMethodCmd                    0x0801198d   Thumb Code    24  stm32f4xx_usart.o(.text)
    USART_SendData                           0x080119a5   Thumb Code     8  stm32f4xx_usart.o(.text)
    USART_ReceiveData                        0x080119ad   Thumb Code    10  stm32f4xx_usart.o(.text)
    USART_SetAddress                         0x080119b7   Thumb Code    18  stm32f4xx_usart.o(.text)
    USART_ReceiverWakeUpCmd                  0x080119c9   Thumb Code    24  stm32f4xx_usart.o(.text)
    USART_WakeUpConfig                       0x080119e1   Thumb Code    18  stm32f4xx_usart.o(.text)
    USART_LINBreakDetectLengthConfig         0x080119f3   Thumb Code    18  stm32f4xx_usart.o(.text)
    USART_LINCmd                             0x08011a05   Thumb Code    24  stm32f4xx_usart.o(.text)
    USART_SendBreak                          0x08011a1d   Thumb Code    10  stm32f4xx_usart.o(.text)
    USART_HalfDuplexCmd                      0x08011a27   Thumb Code    24  stm32f4xx_usart.o(.text)
    USART_SetGuardTime                       0x08011a3f   Thumb Code    16  stm32f4xx_usart.o(.text)
    USART_SmartCardCmd                       0x08011a4f   Thumb Code    24  stm32f4xx_usart.o(.text)
    USART_SmartCardNACKCmd                   0x08011a67   Thumb Code    24  stm32f4xx_usart.o(.text)
    USART_IrDAConfig                         0x08011a7f   Thumb Code    18  stm32f4xx_usart.o(.text)
    USART_IrDACmd                            0x08011a91   Thumb Code    24  stm32f4xx_usart.o(.text)
    USART_DMACmd                             0x08011aa9   Thumb Code    18  stm32f4xx_usart.o(.text)
    USART_ITConfig                           0x08011abb   Thumb Code    74  stm32f4xx_usart.o(.text)
    USART_GetFlagStatus                      0x08011b05   Thumb Code    26  stm32f4xx_usart.o(.text)
    USART_ClearFlag                          0x08011b1f   Thumb Code    18  stm32f4xx_usart.o(.text)
    USART_GetITStatus                        0x08011b31   Thumb Code   118  stm32f4xx_usart.o(.text)
    USART_ClearITPendingBit                  0x08011ba7   Thumb Code    30  stm32f4xx_usart.o(.text)
    SysTick_Handler                          0x08011bc5   Thumb Code    16  delay.o(.text)
    delay_init                               0x08011bd5   Thumb Code    58  delay.o(.text)
    delay_us                                 0x08011c0f   Thumb Code    68  delay.o(.text)
    delay_ms                                 0x08011c53   Thumb Code    60  delay.o(.text)
    delay_xms                                0x08011c8f   Thumb Code    24  delay.o(.text)
    _sys_exit                                0x08011cb1   Thumb Code     4  usart_1.o(.text)
    fputc                                    0x08011cb5   Thumb Code    22  usart_1.o(.text)
    uart_init                                0x08011ccb   Thumb Code   164  usart_1.o(.text)
    USART1_IRQHandler                        0x08011d6f   Thumb Code   122  usart_1.o(.text)
    __aeabi_memcpy                           0x08011df9   Thumb Code    36  memcpya.o(.text)
    __aeabi_memcpy4                          0x08011df9   Thumb Code     0  memcpya.o(.text)
    __aeabi_memcpy8                          0x08011df9   Thumb Code     0  memcpya.o(.text)
    __aeabi_memset                           0x08011e1d   Thumb Code    14  memseta.o(.text)
    __aeabi_memset4                          0x08011e1d   Thumb Code     0  memseta.o(.text)
    __aeabi_memset8                          0x08011e1d   Thumb Code     0  memseta.o(.text)
    __aeabi_memclr                           0x08011e2b   Thumb Code     4  memseta.o(.text)
    __aeabi_memclr4                          0x08011e2b   Thumb Code     0  memseta.o(.text)
    __aeabi_memclr8                          0x08011e2b   Thumb Code     0  memseta.o(.text)
    memset                                   0x08011e2f   Thumb Code    18  memseta.o(.text)
    strstr                                   0x08011e41   Thumb Code    36  strstr.o(.text)
    strchr                                   0x08011e65   Thumb Code    20  strchr.o(.text)
    strlen                                   0x08011e79   Thumb Code    14  strlen.o(.text)
    strcmp                                   0x08011e87   Thumb Code    28  strcmp.o(.text)
    strncat                                  0x08011ea3   Thumb Code    40  strncat.o(.text)
    strcpy                                   0x08011ecb   Thumb Code    18  strcpy.o(.text)
    atoi                                     0x08011edd   Thumb Code    26  atoi.o(.text)
    __aeabi_dadd                             0x08011ef7   Thumb Code   322  dadd.o(.text)
    __aeabi_dsub                             0x08012039   Thumb Code     6  dadd.o(.text)
    __aeabi_drsub                            0x0801203f   Thumb Code     6  dadd.o(.text)
    __aeabi_dmul                             0x08012045   Thumb Code   228  dmul.o(.text)
    __aeabi_i2d                              0x08012129   Thumb Code    34  dflti.o(.text)
    __aeabi_ui2d                             0x0801214b   Thumb Code    26  dfltui.o(.text)
    __aeabi_d2uiz                            0x08012165   Thumb Code    50  dfixui.o(.text)
    __aeabi_f2d                              0x08012197   Thumb Code    38  f2d.o(.text)
    __aeabi_cdcmpeq                          0x080121bd   Thumb Code     0  cdcmple.o(.text)
    __aeabi_cdcmple                          0x080121bd   Thumb Code    48  cdcmple.o(.text)
    __aeabi_cdrcmple                         0x080121ed   Thumb Code    48  cdrcmple.o(.text)
    __aeabi_uidiv                            0x0801221d   Thumb Code     0  uidiv.o(.text)
    __aeabi_uidivmod                         0x0801221d   Thumb Code    44  uidiv.o(.text)
    __aeabi_uldivmod                         0x08012249   Thumb Code    98  uldiv.o(.text)
    __aeabi_llsl                             0x080122ab   Thumb Code    30  llshl.o(.text)
    _ll_shift_l                              0x080122ab   Thumb Code     0  llshl.o(.text)
    __aeabi_llsr                             0x080122c9   Thumb Code    32  llushr.o(.text)
    _ll_ushift_r                             0x080122c9   Thumb Code     0  llushr.o(.text)
    __aeabi_lasr                             0x080122e9   Thumb Code    36  llsshr.o(.text)
    _ll_sshift_r                             0x080122e9   Thumb Code     0  llsshr.o(.text)
    strtol                                   0x0801230d   Thumb Code   112  strtol.o(.text)
    __I$use$fp                               0x0801237d   Thumb Code     0  iusefp.o(.text)
    _double_round                            0x0801237d   Thumb Code    30  depilogue.o(.text)
    _double_epilogue                         0x0801239b   Thumb Code   156  depilogue.o(.text)
    __aeabi_ddiv                             0x08012437   Thumb Code   222  ddiv.o(.text)
    _dsqrt                                   0x08012515   Thumb Code   162  dsqrt.o(.text)
    __aeabi_d2ulz                            0x080125b7   Thumb Code    48  dfixul.o(.text)
    __scatterload                            0x080125e9   Thumb Code    28  init.o(.text)
    __scatterload_rt2                        0x080125e9   Thumb Code     0  init.o(.text)
    __rt_ctype_table                         0x0801260d   Thumb Code     4  ctype_o.o(.text)
    _strtoul                                 0x08012615   Thumb Code   158  _strtoul.o(.text)
    _chval                                   0x080126b3   Thumb Code    28  _chval.o(.text)
    __decompress                             0x080126cf   Thumb Code     0  __dczerorl2.o(.text)
    __decompress1                            0x080126cf   Thumb Code    86  __dczerorl2.o(.text)
    __0printf                                0x08012725   Thumb Code    22  printfa.o(i.__0printf)
    __1printf                                0x08012725   Thumb Code     0  printfa.o(i.__0printf)
    __2printf                                0x08012725   Thumb Code     0  printfa.o(i.__0printf)
    __c89printf                              0x08012725   Thumb Code     0  printfa.o(i.__0printf)
    printf                                   0x08012725   Thumb Code     0  printfa.o(i.__0printf)
    __0sprintf                               0x08012745   Thumb Code    34  printfa.o(i.__0sprintf)
    __1sprintf                               0x08012745   Thumb Code     0  printfa.o(i.__0sprintf)
    __2sprintf                               0x08012745   Thumb Code     0  printfa.o(i.__0sprintf)
    __c89sprintf                             0x08012745   Thumb Code     0  printfa.o(i.__0sprintf)
    sprintf                                  0x08012745   Thumb Code     0  printfa.o(i.__0sprintf)
    __0vsnprintf                             0x0801276d   Thumb Code    46  printfa.o(i.__0vsnprintf)
    __1vsnprintf                             0x0801276d   Thumb Code     0  printfa.o(i.__0vsnprintf)
    __2vsnprintf                             0x0801276d   Thumb Code     0  printfa.o(i.__0vsnprintf)
    __c89vsnprintf                           0x0801276d   Thumb Code     0  printfa.o(i.__0vsnprintf)
    vsnprintf                                0x0801276d   Thumb Code     0  printfa.o(i.__0vsnprintf)
    __0vsprintf                              0x080127a1   Thumb Code    30  printfa.o(i.__0vsprintf)
    __1vsprintf                              0x080127a1   Thumb Code     0  printfa.o(i.__0vsprintf)
    __2vsprintf                              0x080127a1   Thumb Code     0  printfa.o(i.__0vsprintf)
    __c89vsprintf                            0x080127a1   Thumb Code     0  printfa.o(i.__0vsprintf)
    vsprintf                                 0x080127a1   Thumb Code     0  printfa.o(i.__0vsprintf)
    __aeabi_errno_addr                       0x080127c5   Thumb Code     4  errno.o(i.__aeabi_errno_addr)
    __rt_errno_addr                          0x080127c5   Thumb Code     0  errno.o(i.__aeabi_errno_addr)
    __hardfp_sqrt                            0x080127cd   Thumb Code   122  sqrt.o(i.__hardfp_sqrt)
    __scatterload_copy                       0x08012847   Thumb Code    14  handlers.o(i.__scatterload_copy)
    __scatterload_null                       0x08012855   Thumb Code     2  handlers.o(i.__scatterload_null)
    __scatterload_zeroinit                   0x08012857   Thumb Code    14  handlers.o(i.__scatterload_zeroinit)
    __set_errno                              0x08012865   Thumb Code     6  errno.o(i.__set_errno)
    free                                     0x0801311d   Thumb Code    76  malloc.o(i.free)
    malloc                                   0x0801316d   Thumb Code    92  malloc.o(i.malloc)
    asc2_1206                                0x080131d8   Data        1140  lcd.o(.constdata)
    asc2_1608                                0x0801364c   Data        1520  lcd.o(.constdata)
    asc2_2412                                0x08013c3c   Data        3420  lcd.o(.constdata)
    chinese_one_1616                         0x08014998   Data         192  lcd.o(.constdata)
    chinese_two_1616                         0x08014a58   Data         352  lcd.o(.constdata)
    FT5206_TPX_TBL                           0x08014bb8   Data          10  ft5206.o(.constdata)
    GT9147_CFG_TBL                           0x08014bc2   Data         184  gt9147.o(.constdata)
    GT9147_TPX_TBL                           0x08014c7a   Data          10  gt9147.o(.constdata)
    OTT_TPX_TBL                              0x08014c84   Data          10  ott2001a.o(.constdata)
    TP_REMIND_MSG_TBL                        0x08014c90   Data           4  touch.o(.constdata)
    FSMC_DefaultTimingStruct                 0x08014c94   Data          28  stm32f4xx_fsmc.o(.constdata)
    __ctype_table                            0x08014cb0   Data         129  ctype_o.o(.constdata)
    Region$$Table$$Base                      0x08014e08   Number         0  anon$$obj.o(Region$$Table)
    Region$$Table$$Limit                     0x08014e28   Number         0  anon$$obj.o(Region$$Table)
    StartTask_Handler                        0x20000000   Data           4  main.o(.data)
    SG90Task_Handler                         0x20000004   Data           4  main.o(.data)
    LCDTask_Handler                          0x20000008   Data           4  main.o(.data)
    RFIDTask_Handler                         0x2000000c   Data           4  main.o(.data)
    AS608Task_Handler                        0x20000010   Data           4  main.o(.data)
    OneNetTask_Handler                       0x20000014   Data           4  main.o(.data)
    EventGroupHandler                        0x20000018   Data           4  main.o(.data)
    SG90_Status                              0x2000001c   Data           1  main.o(.data)
    PWD_Status                               0x2000001d   Data           1  main.o(.data)
    RFID_Status                              0x2000001e   Data           1  main.o(.data)
    AS608_Status                             0x2000001f   Data           1  main.o(.data)
    kbd_menu                                 0x20000020   Data          60  main.o(.data)
    key                                      0x2000005c   Data           1  main.o(.data)
    sg90flag                                 0x2000005d   Data           1  main.o(.data)
    rfidflag                                 0x2000005e   Data           1  main.o(.data)
    err                                      0x2000005f   Data           1  main.o(.data)
    Tips                                     0x20000060   Data           4  main.o(.data)
    topics                                   0x20000064   Data           4  main.o(.data)
    SystemCoreClock                          0x20000068   Data           4  system_stm32f4xx.o(.data)
    AHBPrescTable                            0x2000006c   Data          16  system_stm32f4xx.o(.data)
    kbd_tbl                                  0x2000007c   Data           4  lcd.o(.data)
    str                                      0x20000080   Data           4  lcd.o(.data)
    ensure                                   0x20000084   Data           1  lcd.o(.data)
    POINT_COLOR                              0x20000086   Data           2  lcd.o(.data)
    BACK_COLOR                               0x20000088   Data           2  lcd.o(.data)
    tp_dev                                   0x20000090   Data          52  touch.o(.data)
    CMD_RDX                                  0x200000c4   Data           1  touch.o(.data)
    CMD_RDY                                  0x200000c5   Data           1  touch.o(.data)
    status                                   0x200000c6   Data           1  rc522.o(.data)
    ID                                       0x200000c7   Data           4  rc522.o(.data)
    CT                                       0x200000cb   Data           2  rc522.o(.data)
    kahao1                                   0x200000cd   Data           4  rc522.o(.data)
    KEY                                      0x200000d1   Data           6  rc522.o(.data)
    cStr                                     0x200000d7   Data           4  rc522.o(.data)
    USART2_RX_STA                            0x200000dc   Data           2  usart2.o(.data)
    AS608Addr                                0x200000e0   Data           4  as608.o(.data)
    ensure1                                  0x200000e4   Data           1  as608.o(.data)
    ValidN                                   0x200000e6   Data           2  as608.o(.data)
    esp8266_cnt                              0x200000e8   Data           2  esp8266.o(.data)
    esp8266_cntPre                           0x200000ea   Data           2  esp8266.o(.data)
    pxCurrentTCB                             0x200000f0   Data           4  tasks.o(.data)
    uxTopUsedPriority                        0x20000128   Data           4  tasks.o(.data)
    __stdout                                 0x20000184   Data           4  usart_1.o(.data)
    USART_RX_STA                             0x20000188   Data           2  usart_1.o(.data)
    __microlib_freelist                      0x2000018c   Data           4  mvars.o(.data)
    __microlib_freelist_initialised          0x20000190   Data           4  mvars.o(.data)
    Pub_Buf                                  0x20000198   Data        1024  main.o(.bss)
    lcddev                                   0x20000598   Data          14  lcd.o(.bss)
    USART2_TX_BUF                            0x200005a8   Data         400  usart2.o(.bss)
    USART2_RX_BUF                            0x20000738   Data         400  usart2.o(.bss)
    AS608Para                                0x200008c8   Data          12  as608.o(.bss)
    esp8266_buf                              0x200008d4   Data         128  esp8266.o(.bss)
    USART3_TxBuff                            0x20000954   Data        1024  usart3.o(.bss)
    USART3_RxBuff                            0x20000d54   Data        1024  usart3.o(.bss)
    xQueueRegistry                           0x20001154   Data          64  queue.o(.bss)
    USART_RX_BUF                             0x20013ec0   Data         200  usart_1.o(.bss)
    __heap_base                              0x20013f88   Data           0  startup_stm32f40_41xxx.o(HEAP)
    __heap_limit                             0x20014188   Data           0  startup_stm32f40_41xxx.o(HEAP)
    __initial_sp                             0x20014588   Data           0  startup_stm32f40_41xxx.o(STACK)



==============================================================================

Memory Map of the image

  Image Entry point : 0x08000189

  Load Region LR_IROM1 (Base: 0x08000000, Size: 0x00014fc0, Max: 0x00100000, ABSOLUTE, COMPRESSED[0x00014ea8])

    Execution Region ER_IROM1 (Exec base: 0x08000000, Load base: 0x08000000, Size: 0x00014e28, Max: 0x00100000, ABSOLUTE)

    Exec Addr    Load Addr    Size         Type   Attr      Idx    E Section Name        Object

    0x08000000   0x08000000   0x00000188   Data   RO          301    RESET               startup_stm32f40_41xxx.o
    0x08000188   0x08000188   0x00000000   Code   RO         1937  * .ARM.Collect$$$$00000000  mc_w.l(entry.o)
    0x08000188   0x08000188   0x00000004   Code   RO         2292    .ARM.Collect$$$$00000001  mc_w.l(entry2.o)
    0x0800018c   0x0800018c   0x00000004   Code   RO         2295    .ARM.Collect$$$$00000004  mc_w.l(entry5.o)
    0x08000190   0x08000190   0x00000000   Code   RO         2297    .ARM.Collect$$$$00000008  mc_w.l(entry7b.o)
    0x08000190   0x08000190   0x00000000   Code   RO         2299    .ARM.Collect$$$$0000000A  mc_w.l(entry8b.o)
    0x08000190   0x08000190   0x00000008   Code   RO         2300    .ARM.Collect$$$$0000000B  mc_w.l(entry9a.o)
    0x08000198   0x08000198   0x00000004   Code   RO         2307    .ARM.Collect$$$$0000000E  mc_w.l(entry12b.o)
    0x0800019c   0x0800019c   0x00000000   Code   RO         2302    .ARM.Collect$$$$0000000F  mc_w.l(entry10a.o)
    0x0800019c   0x0800019c   0x00000000   Code   RO         2304    .ARM.Collect$$$$00000011  mc_w.l(entry11a.o)
    0x0800019c   0x0800019c   0x00000004   Code   RO         2293    .ARM.Collect$$$$00002712  mc_w.l(entry2.o)
    0x080001a0   0x080001a0   0x000000be   Code   RO         1057    .emb_text           port.o
    0x0800025e   0x0800025e   0x00000002   PAD
    0x08000260   0x08000260   0x00000914   Code   RO            3    .text               main.o
    0x08000b74   0x08000b74   0x00000060   Code   RO          243    .text               stm32f4xx_it.o
    0x08000bd4   0x08000bd4   0x00000210   Code   RO          275    .text               system_stm32f4xx.o
    0x08000de4   0x08000de4   0x00000024   Code   RO          302    .text               startup_stm32f40_41xxx.o
    0x08000e08   0x08000e08   0x00000040   Code   RO          308    .text               led.o
    0x08000e48   0x08000e48   0x00005464   Code   RO          354    .text               lcd.o
    0x080062ac   0x080062ac   0x00000104   Code   RO          403    .text               key.o
    0x080063b0   0x080063b0   0x0000025c   Code   RO          424    .text               myiic.o
    0x0800660c   0x0800660c   0x0000017a   Code   RO          447    .text               24cxx.o
    0x08006786   0x08006786   0x00000002   PAD
    0x08006788   0x08006788   0x00000254   Code   RO          470    .text               ctiic.o
    0x080069dc   0x080069dc   0x0000032c   Code   RO          493    .text               ft5206.o
    0x08006d08   0x08006d08   0x00000430   Code   RO          524    .text               gt9147.o
    0x08007138   0x08007138   0x00000388   Code   RO          555    .text               ott2001a.o
    0x080074c0   0x080074c0   0x000010e0   Code   RO          579    .text               touch.o
    0x080085a0   0x080085a0   0x0000011c   Code   RO          611    .text               sg90.o
    0x080086bc   0x080086bc   0x00000040   Code   RO          631    .text               beep.o
    0x080086fc   0x080086fc   0x00000894   Code   RO          651    .text               rc522.o
    0x08008f90   0x08008f90   0x00000184   Code   RO          674    .text               usart2.o
    0x08009114   0x08009114   0x00000084   Code   RO          711    .text               timer.o
    0x08009198   0x08009198   0x00000bf0   Code   RO          732    .text               as608.o
    0x08009d88   0x08009d88   0x000002f0   Code   RO          763    .text               esp8266.o
    0x0800a078   0x0800a078   0x000001bc   Code   RO          790    .text               usart3.o
    0x0800a234   0x0800a234   0x00000dfc   Code   RO          849    .text               mqttkit.o
    0x0800b030   0x0800b030   0x000008ac   Code   RO          879    .text               onenet.o
    0x0800b8dc   0x0800b8dc   0x0000048c   Code   RO          915    .text               event_groups.o
    0x0800bd68   0x0800bd68   0x00000094   Code   RO          948    .text               list.o
    0x0800bdfc   0x0800bdfc   0x0000101c   Code   RO          963    .text               queue.o
    0x0800ce18   0x0800ce18   0x0000204c   Code   RO         1002    .text               tasks.o
    0x0800ee64   0x0800ee64   0x00000650   Code   RO         1024    .text               timers.o
    0x0800f4b4   0x0800f4b4   0x00000340   Code   RO         1058    .text               port.o
    0x0800f7f4   0x0800f7f4   0x00000340   Code   RO         1087    .text               heap_4.o
    0x0800fb34   0x0800fb34   0x000000e0   Code   RO         1104    .text               misc.o
    0x0800fc14   0x0800fc14   0x000005c8   Code   RO         1430    .text               stm32f4xx_fsmc.o
    0x080101dc   0x080101dc   0x00000294   Code   RO         1453    .text               stm32f4xx_gpio.o
    0x08010470   0x08010470   0x0000065c   Code   RO         1616    .text               stm32f4xx_rcc.o
    0x08010acc   0x08010acc   0x00000ca2   Code   RO         1761    .text               stm32f4xx_tim.o
    0x0801176e   0x0801176e   0x00000002   PAD
    0x08011770   0x08011770   0x00000454   Code   RO         1781    .text               stm32f4xx_usart.o
    0x08011bc4   0x08011bc4   0x000000ec   Code   RO         1821    .text               delay.o
    0x08011cb0   0x08011cb0   0x00000148   Code   RO         1861    .text               usart_1.o
    0x08011df8   0x08011df8   0x00000024   Code   RO         1942    .text               mc_w.l(memcpya.o)
    0x08011e1c   0x08011e1c   0x00000024   Code   RO         1946    .text               mc_w.l(memseta.o)
    0x08011e40   0x08011e40   0x00000024   Code   RO         1948    .text               mc_w.l(strstr.o)
    0x08011e64   0x08011e64   0x00000014   Code   RO         1950    .text               mc_w.l(strchr.o)
    0x08011e78   0x08011e78   0x0000000e   Code   RO         1952    .text               mc_w.l(strlen.o)
    0x08011e86   0x08011e86   0x0000001c   Code   RO         1954    .text               mc_w.l(strcmp.o)
    0x08011ea2   0x08011ea2   0x00000028   Code   RO         1956    .text               mc_w.l(strncat.o)
    0x08011eca   0x08011eca   0x00000012   Code   RO         1958    .text               mc_w.l(strcpy.o)
    0x08011edc   0x08011edc   0x0000001a   Code   RO         2253    .text               mc_w.l(atoi.o)
    0x08011ef6   0x08011ef6   0x0000014e   Code   RO         2255    .text               mf_w.l(dadd.o)
    0x08012044   0x08012044   0x000000e4   Code   RO         2257    .text               mf_w.l(dmul.o)
    0x08012128   0x08012128   0x00000022   Code   RO         2259    .text               mf_w.l(dflti.o)
    0x0801214a   0x0801214a   0x0000001a   Code   RO         2261    .text               mf_w.l(dfltui.o)
    0x08012164   0x08012164   0x00000032   Code   RO         2265    .text               mf_w.l(dfixui.o)
    0x08012196   0x08012196   0x00000026   Code   RO         2267    .text               mf_w.l(f2d.o)
    0x080121bc   0x080121bc   0x00000030   Code   RO         2269    .text               mf_w.l(cdcmple.o)
    0x080121ec   0x080121ec   0x00000030   Code   RO         2271    .text               mf_w.l(cdrcmple.o)
    0x0801221c   0x0801221c   0x0000002c   Code   RO         2308    .text               mc_w.l(uidiv.o)
    0x08012248   0x08012248   0x00000062   Code   RO         2310    .text               mc_w.l(uldiv.o)
    0x080122aa   0x080122aa   0x0000001e   Code   RO         2312    .text               mc_w.l(llshl.o)
    0x080122c8   0x080122c8   0x00000020   Code   RO         2314    .text               mc_w.l(llushr.o)
    0x080122e8   0x080122e8   0x00000024   Code   RO         2316    .text               mc_w.l(llsshr.o)
    0x0801230c   0x0801230c   0x00000070   Code   RO         2327    .text               mc_w.l(strtol.o)
    0x0801237c   0x0801237c   0x00000000   Code   RO         2329    .text               mc_w.l(iusefp.o)
    0x0801237c   0x0801237c   0x000000ba   Code   RO         2330    .text               mf_w.l(depilogue.o)
    0x08012436   0x08012436   0x000000de   Code   RO         2332    .text               mf_w.l(ddiv.o)
    0x08012514   0x08012514   0x000000a2   Code   RO         2338    .text               mf_w.l(dsqrt.o)
    0x080125b6   0x080125b6   0x00000030   Code   RO         2340    .text               mf_w.l(dfixul.o)
    0x080125e6   0x080125e6   0x00000002   PAD
    0x080125e8   0x080125e8   0x00000024   Code   RO         2342    .text               mc_w.l(init.o)
    0x0801260c   0x0801260c   0x00000008   Code   RO         2344    .text               mc_w.l(ctype_o.o)
    0x08012614   0x08012614   0x0000009e   Code   RO         2372    .text               mc_w.l(_strtoul.o)
    0x080126b2   0x080126b2   0x0000001c   Code   RO         2374    .text               mc_w.l(_chval.o)
    0x080126ce   0x080126ce   0x00000056   Code   RO         2384    .text               mc_w.l(__dczerorl2.o)
    0x08012724   0x08012724   0x00000020   Code   RO         2197    i.__0printf         mc_w.l(printfa.o)
    0x08012744   0x08012744   0x00000028   Code   RO         2199    i.__0sprintf        mc_w.l(printfa.o)
    0x0801276c   0x0801276c   0x00000034   Code   RO         2202    i.__0vsnprintf      mc_w.l(printfa.o)
    0x080127a0   0x080127a0   0x00000024   Code   RO         2203    i.__0vsprintf       mc_w.l(printfa.o)
    0x080127c4   0x080127c4   0x00000008   Code   RO         2320    i.__aeabi_errno_addr  mc_w.l(errno.o)
    0x080127cc   0x080127cc   0x0000007a   Code   RO         1925    i.__hardfp_sqrt     m_wm.l(sqrt.o)
    0x08012846   0x08012846   0x0000000e   Code   RO         2378    i.__scatterload_copy  mc_w.l(handlers.o)
    0x08012854   0x08012854   0x00000002   Code   RO         2379    i.__scatterload_null  mc_w.l(handlers.o)
    0x08012856   0x08012856   0x0000000e   Code   RO         2380    i.__scatterload_zeroinit  mc_w.l(handlers.o)
    0x08012864   0x08012864   0x0000000c   Code   RO         2322    i.__set_errno       mc_w.l(errno.o)
    0x08012870   0x08012870   0x00000184   Code   RO         2204    i._fp_digits        mc_w.l(printfa.o)
    0x080129f4   0x080129f4   0x000006b4   Code   RO         2205    i._printf_core      mc_w.l(printfa.o)
    0x080130a8   0x080130a8   0x00000024   Code   RO         2206    i._printf_post_padding  mc_w.l(printfa.o)
    0x080130cc   0x080130cc   0x0000002e   Code   RO         2207    i._printf_pre_padding  mc_w.l(printfa.o)
    0x080130fa   0x080130fa   0x00000016   Code   RO         2208    i._snputc           mc_w.l(printfa.o)
    0x08013110   0x08013110   0x0000000a   Code   RO         2209    i._sputc            mc_w.l(printfa.o)
    0x0801311a   0x0801311a   0x00000002   PAD
    0x0801311c   0x0801311c   0x00000050   Code   RO         2225    i.free              mc_w.l(malloc.o)
    0x0801316c   0x0801316c   0x0000006c   Code   RO         2226    i.malloc            mc_w.l(malloc.o)
    0x080131d8   0x080131d8   0x000019e0   Data   RO          356    .constdata          lcd.o
    0x08014bb8   0x08014bb8   0x0000000a   Data   RO          494    .constdata          ft5206.o
    0x08014bc2   0x08014bc2   0x000000c2   Data   RO          525    .constdata          gt9147.o
    0x08014c84   0x08014c84   0x0000000a   Data   RO          556    .constdata          ott2001a.o
    0x08014c8e   0x08014c8e   0x00000002   PAD
    0x08014c90   0x08014c90   0x00000004   Data   RO          580    .constdata          touch.o
    0x08014c94   0x08014c94   0x0000001c   Data   RO         1431    .constdata          stm32f4xx_fsmc.o
    0x08014cb0   0x08014cb0   0x00000081   Data   RO         2345    .constdata          mc_w.l(ctype_o.o)
    0x08014d31   0x08014d31   0x00000003   PAD
    0x08014d34   0x08014d34   0x00000004   Data   RO         2346    .constdata          mc_w.l(ctype_o.o)
    0x08014d38   0x08014d38   0x00000052   Data   RO            5    .conststring        main.o
    0x08014d8a   0x08014d8a   0x00000002   PAD
    0x08014d8c   0x08014d8c   0x00000079   Data   RO          581    .conststring        touch.o
    0x08014e05   0x08014e05   0x00000003   PAD
    0x08014e08   0x08014e08   0x00000020   Data   RO         2376    Region$$Table       anon$$obj.o


    Execution Region RW_IRAM1 (Exec base: 0x20000000, Load base: 0x08014e28, Size: 0x00014588, Max: 0x00020000, ABSOLUTE, COMPRESSED[0x00000080])

    Exec Addr    Load Addr    Size         Type   Attr      Idx    E Section Name        Object

    0x20000000   COMPRESSED   0x00000068   Data   RW            6    .data               main.o
    0x20000068   COMPRESSED   0x00000014   Data   RW          276    .data               system_stm32f4xx.o
    0x2000007c   COMPRESSED   0x0000000f   Data   RW          357    .data               lcd.o
    0x2000008b   COMPRESSED   0x00000001   Data   RW          404    .data               key.o
    0x2000008c   COMPRESSED   0x00000001   Data   RW          495    .data               ft5206.o
    0x2000008d   COMPRESSED   0x00000001   Data   RW          526    .data               gt9147.o
    0x2000008e   COMPRESSED   0x00000001   Data   RW          557    .data               ott2001a.o
    0x2000008f   COMPRESSED   0x00000001   PAD
    0x20000090   COMPRESSED   0x00000036   Data   RW          582    .data               touch.o
    0x200000c6   COMPRESSED   0x00000015   Data   RW          652    .data               rc522.o
    0x200000db   COMPRESSED   0x00000001   PAD
    0x200000dc   COMPRESSED   0x00000002   Data   RW          676    .data               usart2.o
    0x200000de   COMPRESSED   0x00000002   PAD
    0x200000e0   COMPRESSED   0x00000008   Data   RW          734    .data               as608.o
    0x200000e8   COMPRESSED   0x00000004   Data   RW          765    .data               esp8266.o
    0x200000ec   COMPRESSED   0x00000002   Data   RW          880    .data               onenet.o
    0x200000ee   COMPRESSED   0x00000002   PAD
    0x200000f0   COMPRESSED   0x00000040   Data   RW         1004    .data               tasks.o
    0x20000130   COMPRESSED   0x00000014   Data   RW         1026    .data               timers.o
    0x20000144   COMPRESSED   0x0000000c   Data   RW         1059    .data               port.o
    0x20000150   COMPRESSED   0x00000020   Data   RW         1089    .data               heap_4.o
    0x20000170   COMPRESSED   0x00000010   Data   RW         1617    .data               stm32f4xx_rcc.o
    0x20000180   COMPRESSED   0x00000004   Data   RW         1822    .data               delay.o
    0x20000184   COMPRESSED   0x00000006   Data   RW         1863    .data               usart_1.o
    0x2000018a   COMPRESSED   0x00000002   PAD
    0x2000018c   COMPRESSED   0x00000004   Data   RW         2318    .data               mc_w.l(mvars.o)
    0x20000190   COMPRESSED   0x00000004   Data   RW         2319    .data               mc_w.l(mvars.o)
    0x20000194   COMPRESSED   0x00000004   Data   RW         2323    .data               mc_w.l(errno.o)
    0x20000198        -       0x00000400   Zero   RW            4    .bss                main.o
    0x20000598        -       0x0000000e   Zero   RW          355    .bss                lcd.o
    0x200005a6   COMPRESSED   0x00000002   PAD
    0x200005a8        -       0x00000320   Zero   RW          675    .bss                usart2.o
    0x200008c8        -       0x0000000c   Zero   RW          733    .bss                as608.o
    0x200008d4        -       0x00000080   Zero   RW          764    .bss                esp8266.o
    0x20000954        -       0x00000800   Zero   RW          791    .bss                usart3.o
    0x20001154        -       0x00000040   Zero   RW          964    .bss                queue.o
    0x20001194        -       0x00000104   Zero   RW         1003    .bss                tasks.o
    0x20001298        -       0x00000028   Zero   RW         1025    .bss                timers.o
    0x200012c0        -       0x00012c00   Zero   RW         1088    .bss                heap_4.o
    0x20013ec0        -       0x000000c8   Zero   RW         1862    .bss                usart_1.o
    0x20013f88        -       0x00000200   Zero   RW          300    HEAP                startup_stm32f40_41xxx.o
    0x20014188        -       0x00000400   Zero   RW          299    STACK               startup_stm32f40_41xxx.o


==============================================================================

Image component sizes


      Code (inc. data)   RO Data    RW Data    ZI Data      Debug   Object Name

       378          0          0          0          0       2862   24cxx.o
      3056        828          0          8         12       9171   as608.o
        64          4          0          0          0        552   beep.o
       596         24          0          0          0       2089   ctiic.o
       236         10          0          4          0       1713   delay.o
       752        310          0          4        128       3037   esp8266.o
      1164          4          0          0          0      20939   event_groups.o
       812         40         10          1          0       2615   ft5206.o
      1072         78        194          1          0       3154   gt9147.o
       832         32          0         32      76800       4290   heap_4.o
       260         12          0          1          0        900   key.o
     21604        274       6624         15         14      28601   lcd.o
        64          4          0          0          0     229743   led.o
       148          0          0          0          0       2074   list.o
      2324        642         82        104       1024     307262   main.o
       224         20          0          0          0       1861   misc.o
      3580         42          0          0          0      15495   mqttkit.o
       604         14          0          0          0       1916   myiic.o
      2220        992          0          2          0       4640   onenet.o
       904         66         10          1          0       2815   ott2001a.o
      1022         52          0         12          0       8999   port.o
      4124         18          0          0         64      22000   queue.o
      2196         48          0         21          0       8495   rc522.o
       284         26          0          0          0       1058   sg90.o
        36          8        392          0       1536        840   startup_stm32f40_41xxx.o
      1480         18         28          0          0       5714   stm32f4xx_fsmc.o
       660         44          0          0          0       4201   stm32f4xx_gpio.o
        96         14          0          0          0       1217   stm32f4xx_it.o
      1628         52          0         16          0      13100   stm32f4xx_rcc.o
      3234         60          0          0          0      23056   stm32f4xx_tim.o
      1108         34          0          0          0       7924   stm32f4xx_usart.o
       528         46          0         20          0       1843   system_stm32f4xx.o
      8268        402          0         64        260      37101   tasks.o
       132         10          0          0          0        840   timer.o
      1616         72          0         20         40      27087   timers.o
      4320        228        125         54          0       6881   touch.o
       388         24          0          2        800       2662   usart2.o
       444         14          0          0       2048       2771   usart3.o
       328         16          0          6        200       3414   usart_1.o

    ----------------------------------------------------------------------
     72792       4582       7504        396      82928     824932   Object Totals
         0          0         32          0          0          0   (incl. Generated)
         6          0          7          8          2          0   (incl. Padding)

    ----------------------------------------------------------------------

      Code (inc. data)   RO Data    RW Data    ZI Data      Debug   Library Member Name

       122          0          0          0          0        148   sqrt.o
        86          0          0          0          0          0   __dczerorl2.o
        28          0          0          0          0         68   _chval.o
       158          0          0          0          0         92   _strtoul.o
        26          0          0          0          0         80   atoi.o
         8          4        133          0          0         68   ctype_o.o
         0          0          0          0          0          0   entry.o
         0          0          0          0          0          0   entry10a.o
         0          0          0          0          0          0   entry11a.o
         4          0          0          0          0          0   entry12b.o
         8          4          0          0          0          0   entry2.o
         4          0          0          0          0          0   entry5.o
         0          0          0          0          0          0   entry7b.o
         0          0          0          0          0          0   entry8b.o
         8          4          0          0          0          0   entry9a.o
        20         10          0          4          0        136   errno.o
        30          0          0          0          0          0   handlers.o
        36          8          0          0          0         68   init.o
         0          0          0          0          0          0   iusefp.o
        30          0          0          0          0         68   llshl.o
        36          0          0          0          0         68   llsshr.o
        32          0          0          0          0         68   llushr.o
       188         20          0          0          0        160   malloc.o
        36          0          0          0          0         68   memcpya.o
        36          0          0          0          0        108   memseta.o
         0          0          0          8          0          0   mvars.o
      2378        108          0          0          0        844   printfa.o
        20          0          0          0          0         68   strchr.o
        28          0          0          0          0         76   strcmp.o
        18          0          0          0          0         68   strcpy.o
        14          0          0          0          0         68   strlen.o
        40          0          0          0          0         76   strncat.o
        36          0          0          0          0         80   strstr.o
       112          0          0          0          0         88   strtol.o
        44          0          0          0          0         80   uidiv.o
        98          0          0          0          0         92   uldiv.o
        48          0          0          0          0         68   cdcmple.o
        48          0          0          0          0         68   cdrcmple.o
       334          0          0          0          0        148   dadd.o
       222          0          0          0          0        100   ddiv.o
       186          0          0          0          0        176   depilogue.o
        50          0          0          0          0         76   dfixui.o
        48          0          0          0          0         68   dfixul.o
        34          0          0          0          0         76   dflti.o
        26          0          0          0          0         76   dfltui.o
       228          0          0          0          0         96   dmul.o
       162          0          0          0          0        100   dsqrt.o
        38          0          0          0          0         68   f2d.o

    ----------------------------------------------------------------------
      5112        158        136         12          0       3860   Library Totals
         4          0          3          0          0          0   (incl. Padding)

    ----------------------------------------------------------------------

      Code (inc. data)   RO Data    RW Data    ZI Data      Debug   Library Name

       122          0          0          0          0        148   m_wm.l
      3562        158        133         12          0       2592   mc_w.l
      1424          0          0          0          0       1120   mf_w.l

    ----------------------------------------------------------------------
      5112        158        136         12          0       3860   Library Totals

    ----------------------------------------------------------------------

==============================================================================


      Code (inc. data)   RO Data    RW Data    ZI Data      Debug   

     77904       4740       7640        408      82928     818996   Grand Totals
     77904       4740       7640        128      82928     818996   ELF Image Totals (compressed)
     77904       4740       7640        128          0          0   ROM Totals

==============================================================================

    Total RO  Size (Code + RO Data)                85544 (  83.54kB)
    Total RW  Size (RW Data + ZI Data)             83336 (  81.38kB)
    Total ROM Size (Code + RO Data + RW Data)      85672 (  83.66kB)

==============================================================================

