Component: ARM Compiler 5.06 update 7 (build 960) Tool: armlink [4d3601]

==============================================================================

Section Cross References

    main.o(.text) refers to _printf_percent.o(.ARM.Collect$$_printf_percent$$00000000) for _printf_percent
    main.o(.text) refers to _printf_f.o(.ARM.Collect$$_printf_percent$$00000003) for _printf_f
    main.o(.text) refers to printf1.o(x$fpl$printf1) for _printf_fp_dec
    main.o(.text) refers to f2d.o(x$fpl$f2d) for __aeabi_f2d
    main.o(.text) refers to noretval__2printf.o(.text) for __2printf
    main.o(.text) refers to tasks.o(.text) for vTaskDelay
    main.o(.text) refers to port.o(.text) for vPortEnterCritical
    main.o(.text) refers to usart.o(.text) for uart_init
    main.o(.text) refers to delay.o(.text) for delay_init
    main.o(.text) refers to led.o(.text) for LED_Init
    main.o(.text) refers to main.o(.data) for float_num
    system_stm32f4xx.o(.text) refers to system_stm32f4xx.o(.data) for SystemCoreClock
    startup_stm32f40_41xxx.o(STACK) refers (Special) to heapauxi.o(.text) for __use_two_region_memory
    startup_stm32f40_41xxx.o(HEAP) refers (Special) to heapauxi.o(.text) for __use_two_region_memory
    startup_stm32f40_41xxx.o(RESET) refers (Special) to heapauxi.o(.text) for __use_two_region_memory
    startup_stm32f40_41xxx.o(RESET) refers to startup_stm32f40_41xxx.o(STACK) for __initial_sp
    startup_stm32f40_41xxx.o(RESET) refers to startup_stm32f40_41xxx.o(.text) for Reset_Handler
    startup_stm32f40_41xxx.o(RESET) refers to stm32f4xx_it.o(.text) for NMI_Handler
    startup_stm32f40_41xxx.o(RESET) refers to port.o(.emb_text) for SVC_Handler
    startup_stm32f40_41xxx.o(RESET) refers to delay.o(.text) for SysTick_Handler
    startup_stm32f40_41xxx.o(RESET) refers to usart.o(.text) for USART1_IRQHandler
    startup_stm32f40_41xxx.o(.text) refers (Special) to heapauxi.o(.text) for __use_two_region_memory
    startup_stm32f40_41xxx.o(.text) refers to system_stm32f4xx.o(.text) for SystemInit
    startup_stm32f40_41xxx.o(.text) refers to __main.o(!!!main) for __main
    startup_stm32f40_41xxx.o(.text) refers to startup_stm32f40_41xxx.o(HEAP) for Heap_Mem
    startup_stm32f40_41xxx.o(.text) refers to startup_stm32f40_41xxx.o(STACK) for Stack_Mem
    led.o(.text) refers to stm32f4xx_rcc.o(.text) for RCC_AHB1PeriphClockCmd
    led.o(.text) refers to stm32f4xx_gpio.o(.text) for GPIO_Init
    event_groups.o(.text) refers to heap_4.o(.text) for pvPortMalloc
    event_groups.o(.text) refers to list.o(.text) for vListInitialise
    event_groups.o(.text) refers to tasks.o(.text) for vTaskSuspendAll
    event_groups.o(.text) refers to port.o(.text) for vPortEnterCritical
    queue.o(.text) refers to port.o(.text) for vPortEnterCritical
    queue.o(.text) refers to tasks.o(.text) for xTaskRemoveFromEventList
    queue.o(.text) refers to list.o(.text) for vListInitialise
    queue.o(.text) refers to heap_4.o(.text) for pvPortMalloc
    queue.o(.text) refers to rt_memcpy_v6.o(.text) for __aeabi_memcpy
    queue.o(.text) refers to queue.o(.bss) for xQueueRegistry
    stream_buffer.o(.text) refers to memset.o(.text) for memset
    stream_buffer.o(.text) refers to rt_memclr_w.o(.text) for __aeabi_memclr4
    stream_buffer.o(.text) refers to heap_4.o(.text) for pvPortMalloc
    stream_buffer.o(.text) refers to port.o(.text) for vPortEnterCritical
    stream_buffer.o(.text) refers to rt_memcpy_v6.o(.text) for __aeabi_memcpy
    stream_buffer.o(.text) refers to tasks.o(.text) for vTaskSetTimeOutState
    tasks.o(.text) refers to list.o(.text) for vListInitialise
    tasks.o(.text) refers to port.o(.text) for vPortEnterCritical
    tasks.o(.text) refers to aeabi_memset.o(.text) for __aeabi_memset
    tasks.o(.text) refers to heap_4.o(.text) for pvPortMalloc
    tasks.o(.text) refers to tasks.o(.bss) for pxReadyTasksLists
    tasks.o(.text) refers to tasks.o(.data) for pxDelayedTaskList
    tasks.o(.text) refers to timers.o(.text) for xTimerCreateTimerTask
    timers.o(.text) refers to list.o(.text) for vListInsert
    timers.o(.text) refers to tasks.o(.text) for xTaskGetTickCount
    timers.o(.text) refers to heap_4.o(.text) for vPortFree
    timers.o(.text) refers to queue.o(.text) for xQueueReceive
    timers.o(.text) refers to port.o(.text) for vPortEnterCritical
    timers.o(.text) refers to timers.o(.data) for pxOverflowTimerList
    timers.o(.text) refers to timers.o(.bss) for xActiveTimerList1
    port.o(.emb_text) refers to tasks.o(.text) for vTaskSwitchContext
    port.o(.emb_text) refers to tasks.o(.data) for pxCurrentTCB
    port.o(.text) refers to port.o(.emb_text) for __asm___6_port_c_39a90d8d__prvEnableVFP
    port.o(.text) refers to tasks.o(.text) for xTaskIncrementTick
    port.o(.text) refers to port.o(.data) for uxCriticalNesting
    port.o(.text) refers to system_stm32f4xx.o(.data) for SystemCoreClock
    heap_4.o(.text) refers to tasks.o(.text) for vTaskSuspendAll
[...]
    dc.s                                     0x00000000   Number         0  dc.o ABSOLUTE
    main.c                                   0x00000000   Number         0  main.o ABSOLUTE
    main.c                                   0x00000000   Number         0  main.o ABSOLUTE
    stm32f4xx_it.c                           0x00000000   Number         0  stm32f4xx_it.o ABSOLUTE
    stm32f4xx_it.c                           0x00000000   Number         0  stm32f4xx_it.o ABSOLUTE
    system_stm32f4xx.c                       0x00000000   Number         0  system_stm32f4xx.o ABSOLUTE
    system_stm32f4xx.c                       0x00000000   Number         0  system_stm32f4xx.o ABSOLUTE
    RESET                                    0x08000000   Section      392  startup_stm32f40_41xxx.o(RESET)
    !!!main                                  0x08000188   Section        8  __main.o(!!!main)
    !!!scatter                               0x08000190   Section       52  __scatter.o(!!!scatter)
    !!handler_copy                           0x080001c4   Section       26  __scatter_copy.o(!!handler_copy)
    !!handler_zi                             0x080001e0   Section       28  __scatter_zi.o(!!handler_zi)
    .ARM.Collect$$_printf_percent$$00000000  0x080001fc   Section        0  _printf_percent.o(.ARM.Collect$$_printf_percent$$00000000)
    .ARM.Collect$$_printf_percent$$00000003  0x080001fc   Section        6  _printf_f.o(.ARM.Collect$$_printf_percent$$00000003)
    .ARM.Collect$$_printf_percent$$00000017  0x08000202   Section        4  _printf_percent_end.o(.ARM.Collect$$_printf_percent$$00000017)
    .ARM.Collect$$libinit$$00000000          0x08000206   Section        2  libinit.o(.ARM.Collect$$libinit$$00000000)
    .ARM.Collect$$libinit$$00000001          0x08000208   Section        4  libinit2.o(.ARM.Collect$$libinit$$00000001)
    .ARM.Collect$$libinit$$00000004          0x0800020c   Section        0  libinit2.o(.ARM.Collect$$libinit$$00000004)
    .ARM.Collect$$libinit$$0000000A          0x0800020c   Section        0  libinit2.o(.ARM.Collect$$libinit$$0000000A)
    .ARM.Collect$$libinit$$0000000C          0x0800020c   Section        0  libinit2.o(.ARM.Collect$$libinit$$0000000C)
    .ARM.Collect$$libinit$$0000000E          0x0800020c   Section        0  libinit2.o(.ARM.Collect$$libinit$$0000000E)
    .ARM.Collect$$libinit$$0000000F          0x0800020c   Section        6  libinit2.o(.ARM.Collect$$libinit$$0000000F)
    .ARM.Collect$$libinit$$00000011          0x08000212   Section        0  libinit2.o(.ARM.Collect$$libinit$$00000011)
    .ARM.Collect$$libinit$$00000013          0x08000212   Section        0  libinit2.o(.ARM.Collect$$libinit$$00000013)
    .ARM.Collect$$libinit$$00000015          0x08000212   Section        0  libinit2.o(.ARM.Collect$$libinit$$00000015)
    .ARM.Collect$$libinit$$00000016          0x08000212   Section       10  libinit2.o(.ARM.Collect$$libinit$$00000016)
    .ARM.Collect$$libinit$$00000017          0x0800021c   Section        0  libinit2.o(.ARM.Collect$$libinit$$00000017)
    .ARM.Collect$$libinit$$00000019          0x0800021c   Section        0  libinit2.o(.ARM.Collect$$libinit$$00000019)
    .ARM.Collect$$libinit$$0000001B          0x0800021c   Section        0  libinit2.o(.ARM.Collect$$libinit$$0000001B)
    .ARM.Collect$$libinit$$0000001D          0x0800021c   Section        0  libinit2.o(.ARM.Collect$$libinit$$0000001D)
    .ARM.Collect$$libinit$$0000001F          0x0800021c   Section        0  libinit2.o(.ARM.Collect$$libinit$$0000001F)
    .ARM.Collect$$libinit$$00000021          0x0800021c   Section        0  libinit2.o(.ARM.Collect$$libinit$$00000021)
    .ARM.Collect$$libinit$$00000023          0x0800021c   Section        0  libinit2.o(.ARM.Collect$$libinit$$00000023)
    .ARM.Collect$$libinit$$00000025          0x0800021c   Section        0  libinit2.o(.ARM.Collect$$libinit$$00000025)
    .ARM.Collect$$libinit$$0000002C          0x0800021c   Section        0  libinit2.o(.ARM.Collect$$libinit$$0000002C)
    .ARM.Collect$$libinit$$0000002E          0x0800021c   Section        0  libinit2.o(.ARM.Collect$$libinit$$0000002E)
    .ARM.Collect$$libinit$$00000030          0x0800021c   Section        0  libinit2.o(.ARM.Collect$$libinit$$00000030)
    .ARM.Collect$$libinit$$00000032          0x0800021c   Section        0  libinit2.o(.ARM.Collect$$libinit$$00000032)
    .ARM.Collect$$libinit$$00000033          0x0800021c   Section        2  libinit2.o(.ARM.Collect$$libinit$$00000033)
    .ARM.Collect$$libshutdown$$00000000      0x0800021e   Section        2  libshutdown.o(.ARM.Collect$$libshutdown$$00000000)
    .ARM.Collect$$libshutdown$$00000002      0x08000220   Section        0  libshutdown2.o(.ARM.Collect$$libshutdown$$00000002)
    .ARM.Collect$$libshutdown$$00000004      0x08000220   Section        0  libshutdown2.o(.ARM.Collect$$libshutdown$$00000004)
    .ARM.Collect$$libshutdown$$00000006      0x08000220   Section        0  libshutdown2.o(.ARM.Collect$$libshutdown$$00000006)
    .ARM.Collect$$libshutdown$$00000009      0x08000220   Section        0  libshutdown2.o(.ARM.Collect$$libshutdown$$00000009)
    .ARM.Collect$$libshutdown$$0000000C      0x08000220   Section        0  libshutdown2.o(.ARM.Collect$$libshutdown$$0000000C)
    .ARM.Collect$$libshutdown$$0000000E      0x08000220   Section        0  libshutdown2.o(.ARM.Collect$$libshutdown$$0000000E)
    .ARM.Collect$$libshutdown$$00000011      0x08000220   Section        0  libshutdown2.o(.ARM.Collect$$libshutdown$$00000011)
    .ARM.Collect$$libshutdown$$00000012      0x08000220   Section        2  libshutdown2.o(.ARM.Collect$$libshutdown$$00000012)
    .ARM.Collect$$rtentry$$00000000          0x08000222   Section        0  __rtentry.o(.ARM.Collect$$rtentry$$00000000)
    .ARM.Collect$$rtentry$$00000002          0x08000222   Section        0  __rtentry2.o(.ARM.Collect$$rtentry$$00000002)
    .ARM.Collect$$rtentry$$00000004          0x08000222   Section        6  __rtentry4.o(.ARM.Collect$$rtentry$$00000004)
    .ARM.Collect$$rtentry$$00000009          0x08000228   Section        0  __rtentry2.o(.ARM.Collect$$rtentry$$00000009)
    .ARM.Collect$$rtentry$$0000000A          0x08000228   Section        4  __rtentry2.o(.ARM.Collect$$rtentry$$0000000A)
    .ARM.Collect$$rtentry$$0000000C          0x0800022c   Section        0  __rtentry2.o(.ARM.Collect$$rtentry$$0000000C)
    .ARM.Collect$$rtentry$$0000000D          0x0800022c   Section        8  __rtentry2.o(.ARM.Collect$$rtentry$$0000000D)
    .ARM.Collect$$rtexit$$00000000           0x08000234   Section        2  rtexit.o(.ARM.Collect$$rtexit$$00000000)
    .ARM.Collect$$rtexit$$00000002           0x08000236   Section        0  rtexit2.o(.ARM.Collect$$rtexit$$00000002)
    .ARM.Collect$$rtexit$$00000003           0x08000236   Section        4  rtexit2.o(.ARM.Collect$$rtexit$$00000003)
    .ARM.Collect$$rtexit$$00000004           0x0800023a   Section        6  rtexit2.o(.ARM.Collect$$rtexit$$00000004)
    .emb_text                                0x08000240   Section      190  port.o(.emb_text)
    $v0                                      0x08000240   Number         0  port.o(.emb_text)
    .text                                    0x08000300   Section        0  main.o(.text)
    .text                                    0x08000464   Section        0  stm32f4xx_it.o(.text)
    .text                                    0x08000478   Section        0  system_stm32f4xx.o(.text)
    SetSysClock                              0x08000479   Thumb Code   220  system_stm32f4xx.o(.text)
    .text                                    0x08000688   Section       64  startup_stm32f40_41xxx.o(.text)
    $v0                                      0x08000688   Number         0  startup_stm32f40_41xxx.o(.text)
    .text                                    0x080006c8   Section        0  led.o(.text)
    .text                                    0x08000708   Section        0  list.o(.text)
    .text                                    0x0800079c   Section        0  queue.o(.text)
    prvInitialiseNewQueue                    0x08000873   Thumb Code    42  queue.o(.text)
    prvUnlockQueue                           0x08000903   Thumb Code   126  queue.o(.text)
    prvIsQueueFull                           0x08000981   Thumb Code    30  queue.o(.text)
    prvCopyDataToQueue                       0x0800099f   Thumb Code   126  queue.o(.text)
    prvInitialiseMutex                       0x08000bc1   Thumb Code    30  queue.o(.text)
    prvGetDisinheritPriorityAfterTimeout     0x08000c4d   Thumb Code    20  queue.o(.text)
    prvIsQueueEmpty                          0x08000c61   Thumb Code    26  queue.o(.text)
    prvCopyDataFromQueue                     0x080010db   Thumb Code    46  queue.o(.text)
    .text                                    0x080017b8   Section        0  tasks.o(.text)
    prvInitialiseTaskLists                   0x080017b9   Thumb Code    70  tasks.o(.text)
    prvAddNewTaskToReadyList                 0x080017ff   Thumb Code   206  tasks.o(.text)
    prvInitialiseNewTask                     0x080018cd   Thumb Code   224  tasks.o(.text)
    prvResetNextTaskUnblockTime              0x08001a0d   Thumb Code    40  tasks.o(.text)
    prvDeleteTCB                             0x08001a35   Thumb Code    18  tasks.o(.text)
    prvAddCurrentTaskToDelayedList           0x08001e3f   Thumb Code   164  tasks.o(.text)
    prvTaskIsTaskSuspended                   0x080023bd   Thumb Code    80  tasks.o(.text)
    prvCheckTasksWaitingTermination          0x080025d3   Thumb Code    60  tasks.o(.text)
    prvIdleTask                              0x0800260f   Thumb Code    32  tasks.o(.text)
    prvTaskCheckFreeStackSpace               0x08002711   Thumb Code    22  tasks.o(.text)
    prvListTasksWithinSingleList             0x080027a5   Thumb Code   106  tasks.o(.text)
    .text                                    0x08003804   Section        0  timers.o(.text)
    prvInsertTimerInActiveList               0x08003805   Thumb Code    80  timers.o(.text)
    prvReloadTimer                           0x08003855   Thumb Code    40  timers.o(.text)
    prvProcessExpiredTimer                   0x0800387d   Thumb Code    62  timers.o(.text)
    prvSwitchTimerLists                      0x080038bb   Thumb Code    58  timers.o(.text)
    prvSampleTimeNow                         0x080038f5   Thumb Code    40  timers.o(.text)
    prvProcessReceivedCommands               0x0800391d   Thumb Code   280  timers.o(.text)
    prvProcessTimerOrBlockTask               0x08003a35   Thumb Code   102  timers.o(.text)
    prvGetNextExpireTime                     0x08003a9b   Thumb Code    36  timers.o(.text)
    prvTimerTask                             0x08003abf   Thumb Code    26  timers.o(.text)
    prvCheckForValidListAndQueue             0x08003ad9   Thumb Code    72  timers.o(.text)
    prvInitialiseNewTimer                    0x08003b63   Thumb Code    88  timers.o(.text)
    .text                                    0x08003e54   Section        0  port.o(.text)
    prvTaskExitError                         0x08003e55   Thumb Code    60  port.o(.text)
    .text                                    0x08004194   Section        0  heap_4.o(.text)
    prvInsertBlockIntoFreeList               0x08004195   Thumb Code    96  heap_4.o(.text)
    prvHeapInit                              0x080041f5   Thumb Code    98  heap_4.o(.text)
    .text                                    0x080044d4   Section        0  misc.o(.text)
    .text                                    0x080045b4   Section        0  stm32f4xx_gpio.o(.text)
    .text                                    0x08004848   Section        0  stm32f4xx_rcc.o(.text)
    .text                                    0x08004ea4   Section        0  stm32f4xx_usart.o(.text)
    .text                                    0x080052f8   Section        0  delay.o(.text)
    .text                                    0x080053e4   Section        0  usart.o(.text)
    .text                                    0x0800552c   Section        2  use_no_semi_2.o(.text)
    .text                                    0x08005530   Section        0  noretval__2printf.o(.text)
    .text                                    0x08005548   Section        0  __printf_wp.o(.text)
    .text                                    0x08005656   Section      138  rt_memcpy_v6.o(.text)
    .text                                    0x080056e0   Section       16  aeabi_memset.o(.text)
    .text                                    0x080056f0   Section       78  rt_memclr_w.o(.text)
    .text                                    0x0800573e   Section        0  heapauxi.o(.text)
    .text                                    0x08005744   Section        2  use_no_semi.o(.text)
    .text                                    0x08005746   Section        0  _printf_fp_dec.o(.text)
    _fp_digits                               0x08005749   Thumb Code   432  _printf_fp_dec.o(.text)
    .text                                    0x08005b64   Section        0  _printf_char_file.o(.text)
    .text                                    0x08005b88   Section      100  rt_memcpy_w.o(.text)
    .text                                    0x08005bec   Section       68  rt_memclr.o(.text)
    .text                                    0x08005c30   Section        8  rt_locale_intlibspace.o(.text)
    .text                                    0x08005c38   Section      138  lludiv10.o(.text)
    .text                                    0x08005cc4   Section        0  _printf_char_common.o(.text)
    _printf_input_char                       0x08005cc5   Thumb Code    10  _printf_char_common.o(.text)
    .text                                    0x08005cf4   Section        0  _printf_fp_infnan.o(.text)
    .text                                    0x08005d74   Section        0  bigflt0.o(.text)
    .text                                    0x08005e58   Section        0  ferror.o(.text)
    .text                                    0x08005e60   Section        8  libspace.o(.text)
    .text                                    0x08005e68   Section       74  sys_stackheap_outer.o(.text)
    .text                                    0x08005eb2   Section        0  exit.o(.text)
    .text                                    0x08005ec4   Section      128  strcmpv7m.o(.text)
    CL$$btod_d2e                             0x08005f44   Section       62  btod.o(CL$$btod_d2e)
    CL$$btod_d2e_denorm_low                  0x08005f82   Section       70  btod.o(CL$$btod_d2e_denorm_low)
    CL$$btod_d2e_norm_op1                    0x08005fc8   Section       96  btod.o(CL$$btod_d2e_norm_op1)
    CL$$btod_div_common                      0x08006028   Section      824  btod.o(CL$$btod_div_common)
    CL$$btod_e2e                             0x08006360   Section      220  btod.o(CL$$btod_e2e)
    CL$$btod_ediv                            0x0800643c   Section       42  btod.o(CL$$btod_ediv)
    CL$$btod_emul                            0x08006466   Section       42  btod.o(CL$$btod_emul)
    CL$$btod_mult_common                     0x08006490   Section      580  btod.o(CL$$btod_mult_common)
    i.__ARM_fpclassify                       0x080066d4   Section        0  fpclassify.o(i.__ARM_fpclassify)
    i._is_digit                              0x08006704   Section        0  __printf_wp.o(i._is_digit)
    locale$$code                             0x08006714   Section       44  lc_numeric_c.o(locale$$code)
    x$fpl$dretinf                            0x08006740   Section       12  dretinf.o(x$fpl$dretinf)
    $v0                                      0x08006740   Number         0  dretinf.o(x$fpl$dretinf)
    x$fpl$f2d                                0x0800674c   Section       86  f2d.o(x$fpl$f2d)
    $v0                                      0x0800674c   Number         0  f2d.o(x$fpl$f2d)
    x$fpl$fnaninf                            0x080067a2   Section      140  fnaninf.o(x$fpl$fnaninf)
    $v0                                      0x080067a2   Number         0  fnaninf.o(x$fpl$fnaninf)
    x$fpl$fpinit                             0x0800682e   Section       10  fpinit.o(x$fpl$fpinit)
    $v0                                      0x0800682e   Number         0  fpinit.o(x$fpl$fpinit)
    x$fpl$printf1                            0x08006838   Section        4  printf1.o(x$fpl$printf1)
    $v0                                      0x08006838   Number         0  printf1.o(x$fpl$printf1)
    .constdata                               0x0800683c   Section      148  bigflt0.o(.constdata)
    x$fpl$usenofp                            0x0800683c   Section        0  usenofp.o(x$fpl$usenofp)
    tenpwrs_x                                0x0800683c   Data          60  bigflt0.o(.constdata)
    tenpwrs_i                                0x08006878   Data          64  bigflt0.o(.constdata)
    locale$$data                             0x080068f0   Section       28  lc_numeric_c.o(locale$$data)
    __lcnum_c_name                           0x080068f4   Data           2  lc_numeric_c.o(locale$$data)
    __lcnum_c_start                          0x080068fc   Data           0  lc_numeric_c.o(locale$$data)
    __lcnum_c_point                          0x08006908   Data           0  lc_numeric_c.o(locale$$data)
    __lcnum_c_thousands                      0x0800690a   Data           0  lc_numeric_c.o(locale$$data)
    __lcnum_c_grouping                       0x0800690b   Data           0  lc_numeric_c.o(locale$$data)
    __lcnum_c_end                            0x0800690c   Data           0  lc_numeric_c.o(locale$$data)
    .data                                    0x20000000   Section       20  main.o(.data)
    float_num                                0x20000010   Data           4  main.o(.data)
    .data                                    0x20000014   Section       20  system_stm32f4xx.o(.data)
    .data                                    0x20000028   Section       64  tasks.o(.data)
    pxDelayedTaskList                        0x2000002c   Data           4  tasks.o(.data)
    pxOverflowDelayedTaskList                0x20000030   Data           4  tasks.o(.data)
    uxDeletedTasksWaitingCleanUp             0x20000034   Data           4  tasks.o(.data)
    uxCurrentNumberOfTasks                   0x20000038   Data           4  tasks.o(.data)
    xTickCount                               0x2000003c   Data           4  tasks.o(.data)
    uxTopReadyPriority                       0x20000040   Data           4  tasks.o(.data)
    xSchedulerRunning                        0x20000044   Data           4  tasks.o(.data)
    xPendedTicks                             0x20000048   Data           4  tasks.o(.data)
    xYieldPending                            0x2000004c   Data           4  tasks.o(.data)
    xNumOfOverflows                          0x20000050   Data           4  tasks.o(.data)
    uxTaskNumber                             0x20000054   Data           4  tasks.o(.data)
    xNextTaskUnblockTime                     0x20000058   Data           4  tasks.o(.data)
    xIdleTaskHandle                          0x2000005c   Data           4  tasks.o(.data)
    uxSchedulerSuspended                     0x20000064   Data           4  tasks.o(.data)
    .data                                    0x20000068   Section       20  timers.o(.data)
    pxCurrentTimerList                       0x20000068   Data           4  timers.o(.data)
    pxOverflowTimerList                      0x2000006c   Data           4  timers.o(.data)
    xTimerQueue                              0x20000070   Data           4  timers.o(.data)
    xTimerTaskHandle                         0x20000074   Data           4  timers.o(.data)
    xLastTime                                0x20000078   Data           4  timers.o(.data)
    .data                                    0x2000007c   Section       12  port.o(.data)
    uxCriticalNesting                        0x2000007c   Data           4  port.o(.data)
    ucMaxSysCallPriority                     0x20000080   Data           1  port.o(.data)
    ulMaxPRIGROUPValue                       0x20000084   Data           4  port.o(.data)
    .data                                    0x20000088   Section       32  heap_4.o(.data)
    xStart                                   0x20000088   Data           8  heap_4.o(.data)
    pxEnd                                    0x20000090   Data           4  heap_4.o(.data)
    xFreeBytesRemaining                      0x20000094   Data           4  heap_4.o(.data)
    xMinimumEverFreeBytesRemaining           0x20000098   Data           4  heap_4.o(.data)
    xNumberOfSuccessfulAllocations           0x2000009c   Data           4  heap_4.o(.data)
    xNumberOfSuccessfulFrees                 0x200000a0   Data           4  heap_4.o(.data)
    xBlockAllocatedBit                       0x200000a4   Data           4  heap_4.o(.data)
    .data                                    0x200000a8   Section       16  stm32f4xx_rcc.o(.data)
    APBAHBPrescTable                         0x200000a8   Data          16  stm32f4xx_rcc.o(.data)
    .data                                    0x200000b8   Section        4  delay.o(.data)
    fac_us                                   0x200000b8   Data           1  delay.o(.data)
    fac_ms                                   0x200000ba   Data           2  delay.o(.data)
    .data                                    0x200000bc   Section        6  usart.o(.data)
    .bss                                     0x200000c4   Section       64  queue.o(.bss)
    .bss                                     0x20000104   Section      200  tasks.o(.bss)
    pxReadyTasksLists                        0x20000104   Data         100  tasks.o(.bss)
    xDelayedTaskList1                        0x20000168   Data          20  tasks.o(.bss)
    xDelayedTaskList2                        0x2000017c   Data          20  tasks.o(.bss)
    xPendingReadyList                        0x20000190   Data          20  tasks.o(.bss)
    xTasksWaitingTermination                 0x200001a4   Data          20  tasks.o(.bss)
    xSuspendedTaskList                       0x200001b8   Data          20  tasks.o(.bss)
    .bss                                     0x200001cc   Section       40  timers.o(.bss)
    xActiveTimerList1                        0x200001cc   Data          20  timers.o(.bss)
    xActiveTimerList2                        0x200001e0   Data          20  timers.o(.bss)
    .bss                                     0x200001f4   Section    76800  heap_4.o(.bss)
    ucHeap                                   0x200001f4   Data       76800  heap_4.o(.bss)
    .bss                                     0x20012df4   Section      200  usart.o(.bss)
    .bss                                     0x20012ebc   Section       96  libspace.o(.bss)
    HEAP                                     0x20012f20   Section      512  startup_stm32f40_41xxx.o(HEAP)
    Heap_Mem                                 0x20012f20   Data         512  startup_stm32f40_41xxx.o(HEAP)
    STACK                                    0x20013120   Section     1024  startup_stm32f40_41xxx.o(STACK)
    Stack_Mem                                0x20013120   Data        1024  startup_stm32f40_41xxx.o(STACK)
    __initial_sp                             0x20013520   Data           0  startup_stm32f40_41xxx.o(STACK)

    Global Symbols

    Symbol Name                              Value     Ov Type        Size  Object(Section)

    BuildAttributes$$THM_ISAv4$E$P$D$K$B$S$7EM$VFPi3$EXTD16$VFPS$VFMA$PE$A:L22UL41UL21$X:L11$S22US41US21$IEEE1$IW$USESV6$~STKCKD$USESV7$~SHL$OTIME$ROPI$IEEEJ$EBA8$UX$STANDARDLIB$REQ8$PRES8$EABIv2 0x00000000   Number         0  anon$$obj.o ABSOLUTE
    __ARM_use_no_argv                        0x00000000   Number         0  main.o ABSOLUTE
    _printf_flags                            0x00000000   Number         0  printf_stubs.o ABSOLUTE
    _printf_return_value                     0x00000000   Number         0  printf_stubs.o ABSOLUTE
    _printf_sizespec                         0x00000000   Number         0  printf_stubs.o ABSOLUTE
    _printf_widthprec                        0x00000000   Number         0  printf_stubs.o ABSOLUTE
    __ARM_exceptions_init                     - Undefined Weak Reference
    __alloca_initialize                       - Undefined Weak Reference
    __arm_fini_                               - Undefined Weak Reference
    __arm_preinit_                            - Undefined Weak Reference
    __cpp_initialize__aeabi_                  - Undefined Weak Reference
    __cxa_finalize                            - Undefined Weak Reference
    __sigvec_lookup                           - Undefined Weak Reference
    _atexit_init                              - Undefined Weak Reference
    _call_atexit_fns                          - Undefined Weak Reference
    _clock_init                               - Undefined Weak Reference
    _fp_trap_init                             - Undefined Weak Reference
    _fp_trap_shutdown                         - Undefined Weak Reference
    _get_lc_collate                           - Undefined Weak Reference
    _get_lc_ctype                             - Undefined Weak Reference
    _get_lc_monetary                          - Undefined Weak Reference
    _get_lc_time                              - Undefined Weak Reference
    _getenv_init                              - Undefined Weak Reference
    _handle_redirection                       - Undefined Weak Reference
    _init_alloc                               - Undefined Weak Reference
    _init_user_alloc                          - Undefined Weak Reference
    _initio                                   - Undefined Weak Reference
    _mutex_acquire                            - Undefined Weak Reference
    _mutex_release                            - Undefined Weak Reference
    _printf_post_padding                      - Undefined Weak Reference
    _printf_pre_padding                       - Undefined Weak Reference
    _rand_init                                - Undefined Weak Reference
    _signal_finish                            - Undefined Weak Reference
    _signal_init                              - Undefined Weak Reference
    _terminate_alloc                          - Undefined Weak Reference
    _terminate_user_alloc                     - Undefined Weak Reference
    _terminateio                              - Undefined Weak Reference
    __Vectors_Size                           0x00000188   Number         0  startup_stm32f40_41xxx.o ABSOLUTE
    __Vectors                                0x08000000   Data           4  startup_stm32f40_41xxx.o(RESET)
    __Vectors_End                            0x08000188   Data           0  startup_stm32f40_41xxx.o(RESET)
    __main                                   0x08000189   Thumb Code     8  __main.o(!!!main)
    __scatterload                            0x08000191   Thumb Code     0  __scatter.o(!!!scatter)
    __scatterload_rt2                        0x08000191   Thumb Code    44  __scatter.o(!!!scatter)
    __scatterload_rt2_thumb_only             0x08000191   Thumb Code     0  __scatter.o(!!!scatter)
    __scatterload_null                       0x0800019f   Thumb Code     0  __scatter.o(!!!scatter)
    __scatterload_copy                       0x080001c5   Thumb Code    26  __scatter_copy.o(!!handler_copy)
    __scatterload_zeroinit                   0x080001e1   Thumb Code    28  __scatter_zi.o(!!handler_zi)
    _printf_f                                0x080001fd   Thumb Code     0  _printf_f.o(.ARM.Collect$$_printf_percent$$00000003)
    _printf_percent                          0x080001fd   Thumb Code     0  _printf_percent.o(.ARM.Collect$$_printf_percent$$00000000)
    _printf_percent_end                      0x08000203   Thumb Code     0  _printf_percent_end.o(.ARM.Collect$$_printf_percent$$00000017)
    __rt_lib_init                            0x08000207   Thumb Code     0  libinit.o(.ARM.Collect$$libinit$$00000000)
    __rt_lib_init_fp_1                       0x08000209   Thumb Code     0  libinit2.o(.ARM.Collect$$libinit$$00000001)
    __rt_lib_init_heap_1                     0x0800020d   Thumb Code     0  libinit2.o(.ARM.Collect$$libinit$$0000000A)
    __rt_lib_init_lc_common                  0x0800020d   Thumb Code     0  libinit2.o(.ARM.Collect$$libinit$$0000000F)
    __rt_lib_init_preinit_1                  0x0800020d   Thumb Code     0  libinit2.o(.ARM.Collect$$libinit$$00000004)
    __rt_lib_init_rand_1                     0x0800020d   Thumb Code     0  libinit2.o(.ARM.Collect$$libinit$$0000000E)
    __rt_lib_init_user_alloc_1               0x0800020d   Thumb Code     0  libinit2.o(.ARM.Collect$$libinit$$0000000C)
    __rt_lib_init_lc_collate_1               0x08000213   Thumb Code     0  libinit2.o(.ARM.Collect$$libinit$$00000011)
    __rt_lib_init_lc_ctype_1                 0x08000213   Thumb Code     0  libinit2.o(.ARM.Collect$$libinit$$00000013)
    __rt_lib_init_lc_monetary_1              0x08000213   Thumb Code     0  libinit2.o(.ARM.Collect$$libinit$$00000015)
    __rt_lib_init_lc_numeric_2               0x08000213   Thumb Code     0  libinit2.o(.ARM.Collect$$libinit$$00000016)
    __rt_lib_init_alloca_1                   0x0800021d   Thumb Code     0  libinit2.o(.ARM.Collect$$libinit$$0000002E)
    __rt_lib_init_argv_1                     0x0800021d   Thumb Code     0  libinit2.o(.ARM.Collect$$libinit$$0000002C)
    __rt_lib_init_atexit_1                   0x0800021d   Thumb Code     0  libinit2.o(.ARM.Collect$$libinit$$0000001B)
    __rt_lib_init_clock_1                    0x0800021d   Thumb Code     0  libinit2.o(.ARM.Collect$$libinit$$00000021)
    __rt_lib_init_cpp_1                      0x0800021d   Thumb Code     0  libinit2.o(.ARM.Collect$$libinit$$00000032)
    __rt_lib_init_exceptions_1               0x0800021d   Thumb Code     0  libinit2.o(.ARM.Collect$$libinit$$00000030)
    __rt_lib_init_fp_trap_1                  0x0800021d   Thumb Code     0  libinit2.o(.ARM.Collect$$libinit$$0000001F)
    __rt_lib_init_getenv_1                   0x0800021d   Thumb Code     0  libinit2.o(.ARM.Collect$$libinit$$00000023)
    __rt_lib_init_lc_numeric_1               0x0800021d   Thumb Code     0  libinit2.o(.ARM.Collect$$libinit$$00000017)
    __rt_lib_init_lc_time_1                  0x0800021d   Thumb Code     0  libinit2.o(.ARM.Collect$$libinit$$00000019)
    __rt_lib_init_return                     0x0800021d   Thumb Code     0  libinit2.o(.ARM.Collect$$libinit$$00000033)
    __rt_lib_init_signal_1                   0x0800021d   Thumb Code     0  libinit2.o(.ARM.Collect$$libinit$$0000001D)
    __rt_lib_init_stdio_1                    0x0800021d   Thumb Code     0  libinit2.o(.ARM.Collect$$libinit$$00000025)
    __rt_lib_shutdown                        0x0800021f   Thumb Code     0  libshutdown.o(.ARM.Collect$$libshutdown$$00000000)
    __rt_lib_shutdown_cpp_1                  0x08000221   Thumb Code     0  libshutdown2.o(.ARM.Collect$$libshutdown$$00000004)
    __rt_lib_shutdown_fini_1                 0x08000221   Thumb Code     0  libshutdown2.o(.ARM.Collect$$libshutdown$$00000002)
    __rt_lib_shutdown_fp_trap_1              0x08000221   Thumb Code     0  libshutdown2.o(.ARM.Collect$$libshutdown$$00000009)
    __rt_lib_shutdown_heap_1                 0x08000221   Thumb Code     0  libshutdown2.o(.ARM.Collect$$libshutdown$$00000011)
    __rt_lib_shutdown_return                 0x08000221   Thumb Code     0  libshutdown2.o(.ARM.Collect$$libshutdown$$00000012)
    __rt_lib_shutdown_signal_1               0x08000221   Thumb Code     0  libshutdown2.o(.ARM.Collect$$libshutdown$$0000000C)
    __rt_lib_shutdown_stdio_1                0x08000221   Thumb Code     0  libshutdown2.o(.ARM.Collect$$libshutdown$$00000006)
    __rt_lib_shutdown_user_alloc_1           0x08000221   Thumb Code     0  libshutdown2.o(.ARM.Collect$$libshutdown$$0000000E)
    __rt_entry                               0x08000223   Thumb Code     0  __rtentry.o(.ARM.Collect$$rtentry$$00000000)
    __rt_entry_presh_1                       0x08000223   Thumb Code     0  __rtentry2.o(.ARM.Collect$$rtentry$$00000002)
    __rt_entry_sh                            0x08000223   Thumb Code     0  __rtentry4.o(.ARM.Collect$$rtentry$$00000004)
    __rt_entry_li                            0x08000229   Thumb Code     0  __rtentry2.o(.ARM.Collect$$rtentry$$0000000A)
    __rt_entry_postsh_1                      0x08000229   Thumb Code     0  __rtentry2.o(.ARM.Collect$$rtentry$$00000009)
    __rt_entry_main                          0x0800022d   Thumb Code     0  __rtentry2.o(.ARM.Collect$$rtentry$$0000000D)
    __rt_entry_postli_1                      0x0800022d   Thumb Code     0  __rtentry2.o(.ARM.Collect$$rtentry$$0000000C)
    __rt_exit                                0x08000235   Thumb Code     0  rtexit.o(.ARM.Collect$$rtexit$$00000000)
    __rt_exit_ls                             0x08000237   Thumb Code     0  rtexit2.o(.ARM.Collect$$rtexit$$00000003)
    __rt_exit_prels_1                        0x08000237   Thumb Code     0  rtexit2.o(.ARM.Collect$$rtexit$$00000002)
    __rt_exit_exit                           0x0800023b   Thumb Code     0  rtexit2.o(.ARM.Collect$$rtexit$$00000004)
    SVC_Handler                              0x08000241   Thumb Code    28  port.o(.emb_text)
    __asm___6_port_c_39a90d8d__prvStartFirstTask 0x08000261   Thumb Code    36  port.o(.emb_text)
    __asm___6_port_c_39a90d8d__prvEnableVFP  0x08000289   Thumb Code    16  port.o(.emb_text)
    PendSV_Handler                           0x0800029d   Thumb Code    88  port.o(.emb_text)
    vPortGetIPSR                             0x080002f9   Thumb Code     6  port.o(.emb_text)
    float_task                               0x08000301   Thumb Code    54  main.o(.text)
    led1_task                                0x08000337   Thumb Code    32  main.o(.text)
    led0_task                                0x08000357   Thumb Code    26  main.o(.text)
    start_task                               0x08000371   Thumb Code    88  main.o(.text)
    main                                     0x080003c9   Thumb Code    50  main.o(.text)
    NMI_Handler                              0x08000465   Thumb Code     2  stm32f4xx_it.o(.text)
    HardFault_Handler                        0x08000467   Thumb Code     4  stm32f4xx_it.o(.text)
    MemManage_Handler                        0x0800046b   Thumb Code     4  stm32f4xx_it.o(.text)
    BusFault_Handler                         0x0800046f   Thumb Code     4  stm32f4xx_it.o(.text)
    UsageFault_Handler                       0x08000473   Thumb Code     4  stm32f4xx_it.o(.text)
    DebugMon_Handler                         0x08000477   Thumb Code     2  stm32f4xx_it.o(.text)
    SystemInit                               0x08000555   Thumb Code    88  system_stm32f4xx.o(.text)
    SystemCoreClockUpdate                    0x080005ad   Thumb Code   174  system_stm32f4xx.o(.text)
    Reset_Handler                            0x08000689   Thumb Code     8  startup_stm32f40_41xxx.o(.text)
    ADC_IRQHandler                           0x080006a3   Thumb Code     0  startup_stm32f40_41xxx.o(.text)
    CAN1_RX0_IRQHandler                      0x080006a3   Thumb Code     0  startup_stm32f40_41xxx.o(.text)
    CAN1_RX1_IRQHandler                      0x080006a3   Thumb Code     0  startup_stm32f40_41xxx.o(.text)
    CAN1_SCE_IRQHandler                      0x080006a3   Thumb Code     0  startup_stm32f40_41xxx.o(.text)
    CAN1_TX_IRQHandler                       0x080006a3   Thumb Code     0  startup_stm32f40_41xxx.o(.text)
    CAN2_RX0_IRQHandler                      0x080006a3   Thumb Code     0  startup_stm32f40_41xxx.o(.text)
    CAN2_RX1_IRQHandler                      0x080006a3   Thumb Code     0  startup_stm32f40_41xxx.o(.text)
    CAN2_SCE_IRQHandler                      0x080006a3   Thumb Code     0  startup_stm32f40_41xxx.o(.text)
    CAN2_TX_IRQHandler                       0x080006a3   Thumb Code     0  startup_stm32f40_41xxx.o(.text)
    CRYP_IRQHandler                          0x080006a3   Thumb Code     0  startup_stm32f40_41xxx.o(.text)
    DCMI_IRQHandler                          0x080006a3   Thumb Code     0  startup_stm32f40_41xxx.o(.text)
    DMA1_Stream0_IRQHandler                  0x080006a3   Thumb Code     0  startup_stm32f40_41xxx.o(.text)
    DMA1_Stream1_IRQHandler                  0x080006a3   Thumb Code     0  startup_stm32f40_41xxx.o(.text)
    DMA1_Stream2_IRQHandler                  0x080006a3   Thumb Code     0  startup_stm32f40_41xxx.o(.text)
    DMA1_Stream3_IRQHandler                  0x080006a3   Thumb Code     0  startup_stm32f40_41xxx.o(.text)
    DMA1_Stream4_IRQHandler                  0x080006a3   Thumb Code     0  startup_stm32f40_41xxx.o(.text)
    DMA1_Stream5_IRQHandler                  0x080006a3   Thumb Code     0  startup_stm32f40_41xxx.o(.text)
    DMA1_Stream6_IRQHandler                  0x080006a3   Thumb Code     0  startup_stm32f40_41xxx.o(.text)
    DMA1_Stream7_IRQHandler                  0x080006a3   Thumb Code     0  startup_stm32f40_41xxx.o(.text)
    DMA2_Stream0_IRQHandler                  0x080006a3   Thumb Code     0  startup_stm32f40_41xxx.o(.text)
    DMA2_Stream1_IRQHandler                  0x080006a3   Thumb Code     0  startup_stm32f40_41xxx.o(.text)
    DMA2_Stream2_IRQHandler                  0x080006a3   Thumb Code     0  startup_stm32f40_41xxx.o(.text)
    DMA2_Stream3_IRQHandler                  0x080006a3   Thumb Code     0  startup_stm32f40_41xxx.o(.text)
    DMA2_Stream4_IRQHandler                  0x080006a3   Thumb Code     0  startup_stm32f40_41xxx.o(.text)
    DMA2_Stream5_IRQHandler                  0x080006a3   Thumb Code     0  startup_stm32f40_41xxx.o(.text)
    DMA2_Stream6_IRQHandler                  0x080006a3   Thumb Code     0  startup_stm32f40_41xxx.o(.text)
    DMA2_Stream7_IRQHandler                  0x080006a3   Thumb Code     0  startup_stm32f40_41xxx.o(.text)
    ETH_IRQHandler                           0x080006a3   Thumb Code     0  startup_stm32f40_41xxx.o(.text)
    ETH_WKUP_IRQHandler                      0x080006a3   Thumb Code     0  startup_stm32f40_41xxx.o(.text)
    EXTI0_IRQHandler                         0x080006a3   Thumb Code     0  startup_stm32f40_41xxx.o(.text)
    EXTI15_10_IRQHandler                     0x080006a3   Thumb Code     0  startup_stm32f40_41xxx.o(.text)
    EXTI1_IRQHandler                         0x080006a3   Thumb Code     0  startup_stm32f40_41xxx.o(.text)
    EXTI2_IRQHandler                         0x080006a3   Thumb Code     0  startup_stm32f40_41xxx.o(.text)
    EXTI3_IRQHandler                         0x080006a3   Thumb Code     0  startup_stm32f40_41xxx.o(.text)
    EXTI4_IRQHandler                         0x080006a3   Thumb Code     0  startup_stm32f40_41xxx.o(.text)
    EXTI9_5_IRQHandler                       0x080006a3   Thumb Code     0  startup_stm32f40_41xxx.o(.text)
    FLASH_IRQHandler                         0x080006a3   Thumb Code     0  startup_stm32f40_41xxx.o(.text)
    FPU_IRQHandler                           0x080006a3   Thumb Code     0  startup_stm32f40_41xxx.o(.text)
    FSMC_IRQHandler                          0x080006a3   Thumb Code     0  startup_stm32f40_41xxx.o(.text)
    HASH_RNG_IRQHandler                      0x080006a3   Thumb Code     0  startup_stm32f40_41xxx.o(.text)
    I2C1_ER_IRQHandler                       0x080006a3   Thumb Code     0  startup_stm32f40_41xxx.o(.text)
    I2C1_EV_IRQHandler                       0x080006a3   Thumb Code     0  startup_stm32f40_41xxx.o(.text)
    I2C2_ER_IRQHandler                       0x080006a3   Thumb Code     0  startup_stm32f40_41xxx.o(.text)
    I2C2_EV_IRQHandler                       0x080006a3   Thumb Code     0  startup_stm32f40_41xxx.o(.text)
    I2C3_ER_IRQHandler                       0x080006a3   Thumb Code     0  startup_stm32f40_41xxx.o(.text)
    I2C3_EV_IRQHandler                       0x080006a3   Thumb Code     0  startup_stm32f40_41xxx.o(.text)
    OTG_FS_IRQHandler                        0x080006a3   Thumb Code     0  startup_stm32f40_41xxx.o(.text)
    OTG_FS_WKUP_IRQHandler                   0x080006a3   Thumb Code     0  startup_stm32f40_41xxx.o(.text)
    OTG_HS_EP1_IN_IRQHandler                 0x080006a3   Thumb Code     0  startup_stm32f40_41xxx.o(.text)
    OTG_HS_EP1_OUT_IRQHandler                0x080006a3   Thumb Code     0  startup_stm32f40_41xxx.o(.text)
    OTG_HS_IRQHandler                        0x080006a3   Thumb Code     0  startup_stm32f40_41xxx.o(.text)
    OTG_HS_WKUP_IRQHandler                   0x080006a3   Thumb Code     0  startup_stm32f40_41xxx.o(.text)
    PVD_IRQHandler                           0x080006a3   Thumb Code     0  startup_stm32f40_41xxx.o(.text)
    RCC_IRQHandler                           0x080006a3   Thumb Code     0  startup_stm32f40_41xxx.o(.text)
    RTC_Alarm_IRQHandler                     0x080006a3   Thumb Code     0  startup_stm32f40_41xxx.o(.text)
    RTC_WKUP_IRQHandler                      0x080006a3   Thumb Code     0  startup_stm32f40_41xxx.o(.text)
    SDIO_IRQHandler                          0x080006a3   Thumb Code     0  startup_stm32f40_41xxx.o(.text)
    SPI1_IRQHandler                          0x080006a3   Thumb Code     0  startup_stm32f40_41xxx.o(.text)
    SPI2_IRQHandler                          0x080006a3   Thumb Code     0  startup_stm32f40_41xxx.o(.text)
    SPI3_IRQHandler                          0x080006a3   Thumb Code     0  startup_stm32f40_41xxx.o(.text)
    TAMP_STAMP_IRQHandler                    0x080006a3   Thumb Code     0  startup_stm32f40_41xxx.o(.text)
    TIM1_BRK_TIM9_IRQHandler                 0x080006a3   Thumb Code     0  startup_stm32f40_41xxx.o(.text)
    TIM1_CC_IRQHandler                       0x080006a3   Thumb Code     0  startup_stm32f40_41xxx.o(.text)
    TIM1_TRG_COM_TIM11_IRQHandler            0x080006a3   Thumb Code     0  startup_stm32f40_41xxx.o(.text)
    TIM1_UP_TIM10_IRQHandler                 0x080006a3   Thumb Code     0  startup_stm32f40_41xxx.o(.text)
    TIM2_IRQHandler                          0x080006a3   Thumb Code     0  startup_stm32f40_41xxx.o(.text)
    TIM3_IRQHandler                          0x080006a3   Thumb Code     0  startup_stm32f40_41xxx.o(.text)
    TIM4_IRQHandler                          0x080006a3   Thumb Code     0  startup_stm32f40_41xxx.o(.text)
    TIM5_IRQHandler                          0x080006a3   Thumb Code     0  startup_stm32f40_41xxx.o(.text)
    TIM6_DAC_IRQHandler                      0x080006a3   Thumb Code     0  startup_stm32f40_41xxx.o(.text)
    TIM7_IRQHandler                          0x080006a3   Thumb Code     0  startup_stm32f40_41xxx.o(.text)
    TIM8_BRK_TIM12_IRQHandler                0x080006a3   Thumb Code     0  startup_stm32f40_41xxx.o(.text)
    TIM8_CC_IRQHandler                       0x080006a3   Thumb Code     0  startup_stm32f40_41xxx.o(.text)
    TIM8_TRG_COM_TIM14_IRQHandler            0x080006a3   Thumb Code     0  startup_stm32f40_41xxx.o(.text)
    TIM8_UP_TIM13_IRQHandler                 0x080006a3   Thumb Code     0  startup_stm32f40_41xxx.o(.text)
    UART4_IRQHandler                         0x080006a3   Thumb Code     0  startup_stm32f40_41xxx.o(.text)
    UART5_IRQHandler                         0x080006a3   Thumb Code     0  startup_stm32f40_41xxx.o(.text)
    USART2_IRQHandler                        0x080006a3   Thumb Code     0  startup_stm32f40_41xxx.o(.text)
    USART3_IRQHandler                        0x080006a3   Thumb Code     0  startup_stm32f40_41xxx.o(.text)
    USART6_IRQHandler                        0x080006a3   Thumb Code     0  startup_stm32f40_41xxx.o(.text)
    WWDG_IRQHandler                          0x080006a3   Thumb Code     0  startup_stm32f40_41xxx.o(.text)
    __user_initial_stackheap                 0x080006a5   Thumb Code     0  startup_stm32f40_41xxx.o(.text)
    LED_Init                                 0x080006c9   Thumb Code    60  led.o(.text)
    vListInitialise                          0x08000709   Thumb Code    26  list.o(.text)
    vListInitialiseItem                      0x08000723   Thumb Code     6  list.o(.text)
    vListInsertEnd                           0x08000729   Thumb Code    24  list.o(.text)
    vListInsert                              0x08000741   Thumb Code    52  list.o(.text)
    uxListRemove                             0x08000775   Thumb Code    40  list.o(.text)
    xQueueGenericReset                       0x0800079d   Thumb Code   214  queue.o(.text)
    xQueueGenericCreate                      0x0800089d   Thumb Code   102  queue.o(.text)
    xQueueGenericSend                        0x08000a1d   Thumb Code   420  queue.o(.text)
    xQueueCreateMutex                        0x08000bdf   Thumb Code    38  queue.o(.text)
    xQueueGiveMutexRecursive                 0x08000c05   Thumb Code    72  queue.o(.text)
    xQueueSemaphoreTake                      0x08000c7b   Thumb Code   434  queue.o(.text)
    xQueueTakeMutexRecursive                 0x08000e2d   Thumb Code    78  queue.o(.text)
    xQueueCreateCountingSemaphore            0x08000e7b   Thumb Code    60  queue.o(.text)
    xQueueGenericSendFromISR                 0x08000eb7   Thumb Code   288  queue.o(.text)
    xQueueGiveFromISR                        0x08000fd7   Thumb Code   260  queue.o(.text)
    xQueueReceive                            0x08001109   Thumb Code   356  queue.o(.text)
    xQueuePeek                               0x0800126d   Thumb Code   362  queue.o(.text)
    xQueueReceiveFromISR                     0x080013d7   Thumb Code   238  queue.o(.text)
    xQueuePeekFromISR                        0x080014c5   Thumb Code   176  queue.o(.text)
    uxQueueMessagesWaiting                   0x08001575   Thumb Code    46  queue.o(.text)
    uxQueueSpacesAvailable                   0x080015a3   Thumb Code    48  queue.o(.text)
    uxQueueMessagesWaitingFromISR            0x080015d3   Thumb Code    34  queue.o(.text)
    vQueueUnregisterQueue                    0x080015f5   Thumb Code    68  queue.o(.text)
    vQueueDelete                             0x08001639   Thumb Code    44  queue.o(.text)
    uxQueueGetQueueNumber                    0x08001665   Thumb Code     6  queue.o(.text)
    vQueueSetQueueNumber                     0x0800166b   Thumb Code     4  queue.o(.text)
    ucQueueGetQueueType                      0x0800166f   Thumb Code     8  queue.o(.text)
    xQueueIsQueueEmptyFromISR                0x08001677   Thumb Code    42  queue.o(.text)
    xQueueIsQueueFullFromISR                 0x080016a1   Thumb Code    46  queue.o(.text)
    vQueueAddToRegistry                      0x080016cf   Thumb Code    90  queue.o(.text)
    pcQueueGetName                           0x08001729   Thumb Code    64  queue.o(.text)
    vQueueWaitForMessageRestricted           0x08001769   Thumb Code    74  queue.o(.text)
    xTaskCreate                              0x080019ad   Thumb Code    96  tasks.o(.text)
    vTaskDelete                              0x08001a47   Thumb Code   202  tasks.o(.text)
    xTaskIncrementTick                       0x08001b11   Thumb Code   476  tasks.o(.text)
    xTaskResumeAll                           0x08001ced   Thumb Code   338  tasks.o(.text)
    vTaskSuspendAll                          0x08001ee3   Thumb Code    12  tasks.o(.text)
    xTaskDelayUntil                          0x08001eef   Thumb Code   202  tasks.o(.text)
    vTaskDelay                               0x08001fb9   Thumb Code    82  tasks.o(.text)
    eTaskGetState                            0x0800200b   Thumb Code   200  tasks.o(.text)
    uxTaskPriorityGet                        0x080020d3   Thumb Code    30  tasks.o(.text)
    uxTaskPriorityGetFromISR                 0x080020f1   Thumb Code    62  tasks.o(.text)
    vTaskPrioritySet                         0x0800212f   Thumb Code   312  tasks.o(.text)
    vTaskSwitchContext                       0x08002267   Thumb Code   118  tasks.o(.text)
    vTaskSuspend                             0x080022dd   Thumb Code   224  tasks.o(.text)
    vTaskResume                              0x0800240d   Thumb Code   236  tasks.o(.text)
    xTaskResumeFromISR                       0x080024f9   Thumb Code   218  tasks.o(.text)
    vTaskStartScheduler                      0x0800262f   Thumb Code   122  tasks.o(.text)
    vTaskEndScheduler                        0x080026a9   Thumb Code    32  tasks.o(.text)
    xTaskGetTickCount                        0x080026c9   Thumb Code     6  tasks.o(.text)
    xTaskGetTickCountFromISR                 0x080026cf   Thumb Code    16  tasks.o(.text)
    uxTaskGetNumberOfTasks                   0x080026df   Thumb Code     6  tasks.o(.text)
    pcTaskGetName                            0x080026e5   Thumb Code    44  tasks.o(.text)
    vTaskGetInfo                             0x08002727   Thumb Code   126  tasks.o(.text)
    uxTaskGetSystemState                     0x0800280f   Thumb Code   238  tasks.o(.text)
    xTaskCatchUpTicks                        0x080028fd   Thumb Code    64  tasks.o(.text)
    vTaskPlaceOnEventList                    0x0800293d   Thumb Code    52  tasks.o(.text)
    vTaskPlaceOnUnorderedEventList           0x08002971   Thumb Code   134  tasks.o(.text)
    vTaskPlaceOnEventListRestricted          0x080029f7   Thumb Code    94  tasks.o(.text)
    xTaskRemoveFromEventList                 0x08002a55   Thumb Code   264  tasks.o(.text)
    vTaskRemoveFromUnorderedEventList        0x08002b5d   Thumb Code   250  tasks.o(.text)
    vTaskSetTimeOutState                     0x08002c57   Thumb Code    50  tasks.o(.text)
    vTaskInternalSetTimeOutState             0x08002c89   Thumb Code    14  tasks.o(.text)
    xTaskCheckForTimeOut                     0x08002c97   Thumb Code   174  tasks.o(.text)
    vTaskMissedYield                         0x08002d45   Thumb Code     8  tasks.o(.text)
    uxTaskGetTaskNumber                      0x08002d4d   Thumb Code    14  tasks.o(.text)
    vTaskSetTaskNumber                       0x08002d5b   Thumb Code     8  tasks.o(.text)
    xTaskGetCurrentTaskHandle                0x08002d63   Thumb Code     6  tasks.o(.text)
    xTaskGetSchedulerState                   0x08002d69   Thumb Code    24  tasks.o(.text)
    xTaskPriorityInherit                     0x08002d81   Thumb Code   224  tasks.o(.text)
    xTaskPriorityDisinherit                  0x08002e61   Thumb Code   226  tasks.o(.text)
    vTaskPriorityDisinheritAfterTimeout      0x08002f43   Thumb Code   268  tasks.o(.text)
    uxTaskResetEventItemValue                0x0800304f   Thumb Code    24  tasks.o(.text)
    pvTaskIncrementMutexHeldCount            0x08003067   Thumb Code    26  tasks.o(.text)
    ulTaskGenericNotifyTake                  0x08003081   Thumb Code   192  tasks.o(.text)
    xTaskGenericNotifyWait                   0x08003141   Thumb Code   196  tasks.o(.text)
    xTaskGenericNotify                       0x08003205   Thumb Code   442  tasks.o(.text)
    xTaskGenericNotifyFromISR                0x080033bf   Thumb Code   550  tasks.o(.text)
    vTaskGenericNotifyGiveFromISR            0x080035e5   Thumb Code   372  tasks.o(.text)
    xTaskGenericNotifyStateClear             0x08003759   Thumb Code    90  tasks.o(.text)
    ulTaskGenericNotifyValueClear            0x080037b3   Thumb Code    58  tasks.o(.text)
    xTimerCreateTimerTask                    0x08003b21   Thumb Code    66  timers.o(.text)
    xTimerCreate                             0x08003bbb   Thumb Code    54  timers.o(.text)
    xTimerGenericCommand                     0x08003bf1   Thumb Code   178  timers.o(.text)
    xTimerGetTimerDaemonTaskHandle           0x08003ca3   Thumb Code    42  timers.o(.text)
    xTimerGetPeriod                          0x08003ccd   Thumb Code    32  timers.o(.text)
    vTimerSetReloadMode                      0x08003ced   Thumb Code    70  timers.o(.text)
    uxTimerGetReloadMode                     0x08003d33   Thumb Code    58  timers.o(.text)
    xTimerGetExpiryTime                      0x08003d6d   Thumb Code    34  timers.o(.text)
    pcTimerGetName                           0x08003d8f   Thumb Code    32  timers.o(.text)
    xTimerIsTimerActive                      0x08003daf   Thumb Code    58  timers.o(.text)
    pvTimerGetTimerID                        0x08003de9   Thumb Code    44  timers.o(.text)
    vTimerSetTimerID                         0x08003e15   Thumb Code    44  timers.o(.text)
    uxTimerGetTimerNumber                    0x08003e41   Thumb Code     6  timers.o(.text)
    vTimerSetTimerNumber                     0x08003e47   Thumb Code     4  timers.o(.text)
    pxPortInitialiseStack                    0x08003e91   Thumb Code    38  port.o(.text)
    vPortSetupTimerInterrupt                 0x08003eb7   Thumb Code    36  port.o(.text)
    xPortStartScheduler                      0x08003edb   Thumb Code   330  port.o(.text)
    vPortEndScheduler                        0x08004025   Thumb Code    42  port.o(.text)
    vPortEnterCritical                       0x0800404f   Thumb Code    78  port.o(.text)
    vPortExitCritical                        0x0800409d   Thumb Code    56  port.o(.text)
    xPortSysTickHandler                      0x080040d5   Thumb Code    48  port.o(.text)
    vPortValidateInterruptPriority           0x08004105   Thumb Code   108  port.o(.text)
    pvPortMalloc                             0x08004257   Thumb Code   338  heap_4.o(.text)
    vPortFree                                0x080043a9   Thumb Code   150  heap_4.o(.text)
    xPortGetFreeHeapSize                     0x0800443f   Thumb Code     6  heap_4.o(.text)
    xPortGetMinimumEverFreeHeapSize          0x08004445   Thumb Code     6  heap_4.o(.text)
    vPortInitialiseBlocks                    0x0800444b   Thumb Code     2  heap_4.o(.text)
    vPortGetHeapStats                        0x0800444d   Thumb Code   104  heap_4.o(.text)
    NVIC_PriorityGroupConfig                 0x080044d5   Thumb Code    10  misc.o(.text)
    NVIC_Init                                0x080044df   Thumb Code   106  misc.o(.text)
    NVIC_SetVectorTable                      0x08004549   Thumb Code    14  misc.o(.text)
    NVIC_SystemLPConfig                      0x08004557   Thumb Code    34  misc.o(.text)
    SysTick_CLKSourceConfig                  0x08004579   Thumb Code    40  misc.o(.text)
    GPIO_DeInit                              0x080045b5   Thumb Code   268  stm32f4xx_gpio.o(.text)
    GPIO_Init                                0x080046c1   Thumb Code   144  stm32f4xx_gpio.o(.text)
    GPIO_StructInit                          0x08004751   Thumb Code    18  stm32f4xx_gpio.o(.text)
    GPIO_PinLockConfig                       0x08004763   Thumb Code    34  stm32f4xx_gpio.o(.text)
    GPIO_ReadInputDataBit                    0x08004785   Thumb Code    18  stm32f4xx_gpio.o(.text)
    GPIO_ReadInputData                       0x08004797   Thumb Code     8  stm32f4xx_gpio.o(.text)
    GPIO_ReadOutputDataBit                   0x0800479f   Thumb Code    18  stm32f4xx_gpio.o(.text)
    GPIO_ReadOutputData                      0x080047b1   Thumb Code     8  stm32f4xx_gpio.o(.text)
    GPIO_SetBits                             0x080047b9   Thumb Code     4  stm32f4xx_gpio.o(.text)
    GPIO_ResetBits                           0x080047bd   Thumb Code     4  stm32f4xx_gpio.o(.text)
    GPIO_WriteBit                            0x080047c1   Thumb Code    10  stm32f4xx_gpio.o(.text)
    GPIO_Write                               0x080047cb   Thumb Code     4  stm32f4xx_gpio.o(.text)
    GPIO_ToggleBits                          0x080047cf   Thumb Code     8  stm32f4xx_gpio.o(.text)
    GPIO_PinAFConfig                         0x080047d7   Thumb Code    70  stm32f4xx_gpio.o(.text)
    RCC_DeInit                               0x08004849   Thumb Code    82  stm32f4xx_rcc.o(.text)
    RCC_HSEConfig                            0x0800489b   Thumb Code    14  stm32f4xx_rcc.o(.text)
    RCC_GetFlagStatus                        0x080048a9   Thumb Code    60  stm32f4xx_rcc.o(.text)
    RCC_WaitForHSEStartUp                    0x080048e5   Thumb Code    56  stm32f4xx_rcc.o(.text)
    RCC_AdjustHSICalibrationValue            0x0800491d   Thumb Code    20  stm32f4xx_rcc.o(.text)
    RCC_HSICmd                               0x08004931   Thumb Code     6  stm32f4xx_rcc.o(.text)
    RCC_LSEConfig                            0x08004937   Thumb Code    46  stm32f4xx_rcc.o(.text)
    RCC_LSICmd                               0x08004965   Thumb Code     6  stm32f4xx_rcc.o(.text)
    RCC_PLLConfig                            0x0800496b   Thumb Code    32  stm32f4xx_rcc.o(.text)
    RCC_PLLCmd                               0x0800498b   Thumb Code     6  stm32f4xx_rcc.o(.text)
    RCC_PLLI2SConfig                         0x08004991   Thumb Code    14  stm32f4xx_rcc.o(.text)
    RCC_PLLI2SCmd                            0x0800499f   Thumb Code     6  stm32f4xx_rcc.o(.text)
    RCC_PLLSAIConfig                         0x080049a5   Thumb Code    20  stm32f4xx_rcc.o(.text)
    RCC_PLLSAICmd                            0x080049b9   Thumb Code     6  stm32f4xx_rcc.o(.text)
    RCC_ClockSecuritySystemCmd               0x080049bf   Thumb Code     6  stm32f4xx_rcc.o(.text)
    RCC_MCO1Config                           0x080049c5   Thumb Code    28  stm32f4xx_rcc.o(.text)
    RCC_MCO2Config                           0x080049e1   Thumb Code    28  stm32f4xx_rcc.o(.text)
    RCC_SYSCLKConfig                         0x080049fd   Thumb Code    20  stm32f4xx_rcc.o(.text)
    RCC_GetSYSCLKSource                      0x08004a11   Thumb Code    12  stm32f4xx_rcc.o(.text)
    RCC_HCLKConfig                           0x08004a1d   Thumb Code    20  stm32f4xx_rcc.o(.text)
    RCC_PCLK1Config                          0x08004a31   Thumb Code    20  stm32f4xx_rcc.o(.text)
    RCC_PCLK2Config                          0x08004a45   Thumb Code    22  stm32f4xx_rcc.o(.text)
    RCC_GetClocksFreq                        0x08004a5b   Thumb Code   222  stm32f4xx_rcc.o(.text)
    RCC_RTCCLKConfig                         0x08004b39   Thumb Code    54  stm32f4xx_rcc.o(.text)
    RCC_RTCCLKCmd                            0x08004b6f   Thumb Code     8  stm32f4xx_rcc.o(.text)
    RCC_BackupResetCmd                       0x08004b77   Thumb Code     8  stm32f4xx_rcc.o(.text)
    RCC_I2SCLKConfig                         0x08004b7f   Thumb Code     6  stm32f4xx_rcc.o(.text)
    RCC_SAIPLLI2SClkDivConfig                0x08004b85   Thumb Code    26  stm32f4xx_rcc.o(.text)
    RCC_SAIPLLSAIClkDivConfig                0x08004b9f   Thumb Code    28  stm32f4xx_rcc.o(.text)
    RCC_SAIBlockACLKConfig                   0x08004bbb   Thumb Code    20  stm32f4xx_rcc.o(.text)
    RCC_SAIBlockBCLKConfig                   0x08004bcf   Thumb Code    20  stm32f4xx_rcc.o(.text)
    RCC_LTDCCLKDivConfig                     0x08004be3   Thumb Code    20  stm32f4xx_rcc.o(.text)
    RCC_TIMCLKPresConfig                     0x08004bf7   Thumb Code     6  stm32f4xx_rcc.o(.text)
    RCC_AHB1PeriphClockCmd                   0x08004bfd   Thumb Code    34  stm32f4xx_rcc.o(.text)
    RCC_AHB2PeriphClockCmd                   0x08004c1f   Thumb Code    78  stm32f4xx_rcc.o(.text)
    RCC_AHB3PeriphClockCmd                   0x08004c6d   Thumb Code    34  stm32f4xx_rcc.o(.text)
    RCC_APB1PeriphClockCmd                   0x08004c8f   Thumb Code    34  stm32f4xx_rcc.o(.text)
    RCC_APB2PeriphClockCmd                   0x08004cb1   Thumb Code    34  stm32f4xx_rcc.o(.text)
    RCC_AHB1PeriphResetCmd                   0x08004cd3   Thumb Code    34  stm32f4xx_rcc.o(.text)
    RCC_AHB2PeriphResetCmd                   0x08004cf5   Thumb Code    34  stm32f4xx_rcc.o(.text)
    RCC_AHB3PeriphResetCmd                   0x08004d17   Thumb Code    34  stm32f4xx_rcc.o(.text)
    RCC_APB1PeriphResetCmd                   0x08004d39   Thumb Code    34  stm32f4xx_rcc.o(.text)
    RCC_APB2PeriphResetCmd                   0x08004d5b   Thumb Code    34  stm32f4xx_rcc.o(.text)
    RCC_AHB1PeriphClockLPModeCmd             0x08004d7d   Thumb Code    34  stm32f4xx_rcc.o(.text)
    RCC_AHB2PeriphClockLPModeCmd             0x08004d9f   Thumb Code    34  stm32f4xx_rcc.o(.text)
    RCC_AHB3PeriphClockLPModeCmd             0x08004dc1   Thumb Code    34  stm32f4xx_rcc.o(.text)
    RCC_APB1PeriphClockLPModeCmd             0x08004de3   Thumb Code    34  stm32f4xx_rcc.o(.text)
    RCC_APB2PeriphClockLPModeCmd             0x08004e05   Thumb Code    34  stm32f4xx_rcc.o(.text)
    RCC_LSEModeConfig                        0x08004e27   Thumb Code    40  stm32f4xx_rcc.o(.text)
    RCC_ITConfig                             0x08004e4f   Thumb Code    34  stm32f4xx_rcc.o(.text)
    RCC_ClearFlag                            0x08004e71   Thumb Code    18  stm32f4xx_rcc.o(.text)
    RCC_GetITStatus                          0x08004e83   Thumb Code    22  stm32f4xx_rcc.o(.text)
    RCC_ClearITPendingBit                    0x08004e99   Thumb Code     8  stm32f4xx_rcc.o(.text)
    USART_DeInit                             0x08004ea5   Thumb Code   206  stm32f4xx_usart.o(.text)
    USART_Init                               0x08004f73   Thumb Code   204  stm32f4xx_usart.o(.text)
    USART_StructInit                         0x0800503f   Thumb Code    24  stm32f4xx_usart.o(.text)
    USART_ClockInit                          0x08005057   Thumb Code    32  stm32f4xx_usart.o(.text)
    USART_ClockStructInit                    0x08005077   Thumb Code    12  stm32f4xx_usart.o(.text)
    USART_Cmd                                0x08005083   Thumb Code    24  stm32f4xx_usart.o(.text)
    USART_SetPrescaler                       0x0800509b   Thumb Code    16  stm32f4xx_usart.o(.text)
    USART_OverSampling8Cmd                   0x080050ab   Thumb Code    22  stm32f4xx_usart.o(.text)
    USART_OneBitMethodCmd                    0x080050c1   Thumb Code    24  stm32f4xx_usart.o(.text)
    USART_SendData                           0x080050d9   Thumb Code     8  stm32f4xx_usart.o(.text)
    USART_ReceiveData                        0x080050e1   Thumb Code    10  stm32f4xx_usart.o(.text)
    USART_SetAddress                         0x080050eb   Thumb Code    18  stm32f4xx_usart.o(.text)
    USART_ReceiverWakeUpCmd                  0x080050fd   Thumb Code    24  stm32f4xx_usart.o(.text)
    USART_WakeUpConfig                       0x08005115   Thumb Code    18  stm32f4xx_usart.o(.text)
    USART_LINBreakDetectLengthConfig         0x08005127   Thumb Code    18  stm32f4xx_usart.o(.text)
    USART_LINCmd                             0x08005139   Thumb Code    24  stm32f4xx_usart.o(.text)
    USART_SendBreak                          0x08005151   Thumb Code    10  stm32f4xx_usart.o(.text)
    USART_HalfDuplexCmd                      0x0800515b   Thumb Code    24  stm32f4xx_usart.o(.text)
    USART_SetGuardTime                       0x08005173   Thumb Code    16  stm32f4xx_usart.o(.text)
    USART_SmartCardCmd                       0x08005183   Thumb Code    24  stm32f4xx_usart.o(.text)
    USART_SmartCardNACKCmd                   0x0800519b   Thumb Code    24  stm32f4xx_usart.o(.text)
    USART_IrDAConfig                         0x080051b3   Thumb Code    18  stm32f4xx_usart.o(.text)
    USART_IrDACmd                            0x080051c5   Thumb Code    24  stm32f4xx_usart.o(.text)
    USART_DMACmd                             0x080051dd   Thumb Code    18  stm32f4xx_usart.o(.text)
    USART_ITConfig                           0x080051ef   Thumb Code    74  stm32f4xx_usart.o(.text)
    USART_GetFlagStatus                      0x08005239   Thumb Code    26  stm32f4xx_usart.o(.text)
    USART_ClearFlag                          0x08005253   Thumb Code    18  stm32f4xx_usart.o(.text)
    USART_GetITStatus                        0x08005265   Thumb Code   118  stm32f4xx_usart.o(.text)
    USART_ClearITPendingBit                  0x080052db   Thumb Code    30  stm32f4xx_usart.o(.text)
    SysTick_Handler                          0x080052f9   Thumb Code    16  delay.o(.text)
    delay_init                               0x08005309   Thumb Code    58  delay.o(.text)
    delay_us                                 0x08005343   Thumb Code    68  delay.o(.text)
    delay_ms                                 0x08005387   Thumb Code    60  delay.o(.text)
    delay_xms                                0x080053c3   Thumb Code    24  delay.o(.text)
    _sys_exit                                0x080053e5   Thumb Code     4  usart.o(.text)
    fputc                                    0x080053e9   Thumb Code    22  usart.o(.text)
    uart_init                                0x080053ff   Thumb Code   164  usart.o(.text)
    USART1_IRQHandler                        0x080054a3   Thumb Code   122  usart.o(.text)
    __use_no_semihosting                     0x0800552d   Thumb Code     2  use_no_semi_2.o(.text)
    __2printf                                0x08005531   Thumb Code    20  noretval__2printf.o(.text)
    __printf                                 0x08005549   Thumb Code   270  __printf_wp.o(.text)
    __aeabi_memcpy                           0x08005657   Thumb Code     0  rt_memcpy_v6.o(.text)
    __rt_memcpy                              0x08005657   Thumb Code   138  rt_memcpy_v6.o(.text)
    _memcpy_lastbytes                        0x080056bd   Thumb Code     0  rt_memcpy_v6.o(.text)
    __aeabi_memset                           0x080056e1   Thumb Code    16  aeabi_memset.o(.text)
    __aeabi_memclr4                          0x080056f1   Thumb Code     0  rt_memclr_w.o(.text)
    __aeabi_memclr8                          0x080056f1   Thumb Code     0  rt_memclr_w.o(.text)
    __rt_memclr_w                            0x080056f1   Thumb Code    78  rt_memclr_w.o(.text)
    _memset_w                                0x080056f5   Thumb Code     0  rt_memclr_w.o(.text)
    __use_two_region_memory                  0x0800573f   Thumb Code     2  heapauxi.o(.text)
    __rt_heap_escrow$2region                 0x08005741   Thumb Code     2  heapauxi.o(.text)
    __rt_heap_expand$2region                 0x08005743   Thumb Code     2  heapauxi.o(.text)
    __I$use$semihosting                      0x08005745   Thumb Code     0  use_no_semi.o(.text)
    __use_no_semihosting_swi                 0x08005745   Thumb Code     2  use_no_semi.o(.text)
    __lib_sel_fp_printf                      0x08005747   Thumb Code     2  _printf_fp_dec.o(.text)
    _printf_fp_dec_real                      0x080058f9   Thumb Code   620  _printf_fp_dec.o(.text)
    _printf_char_file                        0x08005b65   Thumb Code    32  _printf_char_file.o(.text)
    __aeabi_memcpy4                          0x08005b89   Thumb Code     0  rt_memcpy_w.o(.text)
    __aeabi_memcpy8                          0x08005b89   Thumb Code     0  rt_memcpy_w.o(.text)
    __rt_memcpy_w                            0x08005b89   Thumb Code   100  rt_memcpy_w.o(.text)
    _memcpy_lastbytes_aligned                0x08005bd1   Thumb Code     0  rt_memcpy_w.o(.text)
    __aeabi_memclr                           0x08005bed   Thumb Code     0  rt_memclr.o(.text)
    __rt_memclr                              0x08005bed   Thumb Code    68  rt_memclr.o(.text)
    _memset                                  0x08005bf1   Thumb Code     0  rt_memclr.o(.text)
    __rt_locale                              0x08005c31   Thumb Code     8  rt_locale_intlibspace.o(.text)
    _ll_udiv10                               0x08005c39   Thumb Code   138  lludiv10.o(.text)
    _printf_char_common                      0x08005ccf   Thumb Code    32  _printf_char_common.o(.text)
    _printf_fp_infnan                        0x08005cf5   Thumb Code   112  _printf_fp_infnan.o(.text)
    _btod_etento                             0x08005d75   Thumb Code   224  bigflt0.o(.text)
    ferror                                   0x08005e59   Thumb Code     8  ferror.o(.text)
    __user_libspace                          0x08005e61   Thumb Code     8  libspace.o(.text)
    __user_perproc_libspace                  0x08005e61   Thumb Code     0  libspace.o(.text)
    __user_perthread_libspace                0x08005e61   Thumb Code     0  libspace.o(.text)
    __user_setup_stackheap                   0x08005e69   Thumb Code    74  sys_stackheap_outer.o(.text)
    exit                                     0x08005eb3   Thumb Code    18  exit.o(.text)
    strcmp                                   0x08005ec5   Thumb Code   128  strcmpv7m.o(.text)
    _btod_d2e                                0x08005f45   Thumb Code    62  btod.o(CL$$btod_d2e)
    _d2e_denorm_low                          0x08005f83   Thumb Code    70  btod.o(CL$$btod_d2e_denorm_low)
    _d2e_norm_op1                            0x08005fc9   Thumb Code    96  btod.o(CL$$btod_d2e_norm_op1)
    __btod_div_common                        0x08006029   Thumb Code   696  btod.o(CL$$btod_div_common)
    _e2e                                     0x08006361   Thumb Code   220  btod.o(CL$$btod_e2e)
    _btod_ediv                               0x0800643d   Thumb Code    42  btod.o(CL$$btod_ediv)
    _btod_emul                               0x08006467   Thumb Code    42  btod.o(CL$$btod_emul)
    __btod_mult_common                       0x08006491   Thumb Code   580  btod.o(CL$$btod_mult_common)
    __ARM_fpclassify                         0x080066d5   Thumb Code    48  fpclassify.o(i.__ARM_fpclassify)
    _is_digit                                0x08006705   Thumb Code    14  __printf_wp.o(i._is_digit)
    _get_lc_numeric                          0x08006715   Thumb Code    44  lc_numeric_c.o(locale$$code)
    __fpl_dretinf                            0x08006741   Thumb Code    12  dretinf.o(x$fpl$dretinf)
    __aeabi_f2d                              0x0800674d   Thumb Code     0  f2d.o(x$fpl$f2d)
    _f2d                                     0x0800674d   Thumb Code    86  f2d.o(x$fpl$f2d)
    __fpl_fnaninf                            0x080067a3   Thumb Code   140  fnaninf.o(x$fpl$fnaninf)
    _fp_init                                 0x0800682f   Thumb Code    10  fpinit.o(x$fpl$fpinit)
    __fplib_config_fpu_vfp                   0x08006837   Thumb Code     0  fpinit.o(x$fpl$fpinit)
    __fplib_config_pureend_doubles           0x08006837   Thumb Code     0  fpinit.o(x$fpl$fpinit)
    _printf_fp_dec                           0x08006839   Thumb Code     4  printf1.o(x$fpl$printf1)
    __I$use$fp                               0x0800683c   Number         0  usenofp.o(x$fpl$usenofp)
    Region$$Table$$Base                      0x080068d0   Number         0  anon$$obj.o(Region$$Table)
    Region$$Table$$Limit                     0x080068f0   Number         0  anon$$obj.o(Region$$Table)
    StartTask_Handler                        0x20000000   Data           4  main.o(.data)
    LED0Task_Handler                         0x20000004   Data           4  main.o(.data)
    LED1Task_Handler                         0x20000008   Data           4  main.o(.data)
    FLOATTask_Handler                        0x2000000c   Data           4  main.o(.data)
    SystemCoreClock                          0x20000014   Data           4  system_stm32f4xx.o(.data)
    AHBPrescTable                            0x20000018   Data          16  system_stm32f4xx.o(.data)
    pxCurrentTCB                             0x20000028   Data           4  tasks.o(.data)
    uxTopUsedPriority                        0x20000060   Data           4  tasks.o(.data)
    __stdout                                 0x200000bc   Data           4  usart.o(.data)
    USART_RX_STA                             0x200000c0   Data           2  usart.o(.data)
    xQueueRegistry                           0x200000c4   Data          64  queue.o(.bss)
    USART_RX_BUF                             0x20012df4   Data         200  usart.o(.bss)
    __libspace_start                         0x20012ebc   Data          96  libspace.o(.bss)
    __temporary_stack_top$libspace           0x20012f1c   Data           0  libspace.o(.bss)



==============================================================================

Memory Map of the image

  Image Entry point : 0x08000189

  Load Region LR_IROM1 (Base: 0x08000000, Size: 0x000069d0, Max: 0x00100000, ABSOLUTE)

    Execution Region ER_IROM1 (Exec base: 0x08000000, Load base: 0x08000000, Size: 0x0000690c, Max: 0x00100000, ABSOLUTE)

    Exec Addr    Load Addr    Size         Type   Attr      Idx    E Section Name        Object

    0x08000000   0x08000000   0x00000188   Data   RO          229    RESET               startup_stm32f40_41xxx.o
    0x08000188   0x08000188   0x00000008   Code   RO         1340  * !!!main             c_w.l(__main.o)
    0x08000190   0x08000190   0x00000034   Code   RO         1566    !!!scatter          c_w.l(__scatter.o)
    0x080001c4   0x080001c4   0x0000001a   Code   RO         1568    !!handler_copy      c_w.l(__scatter_copy.o)
    0x080001de   0x080001de   0x00000002   PAD
    0x080001e0   0x080001e0   0x0000001c   Code   RO         1570    !!handler_zi        c_w.l(__scatter_zi.o)
    0x080001fc   0x080001fc   0x00000000   Code   RO         1329    .ARM.Collect$$_printf_percent$$00000000  c_w.l(_printf_percent.o)
    0x080001fc   0x080001fc   0x00000006   Code   RO         1328    .ARM.Collect$$_printf_percent$$00000003  c_w.l(_printf_f.o)
    0x08000202   0x08000202   0x00000004   Code   RO         1353    .ARM.Collect$$_printf_percent$$00000017  c_w.l(_printf_percent_end.o)
    0x08000206   0x08000206   0x00000002   Code   RO         1441    .ARM.Collect$$libinit$$00000000  c_w.l(libinit.o)
    0x08000208   0x08000208   0x00000004   Code   RO         1442    .ARM.Collect$$libinit$$00000001  c_w.l(libinit2.o)
    0x0800020c   0x0800020c   0x00000000   Code   RO         1445    .ARM.Collect$$libinit$$00000004  c_w.l(libinit2.o)
    0x0800020c   0x0800020c   0x00000000   Code   RO         1448    .ARM.Collect$$libinit$$0000000A  c_w.l(libinit2.o)
    0x0800020c   0x0800020c   0x00000000   Code   RO         1450    .ARM.Collect$$libinit$$0000000C  c_w.l(libinit2.o)
    0x0800020c   0x0800020c   0x00000000   Code   RO         1452    .ARM.Collect$$libinit$$0000000E  c_w.l(libinit2.o)
    0x0800020c   0x0800020c   0x00000006   Code   RO         1453    .ARM.Collect$$libinit$$0000000F  c_w.l(libinit2.o)
    0x08000212   0x08000212   0x00000000   Code   RO         1455    .ARM.Collect$$libinit$$00000011  c_w.l(libinit2.o)
    0x08000212   0x08000212   0x00000000   Code   RO         1457    .ARM.Collect$$libinit$$00000013  c_w.l(libinit2.o)
    0x08000212   0x08000212   0x00000000   Code   RO         1459    .ARM.Collect$$libinit$$00000015  c_w.l(libinit2.o)
    0x08000212   0x08000212   0x0000000a   Code   RO         1460    .ARM.Collect$$libinit$$00000016  c_w.l(libinit2.o)
    0x0800021c   0x0800021c   0x00000000   Code   RO         1461    .ARM.Collect$$libinit$$00000017  c_w.l(libinit2.o)
    0x0800021c   0x0800021c   0x00000000   Code   RO         1463    .ARM.Collect$$libinit$$00000019  c_w.l(libinit2.o)
    0x0800021c   0x0800021c   0x00000000   Code   RO         1465    .ARM.Collect$$libinit$$0000001B  c_w.l(libinit2.o)
    0x0800021c   0x0800021c   0x00000000   Code   RO         1467    .ARM.Collect$$libinit$$0000001D  c_w.l(libinit2.o)
    0x0800021c   0x0800021c   0x00000000   Code   RO         1469    .ARM.Collect$$libinit$$0000001F  c_w.l(libinit2.o)
    0x0800021c   0x0800021c   0x00000000   Code   RO         1471    .ARM.Collect$$libinit$$00000021  c_w.l(libinit2.o)
    0x0800021c   0x0800021c   0x00000000   Code   RO         1473    .ARM.Collect$$libinit$$00000023  c_w.l(libinit2.o)
    0x0800021c   0x0800021c   0x00000000   Code   RO         1475    .ARM.Collect$$libinit$$00000025  c_w.l(libinit2.o)
    0x0800021c   0x0800021c   0x00000000   Code   RO         1479    .ARM.Collect$$libinit$$0000002C  c_w.l(libinit2.o)
    0x0800021c   0x0800021c   0x00000000   Code   RO         1481    .ARM.Collect$$libinit$$0000002E  c_w.l(libinit2.o)
    0x0800021c   0x0800021c   0x00000000   Code   RO         1483    .ARM.Collect$$libinit$$00000030  c_w.l(libinit2.o)
    0x0800021c   0x0800021c   0x00000000   Code   RO         1485    .ARM.Collect$$libinit$$00000032  c_w.l(libinit2.o)
    0x0800021c   0x0800021c   0x00000002   Code   RO         1486    .ARM.Collect$$libinit$$00000033  c_w.l(libinit2.o)
    0x0800021e   0x0800021e   0x00000002   Code   RO         1514    .ARM.Collect$$libshutdown$$00000000  c_w.l(libshutdown.o)
    0x08000220   0x08000220   0x00000000   Code   RO         1523    .ARM.Collect$$libshutdown$$00000002  c_w.l(libshutdown2.o)
    0x08000220   0x08000220   0x00000000   Code   RO         1525    .ARM.Collect$$libshutdown$$00000004  c_w.l(libshutdown2.o)
    0x08000220   0x08000220   0x00000000   Code   RO         1527    .ARM.Collect$$libshutdown$$00000006  c_w.l(libshutdown2.o)
    0x08000220   0x08000220   0x00000000   Code   RO         1530    .ARM.Collect$$libshutdown$$00000009  c_w.l(libshutdown2.o)
    0x08000220   0x08000220   0x00000000   Code   RO         1533    .ARM.Collect$$libshutdown$$0000000C  c_w.l(libshutdown2.o)
    0x08000220   0x08000220   0x00000000   Code   RO         1535    .ARM.Collect$$libshutdown$$0000000E  c_w.l(libshutdown2.o)
    0x08000220   0x08000220   0x00000000   Code   RO         1538    .ARM.Collect$$libshutdown$$00000011  c_w.l(libshutdown2.o)
    0x08000220   0x08000220   0x00000002   Code   RO         1539    .ARM.Collect$$libshutdown$$00000012  c_w.l(libshutdown2.o)
    0x08000222   0x08000222   0x00000000   Code   RO         1348    .ARM.Collect$$rtentry$$00000000  c_w.l(__rtentry.o)
    0x08000222   0x08000222   0x00000000   Code   RO         1364    .ARM.Collect$$rtentry$$00000002  c_w.l(__rtentry2.o)
    0x08000222   0x08000222   0x00000006   Code   RO         1376    .ARM.Collect$$rtentry$$00000004  c_w.l(__rtentry4.o)
    0x08000228   0x08000228   0x00000000   Code   RO         1366    .ARM.Collect$$rtentry$$00000009  c_w.l(__rtentry2.o)
    0x08000228   0x08000228   0x00000004   Code   RO         1367    .ARM.Collect$$rtentry$$0000000A  c_w.l(__rtentry2.o)
    0x0800022c   0x0800022c   0x00000000   Code   RO         1369    .ARM.Collect$$rtentry$$0000000C  c_w.l(__rtentry2.o)
    0x0800022c   0x0800022c   0x00000008   Code   RO         1370    .ARM.Collect$$rtentry$$0000000D  c_w.l(__rtentry2.o)
    0x08000234   0x08000234   0x00000002   Code   RO         1487    .ARM.Collect$$rtexit$$00000000  c_w.l(rtexit.o)
    0x08000236   0x08000236   0x00000000   Code   RO         1494    .ARM.Collect$$rtexit$$00000002  c_w.l(rtexit2.o)
    0x08000236   0x08000236   0x00000004   Code   RO         1495    .ARM.Collect$$rtexit$$00000003  c_w.l(rtexit2.o)
    0x0800023a   0x0800023a   0x00000006   Code   RO         1496    .ARM.Collect$$rtexit$$00000004  c_w.l(rtexit2.o)
    0x08000240   0x08000240   0x000000be   Code   RO          459    .emb_text           port.o
    0x080002fe   0x080002fe   0x00000002   PAD
    0x08000300   0x08000300   0x00000164   Code   RO            3    .text               main.o
    0x08000464   0x08000464   0x00000014   Code   RO          180    .text               stm32f4xx_it.o
    0x08000478   0x08000478   0x00000210   Code   RO          203    .text               system_stm32f4xx.o
    0x08000688   0x08000688   0x00000040   Code   RO          230    .text               startup_stm32f40_41xxx.o
    0x080006c8   0x080006c8   0x00000040   Code   RO          236    .text               led.o
    0x08000708   0x08000708   0x00000094   Code   RO          341    .text               list.o
    0x0800079c   0x0800079c   0x0000101c   Code   RO          356    .text               queue.o
    0x080017b8   0x080017b8   0x0000204c   Code   RO          404    .text               tasks.o
    0x08003804   0x08003804   0x00000650   Code   RO          426    .text               timers.o
    0x08003e54   0x08003e54   0x00000340   Code   RO          460    .text               port.o
    0x08004194   0x08004194   0x00000340   Code   RO          489    .text               heap_4.o
    0x080044d4   0x080044d4   0x000000e0   Code   RO          506    .text               misc.o
    0x080045b4   0x080045b4   0x00000294   Code   RO          855    .text               stm32f4xx_gpio.o
    0x08004848   0x08004848   0x0000065c   Code   RO         1018    .text               stm32f4xx_rcc.o
    0x08004ea4   0x08004ea4   0x00000454   Code   RO         1183    .text               stm32f4xx_usart.o
    0x080052f8   0x080052f8   0x000000ec   Code   RO         1223    .text               delay.o
    0x080053e4   0x080053e4   0x00000148   Code   RO         1263    .text               usart.o
    0x0800552c   0x0800552c   0x00000002   Code   RO         1300    .text               c_w.l(use_no_semi_2.o)
    0x0800552e   0x0800552e   0x00000002   PAD
    0x08005530   0x08005530   0x00000018   Code   RO         1304    .text               c_w.l(noretval__2printf.o)
    0x08005548   0x08005548   0x0000010e   Code   RO         1316    .text               c_w.l(__printf_wp.o)
    0x08005656   0x08005656   0x0000008a   Code   RO         1330    .text               c_w.l(rt_memcpy_v6.o)
    0x080056e0   0x080056e0   0x00000010   Code   RO         1334    .text               c_w.l(aeabi_memset.o)
    0x080056f0   0x080056f0   0x0000004e   Code   RO         1336    .text               c_w.l(rt_memclr_w.o)
    0x0800573e   0x0800573e   0x00000006   Code   RO         1338    .text               c_w.l(heapauxi.o)
    0x08005744   0x08005744   0x00000002   Code   RO         1346    .text               c_w.l(use_no_semi.o)
    0x08005746   0x08005746   0x0000041e   Code   RO         1349    .text               c_w.l(_printf_fp_dec.o)
    0x08005b64   0x08005b64   0x00000024   Code   RO         1351    .text               c_w.l(_printf_char_file.o)
    0x08005b88   0x08005b88   0x00000064   Code   RO         1354    .text               c_w.l(rt_memcpy_w.o)
    0x08005bec   0x08005bec   0x00000044   Code   RO         1356    .text               c_w.l(rt_memclr.o)
    0x08005c30   0x08005c30   0x00000008   Code   RO         1381    .text               c_w.l(rt_locale_intlibspace.o)
    0x08005c38   0x08005c38   0x0000008a   Code   RO         1383    .text               c_w.l(lludiv10.o)
    0x08005cc2   0x08005cc2   0x00000002   PAD
    0x08005cc4   0x08005cc4   0x00000030   Code   RO         1385    .text               c_w.l(_printf_char_common.o)
    0x08005cf4   0x08005cf4   0x00000080   Code   RO         1387    .text               c_w.l(_printf_fp_infnan.o)
    0x08005d74   0x08005d74   0x000000e4   Code   RO         1389    .text               c_w.l(bigflt0.o)
    0x08005e58   0x08005e58   0x00000008   Code   RO         1414    .text               c_w.l(ferror.o)
    0x08005e60   0x08005e60   0x00000008   Code   RO         1425    .text               c_w.l(libspace.o)
    0x08005e68   0x08005e68   0x0000004a   Code   RO         1428    .text               c_w.l(sys_stackheap_outer.o)
    0x08005eb2   0x08005eb2   0x00000012   Code   RO         1432    .text               c_w.l(exit.o)
    0x08005ec4   0x08005ec4   0x00000080   Code   RO         1434    .text               c_w.l(strcmpv7m.o)
    0x08005f44   0x08005f44   0x0000003e   Code   RO         1392    CL$$btod_d2e        c_w.l(btod.o)
    0x08005f82   0x08005f82   0x00000046   Code   RO         1394    CL$$btod_d2e_denorm_low  c_w.l(btod.o)
    0x08005fc8   0x08005fc8   0x00000060   Code   RO         1393    CL$$btod_d2e_norm_op1  c_w.l(btod.o)
    0x08006028   0x08006028   0x00000338   Code   RO         1402    CL$$btod_div_common  c_w.l(btod.o)
    0x08006360   0x08006360   0x000000dc   Code   RO         1399    CL$$btod_e2e        c_w.l(btod.o)
    0x0800643c   0x0800643c   0x0000002a   Code   RO         1396    CL$$btod_ediv       c_w.l(btod.o)
    0x08006466   0x08006466   0x0000002a   Code   RO         1395    CL$$btod_emul       c_w.l(btod.o)
    0x08006490   0x08006490   0x00000244   Code   RO         1401    CL$$btod_mult_common  c_w.l(btod.o)
    0x080066d4   0x080066d4   0x00000030   Code   RO         1423    i.__ARM_fpclassify  m_wm.l(fpclassify.o)
    0x08006704   0x08006704   0x0000000e   Code   RO         1318    i._is_digit         c_w.l(__printf_wp.o)
    0x08006712   0x08006712   0x00000002   PAD
    0x08006714   0x08006714   0x0000002c   Code   RO         1419    locale$$code        c_w.l(lc_numeric_c.o)
    0x08006740   0x08006740   0x0000000c   Code   RO         1358    x$fpl$dretinf       fz_wm.l(dretinf.o)
    0x0800674c   0x0800674c   0x00000056   Code   RO         1342    x$fpl$f2d           fz_wm.l(f2d.o)
    0x080067a2   0x080067a2   0x0000008c   Code   RO         1360    x$fpl$fnaninf       fz_wm.l(fnaninf.o)
    0x0800682e   0x0800682e   0x0000000a   Code   RO         1491    x$fpl$fpinit        fz_wm.l(fpinit.o)
    0x08006838   0x08006838   0x00000004   Code   RO         1344    x$fpl$printf1       fz_wm.l(printf1.o)
    0x0800683c   0x0800683c   0x00000000   Code   RO         1362    x$fpl$usenofp       fz_wm.l(usenofp.o)
    0x0800683c   0x0800683c   0x00000094   Data   RO         1390    .constdata          c_w.l(bigflt0.o)
    0x080068d0   0x080068d0   0x00000020   Data   RO         1564    Region$$Table       anon$$obj.o
    0x080068f0   0x080068f0   0x0000001c   Data   RO         1418    locale$$data        c_w.l(lc_numeric_c.o)


    Execution Region RW_IRAM1 (Exec base: 0x20000000, Load base: 0x0800690c, Size: 0x00013520, Max: 0x00020000, ABSOLUTE)

    Exec Addr    Load Addr    Size         Type   Attr      Idx    E Section Name        Object

    0x20000000   0x0800690c   0x00000014   Data   RW            4    .data               main.o
    0x20000014   0x08006920   0x00000014   Data   RW          204    .data               system_stm32f4xx.o
    0x20000028   0x08006934   0x00000040   Data   RW          406    .data               tasks.o
    0x20000068   0x08006974   0x00000014   Data   RW          428    .data               timers.o
    0x2000007c   0x08006988   0x0000000c   Data   RW          461    .data               port.o
    0x20000088   0x08006994   0x00000020   Data   RW          491    .data               heap_4.o
    0x200000a8   0x080069b4   0x00000010   Data   RW         1019    .data               stm32f4xx_rcc.o
    0x200000b8   0x080069c4   0x00000004   Data   RW         1224    .data               delay.o
    0x200000bc   0x080069c8   0x00000006   Data   RW         1265    .data               usart.o
    0x200000c2   0x080069ce   0x00000002   PAD
    0x200000c4        -       0x00000040   Zero   RW          357    .bss                queue.o
    0x20000104        -       0x000000c8   Zero   RW          405    .bss                tasks.o
    0x200001cc        -       0x00000028   Zero   RW          427    .bss                timers.o
    0x200001f4        -       0x00012c00   Zero   RW          490    .bss                heap_4.o
    0x20012df4        -       0x000000c8   Zero   RW         1264    .bss                usart.o
    0x20012ebc        -       0x00000060   Zero   RW         1426    .bss                c_w.l(libspace.o)
    0x20012f1c   0x080069ce   0x00000004   PAD
    0x20012f20        -       0x00000200   Zero   RW          228    HEAP                startup_stm32f40_41xxx.o
    0x20013120        -       0x00000400   Zero   RW          227    STACK               startup_stm32f40_41xxx.o


==============================================================================

Image component sizes


      Code (inc. data)   RO Data    RW Data    ZI Data      Debug   Object Name

       236         10          0          4          0       1713   delay.o
         0          0          0          0          0      14688   event_groups.o
       832         32          0         32      76800       4290   heap_4.o
        64          4          0          0          0     229743   led.o
       148          0          0          0          0       2074   list.o
       356        106          0         20          0      48669   main.o
       224         20          0          0          0       1861   misc.o
      1022         52          0         12          0       8999   port.o
      4124         18          0          0         64      22000   queue.o
        64         26        392          0       1536        848   startup_stm32f40_41xxx.o
       660         44          0          0          0       4201   stm32f4xx_gpio.o
        20          0          0          0          0        967   stm32f4xx_it.o
      1628         52          0         16          0      13100   stm32f4xx_rcc.o
      1108         34          0          0          0       7924   stm32f4xx_usart.o
       528         46          0         20          0       1843   system_stm32f4xx.o
      8268        402          0         64        200      37101   tasks.o
      1616         72          0         20         40      27087   timers.o
       328         16          0          6        200       3426   usart.o

    ----------------------------------------------------------------------
     21228        934        424        196      78840     430534   Object Totals
         0          0         32          0          0          0   (incl. Generated)
         2          0          0          2          0          0   (incl. Padding)

    ----------------------------------------------------------------------

      Code (inc. data)   RO Data    RW Data    ZI Data      Debug   Library Member Name

         8          0          0          0          0         68   __main.o
       284          0          0          0          0        156   __printf_wp.o
         0          0          0          0          0          0   __rtentry.o
        12          0          0          0          0          0   __rtentry2.o
         6          0          0          0          0          0   __rtentry4.o
        52          8          0          0          0          0   __scatter.o
        26          0          0          0          0          0   __scatter_copy.o
        28          0          0          0          0          0   __scatter_zi.o
        48          6          0          0          0         96   _printf_char_common.o
        36          4          0          0          0         80   _printf_char_file.o
         6          0          0          0          0          0   _printf_f.o
      1054          0          0          0          0        216   _printf_fp_dec.o
       128         16          0          0          0         84   _printf_fp_infnan.o
         0          0          0          0          0          0   _printf_percent.o
         4          0          0          0          0          0   _printf_percent_end.o
        16          0          0          0          0         68   aeabi_memset.o
       228          4        148          0          0         96   bigflt0.o
      1936        128          0          0          0        672   btod.o
        18          0          0          0          0         80   exit.o
         8          0          0          0          0         68   ferror.o
         6          0          0          0          0        152   heapauxi.o
        44         10         28          0          0         76   lc_numeric_c.o
         2          0          0          0          0          0   libinit.o
        22          0          0          0          0          0   libinit2.o
         2          0          0          0          0          0   libshutdown.o
         2          0          0          0          0          0   libshutdown2.o
         8          4          0          0         96         68   libspace.o
       138          0          0          0          0         80   lludiv10.o
        24          4          0          0          0         84   noretval__2printf.o
         8          4          0          0          0         68   rt_locale_intlibspace.o
        68          0          0          0          0         68   rt_memclr.o
        78          0          0          0          0         80   rt_memclr_w.o
       138          0          0          0          0         68   rt_memcpy_v6.o
       100          0          0          0          0         80   rt_memcpy_w.o
         2          0          0          0          0          0   rtexit.o
        10          0          0          0          0          0   rtexit2.o
       128          0          0          0          0         68   strcmpv7m.o
        74          0          0          0          0         80   sys_stackheap_outer.o
         2          0          0          0          0         68   use_no_semi.o
         2          0          0          0          0         68   use_no_semi_2.o
        12          0          0          0          0        116   dretinf.o
        86          4          0          0          0        132   f2d.o
       140          4          0          0          0        132   fnaninf.o
        10          0          0          0          0        116   fpinit.o
         4          0          0          0          0        116   printf1.o
         0          0          0          0          0          0   usenofp.o
        48          0          0          0          0        124   fpclassify.o

    ----------------------------------------------------------------------
      5064        196        176          0        100       3528   Library Totals
         8          0          0          0          4          0   (incl. Padding)

    ----------------------------------------------------------------------

      Code (inc. data)   RO Data    RW Data    ZI Data      Debug   Library Name

      4756        188        176          0         96       2792   c_w.l
       252          8          0          0          0        612   fz_wm.l
        48          0          0          0          0        124   m_wm.l

    ----------------------------------------------------------------------
      5064        196        176          0        100       3528   Library Totals

    ----------------------------------------------------------------------

==============================================================================


      Code (inc. data)   RO Data    RW Data    ZI Data      Debug   

     26292       1130        600        196      78940     428102   Grand Totals
     26292       1130        600        196      78940     428102   ELF Image Totals
     26292       1130        600        196          0          0   ROM Totals

==============================================================================

    Total RO  Size (Code + RO Data)                26892 (  26.26kB)
    Total RW  Size (RW Data + ZI Data)             79136 (  77.28kB)
    Total ROM Size (Code + RO Data + RW Data)      27088 (  26.45kB)

==============================================================================

