Component: ARM Compiler 5.06 update 7 (build 960) Tool: armlink [4d3601]

==============================================================================

Section Cross References

    main.o(.text) refers to as608.o(.text) for press_FR
    main.o(.text) refers to delay.o(.text) for delay_xms
    main.o(.text) refers to lcd.o(.text) for Chinese_Show_two
    main.o(.text) refers to event_groups.o(.text) for xEventGroupSetBits
    main.o(.text) refers to __2printf.o(.text) for __2printf
    main.o(.text) refers to tasks.o(.text) for vTaskSuspend
    main.o(.text) refers to rc522.o(.text) for Identify_CardID
    main.o(.text) refers to sg90.o(.text) for SG90_SetAngle
    main.o(.text) refers to port.o(.text) for vPortEnterCritical
    main.o(.text) refers to main.o(.data) for EventGroupHandler
    main.o(.text) refers to misc.o(.text) for NVIC_PriorityGroupConfig
    main.o(.text) refers to usart_1.o(.text) for uart_init
    main.o(.text) refers to led.o(.text) for LED_Init
    main.o(.text) refers to key.o(.text) for KEY_Init
    main.o(.text) refers to beep.o(.text) for BEEP_Init
    main.o(.text) refers to usart2.o(.text) for usart2_init
    main.o(.text) refers to touch.o(.text) for TP_Adjust
    main.o(.text) refers to touch.o(.data) for tp_dev
    main.o(.text) refers to lcd.o(.data) for POINT_COLOR
    main.o(.data) refers to main.o(.conststring) for .conststring
    system_stm32f4xx.o(.text) refers to system_stm32f4xx.o(.data) for SystemCoreClock
    startup_stm32f40_41xxx.o(STACK) refers (Special) to heapauxi.o(.text) for __use_two_region_memory
    startup_stm32f40_41xxx.o(HEAP) refers (Special) to heapauxi.o(.text) for __use_two_region_memory
    startup_stm32f40_41xxx.o(RESET) refers (Special) to heapauxi.o(.text) for __use_two_region_memory
    startup_stm32f40_41xxx.o(RESET) refers to startup_stm32f40_41xxx.o(STACK) for __initial_sp
    startup_stm32f40_41xxx.o(RESET) refers to startup_stm32f40_41xxx.o(.text) for Reset_Handler
    startup_stm32f40_41xxx.o(RESET) refers to stm32f4xx_it.o(.text) for NMI_Handler
    startup_stm32f40_41xxx.o(RESET) refers to port.o(.emb_text) for SVC_Handler
    startup_stm32f40_41xxx.o(RESET) refers to delay.o(.text) for SysTick_Handler
    startup_stm32f40_41xxx.o(RESET) refers to usart_1.o(.text) for USART1_IRQHandler
    startup_stm32f40_41xxx.o(RESET) refers to usart2.o(.text) for USART2_IRQHandler
    startup_stm32f40_41xxx.o(RESET) refers to timer.o(.text) for TIM7_IRQHandler
    startup_stm32f40_41xxx.o(.text) refers (Special) to heapauxi.o(.text) for __use_two_region_memory
    startup_stm32f40_41xxx.o(.text) refers to system_stm32f4xx.o(.text) for SystemInit
    startup_stm32f40_41xxx.o(.text) refers to __main.o(!!!main) for __main
    startup_stm32f40_41xxx.o(.text) refers to startup_stm32f40_41xxx.o(HEAP) for Heap_Mem
    startup_stm32f40_41xxx.o(.text) refers to startup_stm32f40_41xxx.o(STACK) for Stack_Mem
    led.o(.text) refers to stm32f4xx_rcc.o(.text) for RCC_AHB1PeriphClockCmd
    led.o(.text) refers to stm32f4xx_gpio.o(.text) for GPIO_Init
    lcd.o(.text) refers to _printf_percent.o(.ARM.Collect$$_printf_percent$$00000000) for _printf_percent
    lcd.o(.text) refers to _printf_x.o(.ARM.Collect$$_printf_percent$$0000000C) for _printf_x
    lcd.o(.text) refers to _printf_hex_int_ll_ptr.o(.text) for _printf_longlong_hex
    lcd.o(.text) refers to _printf_d.o(.ARM.Collect$$_printf_percent$$00000009) for _printf_d
    lcd.o(.text) refers to _printf_dec.o(.text) for _printf_int_dec
    lcd.o(.text) refers to delay.o(.text) for delay_us
    lcd.o(.text) refers to lcd.o(.bss) for lcddev
    lcd.o(.text) refers to lcd.o(.data) for POINT_COLOR
    lcd.o(.text) refers to dflt_clz.o(x$fpl$dfltu) for __aeabi_ui2d
    lcd.o(.text) refers to dmul.o(x$fpl$dmul) for __aeabi_dmul
    lcd.o(.text) refers to dfixu.o(x$fpl$dfixu) for __aeabi_d2uiz
    lcd.o(.text) refers to stm32f4xx_rcc.o(.text) for RCC_AHB1PeriphClockCmd
    lcd.o(.text) refers to stm32f4xx_gpio.o(.text) for GPIO_Init
    lcd.o(.text) refers to stm32f4xx_fsmc.o(.text) for FSMC_NORSRAMInit
    lcd.o(.text) refers to __2printf.o(.text) for __2printf
    lcd.o(.text) refers to lcd.o(.constdata) for asc2_1206
    lcd.o(.text) refers to strlen.o(.text) for strlen
    lcd.o(.text) refers to touch.o(.data) for tp_dev
    key.o(.text) refers to stm32f4xx_rcc.o(.text) for RCC_AHB1PeriphClockCmd
    key.o(.text) refers to stm32f4xx_gpio.o(.text) for GPIO_Init
    key.o(.text) refers to delay.o(.text) for delay_ms
    key.o(.text) refers to key.o(.data) for key_up
    myiic.o(.text) refers to stm32f4xx_rcc.o(.text) for RCC_AHB1PeriphClockCmd
    myiic.o(.text) refers to stm32f4xx_gpio.o(.text) for GPIO_Init
    myiic.o(.text) refers to delay.o(.text) for delay_us
    24cxx.o(.text) refers to myiic.o(.text) for IIC_Init
    24cxx.o(.text) refers to delay.o(.text) for delay_ms
    ctiic.o(.text) refers to delay.o(.text) for delay_us
    ctiic.o(.text) refers to stm32f4xx_rcc.o(.text) for RCC_AHB1PeriphClockCmd
[...]
    SG90_SetAngle                            0x0800862d   Thumb Code    98  sg90.o(.text)
    SG90_Init                                0x0800868f   Thumb Code   160  sg90.o(.text)
    BEEP_Init                                0x08008749   Thumb Code    60  beep.o(.text)
    SPI_RC522_SendByte                       0x08008789   Thumb Code    80  rc522.o(.text)
    WriteRawRC                               0x080087d9   Thumb Code    42  rc522.o(.text)
    SPI_RC522_ReadByte                       0x08008803   Thumb Code    72  rc522.o(.text)
    ReadRawRC                                0x0800884b   Thumb Code    46  rc522.o(.text)
    SetBitMask                               0x08008879   Thumb Code    26  rc522.o(.text)
    PcdAntennaOn                             0x08008893   Thumb Code    26  rc522.o(.text)
    ClearBitMask                             0x080088ad   Thumb Code    26  rc522.o(.text)
    M500PcdConfigISOType                     0x080088c7   Thumb Code    84  rc522.o(.text)
    PcdReset                                 0x0800891b   Thumb Code   124  rc522.o(.text)
    SPI1_Init                                0x08008997   Thumb Code    74  rc522.o(.text)
    RC522_Init                               0x080089e1   Thumb Code    34  rc522.o(.text)
    PcdAntennaOff                            0x08008a03   Thumb Code    12  rc522.o(.text)
    PcdComMF522                              0x08008a0f   Thumb Code   306  rc522.o(.text)
    PcdRequest                               0x08008b41   Thumb Code    88  rc522.o(.text)
    PcdAnticoll                              0x08008b99   Thumb Code   112  rc522.o(.text)
    CalulateCRC                              0x08008c09   Thumb Code   108  rc522.o(.text)
    PcdSelect                                0x08008c75   Thumb Code   112  rc522.o(.text)
    PcdAuthState                             0x08008ce5   Thumb Code   110  rc522.o(.text)
    PcdWrite                                 0x08008d53   Thumb Code   156  rc522.o(.text)
    PcdRead                                  0x08008def   Thumb Code    84  rc522.o(.text)
    PcdHalt                                  0x08008e43   Thumb Code    50  rc522.o(.text)
    IC_CMT                                   0x08008e75   Thumb Code    72  rc522.o(.text)
    ShowID                                   0x08008ebd   Thumb Code   170  rc522.o(.text)
    Identify_CardID                          0x08008f67   Thumb Code   138  rc522.o(.text)
    USART2_IRQHandler                        0x0800901d   Thumb Code    96  usart2.o(.text)
    usart2_init                              0x0800907d   Thumb Code   196  usart2.o(.text)
    u2_printf                                0x08009141   Thumb Code    72  usart2.o(.text)
    TIM7_IRQHandler                          0x080091a1   Thumb Code    42  timer.o(.text)
    TIM7_Int_Init                            0x080091cb   Thumb Code    80  timer.o(.text)
    EnsureMessage                            0x08009225   Thumb Code   140  as608.o(.text)
    PS_ReadSysPara                           0x080093bd   Thumb Code   168  as608.o(.text)
    PS_ValidTempleteNum                      0x08009465   Thumb Code   704  as608.o(.text)
    PS_HandShake                             0x08009725   Thumb Code   118  as608.o(.text)
    AS608_Init                               0x0800979b   Thumb Code    76  as608.o(.text)
    PS_HighSpeedSearch                       0x080097e7   Thumb Code   144  as608.o(.text)
    PS_GenChar                               0x08009877   Thumb Code    70  as608.o(.text)
    PS_GetImage                              0x080098bd   Thumb Code    58  as608.o(.text)
    press_FR                                 0x080098f7   Thumb Code    82  as608.o(.text)
    PS_StaGPIO_Init                          0x08009949   Thumb Code    42  as608.o(.text)
    PS_Match                                 0x08009973   Thumb Code    58  as608.o(.text)
    PS_Search                                0x080099ad   Thumb Code   144  as608.o(.text)
    PS_RegModel                              0x08009a3d   Thumb Code    58  as608.o(.text)
    PS_StoreChar                             0x08009a77   Thumb Code    96  as608.o(.text)
    PS_DeletChar                             0x08009ad7   Thumb Code   266  as608.o(.text)
    PS_Empty                                 0x08009be1   Thumb Code    58  as608.o(.text)
    PS_WriteReg                              0x08009c1b   Thumb Code   110  as608.o(.text)
    PS_SetAddr                               0x08009c89   Thumb Code   148  as608.o(.text)
    PS_WriteNotepad                          0x08009d1d   Thumb Code   106  as608.o(.text)
    PS_ReadNotepad                           0x08009d87   Thumb Code    96  as608.o(.text)
    xEventGroupCreate                        0x08009e15   Thumb Code    26  event_groups.o(.text)
    xEventGroupSetBits                       0x08009e2f   Thumb Code   206  event_groups.o(.text)
    xEventGroupSync                          0x08009efd   Thumb Code   268  event_groups.o(.text)
    xEventGroupWaitBits                      0x0800a027   Thumb Code   338  event_groups.o(.text)
    xEventGroupClearBits                     0x0800a179   Thumb Code    92  event_groups.o(.text)
    xEventGroupGetBitsFromISR                0x0800a1d5   Thumb Code    44  event_groups.o(.text)
    vEventGroupDelete                        0x0800a201   Thumb Code   106  event_groups.o(.text)
    vEventGroupSetBitsCallback               0x0800a26b   Thumb Code    16  event_groups.o(.text)
    vEventGroupClearBitsCallback             0x0800a27b   Thumb Code    16  event_groups.o(.text)
    uxEventGroupGetNumber                    0x0800a28b   Thumb Code    14  event_groups.o(.text)
    vEventGroupSetNumber                     0x0800a299   Thumb Code     4  event_groups.o(.text)
    vListInitialise                          0x0800a2a1   Thumb Code    26  list.o(.text)
    vListInitialiseItem                      0x0800a2bb   Thumb Code     6  list.o(.text)
    vListInsertEnd                           0x0800a2c1   Thumb Code    24  list.o(.text)
    vListInsert                              0x0800a2d9   Thumb Code    52  list.o(.text)
    uxListRemove                             0x0800a30d   Thumb Code    40  list.o(.text)
    xQueueGenericReset                       0x0800a335   Thumb Code   214  queue.o(.text)
    xQueueGenericCreate                      0x0800a435   Thumb Code   102  queue.o(.text)
    xQueueGenericSend                        0x0800a5b5   Thumb Code   420  queue.o(.text)
    xQueueCreateMutex                        0x0800a777   Thumb Code    38  queue.o(.text)
    xQueueGiveMutexRecursive                 0x0800a79d   Thumb Code    72  queue.o(.text)
    xQueueSemaphoreTake                      0x0800a813   Thumb Code   434  queue.o(.text)
    xQueueTakeMutexRecursive                 0x0800a9c5   Thumb Code    78  queue.o(.text)
    xQueueCreateCountingSemaphore            0x0800aa13   Thumb Code    60  queue.o(.text)
    xQueueGenericSendFromISR                 0x0800aa4f   Thumb Code   288  queue.o(.text)
    xQueueGiveFromISR                        0x0800ab6f   Thumb Code   260  queue.o(.text)
    xQueueReceive                            0x0800aca1   Thumb Code   356  queue.o(.text)
    xQueuePeek                               0x0800ae05   Thumb Code   362  queue.o(.text)
    xQueueReceiveFromISR                     0x0800af6f   Thumb Code   238  queue.o(.text)
    xQueuePeekFromISR                        0x0800b05d   Thumb Code   176  queue.o(.text)
    uxQueueMessagesWaiting                   0x0800b10d   Thumb Code    46  queue.o(.text)
    uxQueueSpacesAvailable                   0x0800b13b   Thumb Code    48  queue.o(.text)
    uxQueueMessagesWaitingFromISR            0x0800b16b   Thumb Code    34  queue.o(.text)
    vQueueUnregisterQueue                    0x0800b18d   Thumb Code    68  queue.o(.text)
    vQueueDelete                             0x0800b1d1   Thumb Code    44  queue.o(.text)
    uxQueueGetQueueNumber                    0x0800b1fd   Thumb Code     6  queue.o(.text)
    vQueueSetQueueNumber                     0x0800b203   Thumb Code     4  queue.o(.text)
    ucQueueGetQueueType                      0x0800b207   Thumb Code     8  queue.o(.text)
    xQueueIsQueueEmptyFromISR                0x0800b20f   Thumb Code    42  queue.o(.text)
    xQueueIsQueueFullFromISR                 0x0800b239   Thumb Code    46  queue.o(.text)
    vQueueAddToRegistry                      0x0800b267   Thumb Code    90  queue.o(.text)
    pcQueueGetName                           0x0800b2c1   Thumb Code    64  queue.o(.text)
    vQueueWaitForMessageRestricted           0x0800b301   Thumb Code    74  queue.o(.text)
    xTaskCreate                              0x0800b545   Thumb Code    96  tasks.o(.text)
    vTaskDelete                              0x0800b5df   Thumb Code   202  tasks.o(.text)
    xTaskIncrementTick                       0x0800b6a9   Thumb Code   476  tasks.o(.text)
    xTaskResumeAll                           0x0800b885   Thumb Code   338  tasks.o(.text)
    vTaskSuspendAll                          0x0800ba7b   Thumb Code    12  tasks.o(.text)
    xTaskDelayUntil                          0x0800ba87   Thumb Code   202  tasks.o(.text)
    vTaskDelay                               0x0800bb51   Thumb Code    82  tasks.o(.text)
    eTaskGetState                            0x0800bba3   Thumb Code   200  tasks.o(.text)
    uxTaskPriorityGet                        0x0800bc6b   Thumb Code    30  tasks.o(.text)
    uxTaskPriorityGetFromISR                 0x0800bc89   Thumb Code    62  tasks.o(.text)
    vTaskPrioritySet                         0x0800bcc7   Thumb Code   312  tasks.o(.text)
    vTaskSwitchContext                       0x0800bdff   Thumb Code   118  tasks.o(.text)
    vTaskSuspend                             0x0800be75   Thumb Code   224  tasks.o(.text)
    vTaskResume                              0x0800bfa5   Thumb Code   236  tasks.o(.text)
    xTaskResumeFromISR                       0x0800c091   Thumb Code   218  tasks.o(.text)
    vTaskStartScheduler                      0x0800c1c7   Thumb Code   122  tasks.o(.text)
    vTaskEndScheduler                        0x0800c241   Thumb Code    32  tasks.o(.text)
    xTaskGetTickCount                        0x0800c261   Thumb Code     6  tasks.o(.text)
    xTaskGetTickCountFromISR                 0x0800c267   Thumb Code    16  tasks.o(.text)
    uxTaskGetNumberOfTasks                   0x0800c277   Thumb Code     6  tasks.o(.text)
    pcTaskGetName                            0x0800c27d   Thumb Code    44  tasks.o(.text)
    vTaskGetInfo                             0x0800c2bf   Thumb Code   126  tasks.o(.text)
    uxTaskGetSystemState                     0x0800c3a7   Thumb Code   238  tasks.o(.text)
    xTaskCatchUpTicks                        0x0800c495   Thumb Code    64  tasks.o(.text)
    vTaskPlaceOnEventList                    0x0800c4d5   Thumb Code    52  tasks.o(.text)
    vTaskPlaceOnUnorderedEventList           0x0800c509   Thumb Code   134  tasks.o(.text)
    vTaskPlaceOnEventListRestricted          0x0800c58f   Thumb Code    94  tasks.o(.text)
    xTaskRemoveFromEventList                 0x0800c5ed   Thumb Code   264  tasks.o(.text)
    vTaskRemoveFromUnorderedEventList        0x0800c6f5   Thumb Code   250  tasks.o(.text)
    vTaskSetTimeOutState                     0x0800c7ef   Thumb Code    50  tasks.o(.text)
    vTaskInternalSetTimeOutState             0x0800c821   Thumb Code    14  tasks.o(.text)
    xTaskCheckForTimeOut                     0x0800c82f   Thumb Code   174  tasks.o(.text)
    vTaskMissedYield                         0x0800c8dd   Thumb Code     8  tasks.o(.text)
    uxTaskGetTaskNumber                      0x0800c8e5   Thumb Code    14  tasks.o(.text)
    vTaskSetTaskNumber                       0x0800c8f3   Thumb Code     8  tasks.o(.text)
    xTaskGetCurrentTaskHandle                0x0800c8fb   Thumb Code     6  tasks.o(.text)
    xTaskGetSchedulerState                   0x0800c901   Thumb Code    24  tasks.o(.text)
    xTaskPriorityInherit                     0x0800c919   Thumb Code   224  tasks.o(.text)
    xTaskPriorityDisinherit                  0x0800c9f9   Thumb Code   226  tasks.o(.text)
    vTaskPriorityDisinheritAfterTimeout      0x0800cadb   Thumb Code   268  tasks.o(.text)
    uxTaskResetEventItemValue                0x0800cbe7   Thumb Code    24  tasks.o(.text)
    pvTaskIncrementMutexHeldCount            0x0800cbff   Thumb Code    26  tasks.o(.text)
    ulTaskGenericNotifyTake                  0x0800cc19   Thumb Code   192  tasks.o(.text)
    xTaskGenericNotifyWait                   0x0800ccd9   Thumb Code   196  tasks.o(.text)
    xTaskGenericNotify                       0x0800cd9d   Thumb Code   442  tasks.o(.text)
    xTaskGenericNotifyFromISR                0x0800cf57   Thumb Code   550  tasks.o(.text)
    vTaskGenericNotifyGiveFromISR            0x0800d17d   Thumb Code   372  tasks.o(.text)
    xTaskGenericNotifyStateClear             0x0800d2f1   Thumb Code    90  tasks.o(.text)
    ulTaskGenericNotifyValueClear            0x0800d34b   Thumb Code    58  tasks.o(.text)
    xTimerCreateTimerTask                    0x0800d6b9   Thumb Code    66  timers.o(.text)
    xTimerCreate                             0x0800d753   Thumb Code    54  timers.o(.text)
    xTimerGenericCommand                     0x0800d789   Thumb Code   178  timers.o(.text)
    xTimerGetTimerDaemonTaskHandle           0x0800d83b   Thumb Code    42  timers.o(.text)
    xTimerGetPeriod                          0x0800d865   Thumb Code    32  timers.o(.text)
    vTimerSetReloadMode                      0x0800d885   Thumb Code    70  timers.o(.text)
    uxTimerGetReloadMode                     0x0800d8cb   Thumb Code    58  timers.o(.text)
    xTimerGetExpiryTime                      0x0800d905   Thumb Code    34  timers.o(.text)
    pcTimerGetName                           0x0800d927   Thumb Code    32  timers.o(.text)
    xTimerIsTimerActive                      0x0800d947   Thumb Code    58  timers.o(.text)
    pvTimerGetTimerID                        0x0800d981   Thumb Code    44  timers.o(.text)
    vTimerSetTimerID                         0x0800d9ad   Thumb Code    44  timers.o(.text)
    uxTimerGetTimerNumber                    0x0800d9d9   Thumb Code     6  timers.o(.text)
    vTimerSetTimerNumber                     0x0800d9df   Thumb Code     4  timers.o(.text)
    pxPortInitialiseStack                    0x0800da29   Thumb Code    38  port.o(.text)
    vPortSetupTimerInterrupt                 0x0800da4f   Thumb Code    36  port.o(.text)
    xPortStartScheduler                      0x0800da73   Thumb Code   330  port.o(.text)
    vPortEndScheduler                        0x0800dbbd   Thumb Code    42  port.o(.text)
    vPortEnterCritical                       0x0800dbe7   Thumb Code    78  port.o(.text)
    vPortExitCritical                        0x0800dc35   Thumb Code    56  port.o(.text)
    xPortSysTickHandler                      0x0800dc6d   Thumb Code    48  port.o(.text)
    vPortValidateInterruptPriority           0x0800dc9d   Thumb Code   108  port.o(.text)
    pvPortMalloc                             0x0800ddef   Thumb Code   338  heap_4.o(.text)
    vPortFree                                0x0800df41   Thumb Code   150  heap_4.o(.text)
    xPortGetFreeHeapSize                     0x0800dfd7   Thumb Code     6  heap_4.o(.text)
    xPortGetMinimumEverFreeHeapSize          0x0800dfdd   Thumb Code     6  heap_4.o(.text)
    vPortInitialiseBlocks                    0x0800dfe3   Thumb Code     2  heap_4.o(.text)
    vPortGetHeapStats                        0x0800dfe5   Thumb Code   104  heap_4.o(.text)
    NVIC_PriorityGroupConfig                 0x0800e06d   Thumb Code    10  misc.o(.text)
    NVIC_Init                                0x0800e077   Thumb Code   106  misc.o(.text)
    NVIC_SetVectorTable                      0x0800e0e1   Thumb Code    14  misc.o(.text)
    NVIC_SystemLPConfig                      0x0800e0ef   Thumb Code    34  misc.o(.text)
    SysTick_CLKSourceConfig                  0x0800e111   Thumb Code    40  misc.o(.text)
    FSMC_NORSRAMDeInit                       0x0800e14d   Thumb Code    54  stm32f4xx_fsmc.o(.text)
    FSMC_NORSRAMInit                         0x0800e183   Thumb Code   230  stm32f4xx_fsmc.o(.text)
    FSMC_NORSRAMStructInit                   0x0800e269   Thumb Code    48  stm32f4xx_fsmc.o(.text)
    FSMC_NORSRAMCmd                          0x0800e299   Thumb Code    46  stm32f4xx_fsmc.o(.text)
    FSMC_NANDDeInit                          0x0800e2c7   Thumb Code    62  stm32f4xx_fsmc.o(.text)
    FSMC_NANDInit                            0x0800e305   Thumb Code   132  stm32f4xx_fsmc.o(.text)
    FSMC_NANDStructInit                      0x0800e389   Thumb Code    54  stm32f4xx_fsmc.o(.text)
    FSMC_NANDCmd                             0x0800e3bf   Thumb Code    86  stm32f4xx_fsmc.o(.text)
    FSMC_NANDECCCmd                          0x0800e415   Thumb Code    86  stm32f4xx_fsmc.o(.text)
    FSMC_GetECC                              0x0800e46b   Thumb Code    24  stm32f4xx_fsmc.o(.text)
    FSMC_PCCARDDeInit                        0x0800e483   Thumb Code    36  stm32f4xx_fsmc.o(.text)
    FSMC_PCCARDInit                          0x0800e4a7   Thumb Code   130  stm32f4xx_fsmc.o(.text)
    FSMC_PCCARDStructInit                    0x0800e529   Thumb Code    60  stm32f4xx_fsmc.o(.text)
    FSMC_PCCARDCmd                           0x0800e565   Thumb Code    44  stm32f4xx_fsmc.o(.text)
    FSMC_ITConfig                            0x0800e591   Thumb Code   128  stm32f4xx_fsmc.o(.text)
    FSMC_GetFlagStatus                       0x0800e611   Thumb Code    54  stm32f4xx_fsmc.o(.text)
    FSMC_ClearFlag                           0x0800e647   Thumb Code    74  stm32f4xx_fsmc.o(.text)
    FSMC_GetITStatus                         0x0800e691   Thumb Code    62  stm32f4xx_fsmc.o(.text)
    FSMC_ClearITPendingBit                   0x0800e6cf   Thumb Code    66  stm32f4xx_fsmc.o(.text)
    GPIO_DeInit                              0x0800e715   Thumb Code   268  stm32f4xx_gpio.o(.text)
    GPIO_Init                                0x0800e821   Thumb Code   144  stm32f4xx_gpio.o(.text)
    GPIO_StructInit                          0x0800e8b1   Thumb Code    18  stm32f4xx_gpio.o(.text)
    GPIO_PinLockConfig                       0x0800e8c3   Thumb Code    34  stm32f4xx_gpio.o(.text)
    GPIO_ReadInputDataBit                    0x0800e8e5   Thumb Code    18  stm32f4xx_gpio.o(.text)
    GPIO_ReadInputData                       0x0800e8f7   Thumb Code     8  stm32f4xx_gpio.o(.text)
    GPIO_ReadOutputDataBit                   0x0800e8ff   Thumb Code    18  stm32f4xx_gpio.o(.text)
    GPIO_ReadOutputData                      0x0800e911   Thumb Code     8  stm32f4xx_gpio.o(.text)
    GPIO_SetBits                             0x0800e919   Thumb Code     4  stm32f4xx_gpio.o(.text)
    GPIO_ResetBits                           0x0800e91d   Thumb Code     4  stm32f4xx_gpio.o(.text)
    GPIO_WriteBit                            0x0800e921   Thumb Code    10  stm32f4xx_gpio.o(.text)
    GPIO_Write                               0x0800e92b   Thumb Code     4  stm32f4xx_gpio.o(.text)
    GPIO_ToggleBits                          0x0800e92f   Thumb Code     8  stm32f4xx_gpio.o(.text)
    GPIO_PinAFConfig                         0x0800e937   Thumb Code    70  stm32f4xx_gpio.o(.text)
    RCC_DeInit                               0x0800e9a9   Thumb Code    82  stm32f4xx_rcc.o(.text)
    RCC_HSEConfig                            0x0800e9fb   Thumb Code    14  stm32f4xx_rcc.o(.text)
    RCC_GetFlagStatus                        0x0800ea09   Thumb Code    60  stm32f4xx_rcc.o(.text)
    RCC_WaitForHSEStartUp                    0x0800ea45   Thumb Code    56  stm32f4xx_rcc.o(.text)
    RCC_AdjustHSICalibrationValue            0x0800ea7d   Thumb Code    20  stm32f4xx_rcc.o(.text)
    RCC_HSICmd                               0x0800ea91   Thumb Code     6  stm32f4xx_rcc.o(.text)
    RCC_LSEConfig                            0x0800ea97   Thumb Code    46  stm32f4xx_rcc.o(.text)
    RCC_LSICmd                               0x0800eac5   Thumb Code     6  stm32f4xx_rcc.o(.text)
    RCC_PLLConfig                            0x0800eacb   Thumb Code    32  stm32f4xx_rcc.o(.text)
    RCC_PLLCmd                               0x0800eaeb   Thumb Code     6  stm32f4xx_rcc.o(.text)
    RCC_PLLI2SConfig                         0x0800eaf1   Thumb Code    14  stm32f4xx_rcc.o(.text)
    RCC_PLLI2SCmd                            0x0800eaff   Thumb Code     6  stm32f4xx_rcc.o(.text)
    RCC_PLLSAIConfig                         0x0800eb05   Thumb Code    20  stm32f4xx_rcc.o(.text)
    RCC_PLLSAICmd                            0x0800eb19   Thumb Code     6  stm32f4xx_rcc.o(.text)
    RCC_ClockSecuritySystemCmd               0x0800eb1f   Thumb Code     6  stm32f4xx_rcc.o(.text)
    RCC_MCO1Config                           0x0800eb25   Thumb Code    28  stm32f4xx_rcc.o(.text)
    RCC_MCO2Config                           0x0800eb41   Thumb Code    28  stm32f4xx_rcc.o(.text)
    RCC_SYSCLKConfig                         0x0800eb5d   Thumb Code    20  stm32f4xx_rcc.o(.text)
    RCC_GetSYSCLKSource                      0x0800eb71   Thumb Code    12  stm32f4xx_rcc.o(.text)
    RCC_HCLKConfig                           0x0800eb7d   Thumb Code    20  stm32f4xx_rcc.o(.text)
    RCC_PCLK1Config                          0x0800eb91   Thumb Code    20  stm32f4xx_rcc.o(.text)
    RCC_PCLK2Config                          0x0800eba5   Thumb Code    22  stm32f4xx_rcc.o(.text)
    RCC_GetClocksFreq                        0x0800ebbb   Thumb Code   222  stm32f4xx_rcc.o(.text)
    RCC_RTCCLKConfig                         0x0800ec99   Thumb Code    54  stm32f4xx_rcc.o(.text)
    RCC_RTCCLKCmd                            0x0800eccf   Thumb Code     8  stm32f4xx_rcc.o(.text)
    RCC_BackupResetCmd                       0x0800ecd7   Thumb Code     8  stm32f4xx_rcc.o(.text)
    RCC_I2SCLKConfig                         0x0800ecdf   Thumb Code     6  stm32f4xx_rcc.o(.text)
    RCC_SAIPLLI2SClkDivConfig                0x0800ece5   Thumb Code    26  stm32f4xx_rcc.o(.text)
    RCC_SAIPLLSAIClkDivConfig                0x0800ecff   Thumb Code    28  stm32f4xx_rcc.o(.text)
    RCC_SAIBlockACLKConfig                   0x0800ed1b   Thumb Code    20  stm32f4xx_rcc.o(.text)
    RCC_SAIBlockBCLKConfig                   0x0800ed2f   Thumb Code    20  stm32f4xx_rcc.o(.text)
    RCC_LTDCCLKDivConfig                     0x0800ed43   Thumb Code    20  stm32f4xx_rcc.o(.text)
    RCC_TIMCLKPresConfig                     0x0800ed57   Thumb Code     6  stm32f4xx_rcc.o(.text)
    RCC_AHB1PeriphClockCmd                   0x0800ed5d   Thumb Code    34  stm32f4xx_rcc.o(.text)
    RCC_AHB2PeriphClockCmd                   0x0800ed7f   Thumb Code    78  stm32f4xx_rcc.o(.text)
    RCC_AHB3PeriphClockCmd                   0x0800edcd   Thumb Code    34  stm32f4xx_rcc.o(.text)
    RCC_APB1PeriphClockCmd                   0x0800edef   Thumb Code    34  stm32f4xx_rcc.o(.text)
    RCC_APB2PeriphClockCmd                   0x0800ee11   Thumb Code    34  stm32f4xx_rcc.o(.text)
    RCC_AHB1PeriphResetCmd                   0x0800ee33   Thumb Code    34  stm32f4xx_rcc.o(.text)
    RCC_AHB2PeriphResetCmd                   0x0800ee55   Thumb Code    34  stm32f4xx_rcc.o(.text)
    RCC_AHB3PeriphResetCmd                   0x0800ee77   Thumb Code    34  stm32f4xx_rcc.o(.text)
    RCC_APB1PeriphResetCmd                   0x0800ee99   Thumb Code    34  stm32f4xx_rcc.o(.text)
    RCC_APB2PeriphResetCmd                   0x0800eebb   Thumb Code    34  stm32f4xx_rcc.o(.text)
    RCC_AHB1PeriphClockLPModeCmd             0x0800eedd   Thumb Code    34  stm32f4xx_rcc.o(.text)
    RCC_AHB2PeriphClockLPModeCmd             0x0800eeff   Thumb Code    34  stm32f4xx_rcc.o(.text)
    RCC_AHB3PeriphClockLPModeCmd             0x0800ef21   Thumb Code    34  stm32f4xx_rcc.o(.text)
    RCC_APB1PeriphClockLPModeCmd             0x0800ef43   Thumb Code    34  stm32f4xx_rcc.o(.text)
    RCC_APB2PeriphClockLPModeCmd             0x0800ef65   Thumb Code    34  stm32f4xx_rcc.o(.text)
    RCC_LSEModeConfig                        0x0800ef87   Thumb Code    40  stm32f4xx_rcc.o(.text)
    RCC_ITConfig                             0x0800efaf   Thumb Code    34  stm32f4xx_rcc.o(.text)
    RCC_ClearFlag                            0x0800efd1   Thumb Code    18  stm32f4xx_rcc.o(.text)
    RCC_GetITStatus                          0x0800efe3   Thumb Code    22  stm32f4xx_rcc.o(.text)
    RCC_ClearITPendingBit                    0x0800eff9   Thumb Code     8  stm32f4xx_rcc.o(.text)
    TIM_DeInit                               0x0800f005   Thumb Code   346  stm32f4xx_tim.o(.text)
    TIM_TimeBaseInit                         0x0800f15f   Thumb Code   104  stm32f4xx_tim.o(.text)
    TIM_TimeBaseStructInit                   0x0800f1c7   Thumb Code    18  stm32f4xx_tim.o(.text)
    TIM_PrescalerConfig                      0x0800f1d9   Thumb Code     6  stm32f4xx_tim.o(.text)
    TIM_CounterModeConfig                    0x0800f1df   Thumb Code    18  stm32f4xx_tim.o(.text)
    TIM_SetCounter                           0x0800f1f1   Thumb Code     4  stm32f4xx_tim.o(.text)
    TIM_SetAutoreload                        0x0800f1f5   Thumb Code     4  stm32f4xx_tim.o(.text)
    TIM_GetCounter                           0x0800f1f9   Thumb Code     6  stm32f4xx_tim.o(.text)
    TIM_GetPrescaler                         0x0800f1ff   Thumb Code     6  stm32f4xx_tim.o(.text)
    TIM_UpdateDisableConfig                  0x0800f205   Thumb Code    24  stm32f4xx_tim.o(.text)
    TIM_UpdateRequestConfig                  0x0800f21d   Thumb Code    24  stm32f4xx_tim.o(.text)
    TIM_ARRPreloadConfig                     0x0800f235   Thumb Code    24  stm32f4xx_tim.o(.text)
    TIM_SelectOnePulseMode                   0x0800f24d   Thumb Code    18  stm32f4xx_tim.o(.text)
    TIM_SetClockDivision                     0x0800f25f   Thumb Code    18  stm32f4xx_tim.o(.text)
    TIM_Cmd                                  0x0800f271   Thumb Code    24  stm32f4xx_tim.o(.text)
    TIM_OC1Init                              0x0800f289   Thumb Code   114  stm32f4xx_tim.o(.text)
    TIM_OC2Init                              0x0800f2fb   Thumb Code   154  stm32f4xx_tim.o(.text)
    TIM_OC3Init                              0x0800f395   Thumb Code   204  stm32f4xx_tim.o(.text)
    TIM_OC4Init                              0x0800f461   Thumb Code   112  stm32f4xx_tim.o(.text)
    TIM_OCStructInit                         0x0800f4d1   Thumb Code    20  stm32f4xx_tim.o(.text)
    TIM_SelectOCxM                           0x0800f4e5   Thumb Code    86  stm32f4xx_tim.o(.text)
    TIM_SetCompare1                          0x0800f53b   Thumb Code     4  stm32f4xx_tim.o(.text)
    TIM_SetCompare2                          0x0800f53f   Thumb Code     4  stm32f4xx_tim.o(.text)
    TIM_SetCompare3                          0x0800f543   Thumb Code     4  stm32f4xx_tim.o(.text)
    TIM_SetCompare4                          0x0800f547   Thumb Code     4  stm32f4xx_tim.o(.text)
    TIM_ForcedOC1Config                      0x0800f54b   Thumb Code    18  stm32f4xx_tim.o(.text)
    TIM_ForcedOC2Config                      0x0800f55d   Thumb Code    26  stm32f4xx_tim.o(.text)
    TIM_ForcedOC3Config                      0x0800f577   Thumb Code    18  stm32f4xx_tim.o(.text)
    TIM_ForcedOC4Config                      0x0800f589   Thumb Code    26  stm32f4xx_tim.o(.text)
    TIM_OC1PreloadConfig                     0x0800f5a3   Thumb Code    18  stm32f4xx_tim.o(.text)
    TIM_OC2PreloadConfig                     0x0800f5b5   Thumb Code    26  stm32f4xx_tim.o(.text)
    TIM_OC3PreloadConfig                     0x0800f5cf   Thumb Code    18  stm32f4xx_tim.o(.text)
    TIM_OC4PreloadConfig                     0x0800f5e1   Thumb Code    26  stm32f4xx_tim.o(.text)
    TIM_OC1FastConfig                        0x0800f5fb   Thumb Code    18  stm32f4xx_tim.o(.text)
    TIM_OC2FastConfig                        0x0800f60d   Thumb Code    26  stm32f4xx_tim.o(.text)
    TIM_OC3FastConfig                        0x0800f627   Thumb Code    18  stm32f4xx_tim.o(.text)
    TIM_OC4FastConfig                        0x0800f639   Thumb Code    26  stm32f4xx_tim.o(.text)
    TIM_ClearOC1Ref                          0x0800f653   Thumb Code    18  stm32f4xx_tim.o(.text)
    TIM_ClearOC2Ref                          0x0800f665   Thumb Code    24  stm32f4xx_tim.o(.text)
    TIM_ClearOC3Ref                          0x0800f67d   Thumb Code    18  stm32f4xx_tim.o(.text)
    TIM_ClearOC4Ref                          0x0800f68f   Thumb Code    24  stm32f4xx_tim.o(.text)
    TIM_OC1PolarityConfig                    0x0800f6a7   Thumb Code    18  stm32f4xx_tim.o(.text)
    TIM_OC1NPolarityConfig                   0x0800f6b9   Thumb Code    18  stm32f4xx_tim.o(.text)
    TIM_OC2PolarityConfig                    0x0800f6cb   Thumb Code    26  stm32f4xx_tim.o(.text)
    TIM_OC2NPolarityConfig                   0x0800f6e5   Thumb Code    26  stm32f4xx_tim.o(.text)
    TIM_OC3PolarityConfig                    0x0800f6ff   Thumb Code    26  stm32f4xx_tim.o(.text)
    TIM_OC3NPolarityConfig                   0x0800f719   Thumb Code    26  stm32f4xx_tim.o(.text)
    TIM_OC4PolarityConfig                    0x0800f733   Thumb Code    26  stm32f4xx_tim.o(.text)
    TIM_CCxCmd                               0x0800f74d   Thumb Code    30  stm32f4xx_tim.o(.text)
    TIM_CCxNCmd                              0x0800f76b   Thumb Code    30  stm32f4xx_tim.o(.text)
    TIM_SetIC4Prescaler                      0x0800f789   Thumb Code    26  stm32f4xx_tim.o(.text)
    TIM_SetIC3Prescaler                      0x0800f7f3   Thumb Code    18  stm32f4xx_tim.o(.text)
    TIM_SetIC2Prescaler                      0x0800f84d   Thumb Code    26  stm32f4xx_tim.o(.text)
    TIM_SetIC1Prescaler                      0x0800f8c1   Thumb Code    18  stm32f4xx_tim.o(.text)
    TIM_ICInit                               0x0800f90d   Thumb Code   110  stm32f4xx_tim.o(.text)
    TIM_ICStructInit                         0x0800f97b   Thumb Code    18  stm32f4xx_tim.o(.text)
    TIM_PWMIConfig                           0x0800f98d   Thumb Code   124  stm32f4xx_tim.o(.text)
    TIM_GetCapture1                          0x0800fa09   Thumb Code     6  stm32f4xx_tim.o(.text)
    TIM_GetCapture2                          0x0800fa0f   Thumb Code     6  stm32f4xx_tim.o(.text)
    TIM_GetCapture3                          0x0800fa15   Thumb Code     6  stm32f4xx_tim.o(.text)
    TIM_GetCapture4                          0x0800fa1b   Thumb Code     6  stm32f4xx_tim.o(.text)
    TIM_BDTRConfig                           0x0800fa21   Thumb Code    32  stm32f4xx_tim.o(.text)
    TIM_BDTRStructInit                       0x0800fa41   Thumb Code    18  stm32f4xx_tim.o(.text)
    TIM_CtrlPWMOutputs                       0x0800fa53   Thumb Code    30  stm32f4xx_tim.o(.text)
    TIM_SelectCOM                            0x0800fa71   Thumb Code    24  stm32f4xx_tim.o(.text)
    TIM_CCPreloadControl                     0x0800fa89   Thumb Code    24  stm32f4xx_tim.o(.text)
    TIM_ITConfig                             0x0800faa1   Thumb Code    18  stm32f4xx_tim.o(.text)
    TIM_GenerateEvent                        0x0800fab3   Thumb Code     4  stm32f4xx_tim.o(.text)
    TIM_GetFlagStatus                        0x0800fab7   Thumb Code    18  stm32f4xx_tim.o(.text)
    TIM_ClearFlag                            0x0800fac9   Thumb Code     6  stm32f4xx_tim.o(.text)
    TIM_GetITStatus                          0x0800facf   Thumb Code    34  stm32f4xx_tim.o(.text)
    TIM_ClearITPendingBit                    0x0800faf1   Thumb Code     6  stm32f4xx_tim.o(.text)
    TIM_DMAConfig                            0x0800faf7   Thumb Code    10  stm32f4xx_tim.o(.text)
    TIM_DMACmd                               0x0800fb01   Thumb Code    18  stm32f4xx_tim.o(.text)
    TIM_SelectCCDMA                          0x0800fb13   Thumb Code    24  stm32f4xx_tim.o(.text)
    TIM_InternalClockConfig                  0x0800fb2b   Thumb Code    12  stm32f4xx_tim.o(.text)
    TIM_SelectInputTrigger                   0x0800fb37   Thumb Code    18  stm32f4xx_tim.o(.text)
    TIM_ITRxExternalClockConfig              0x0800fb49   Thumb Code    24  stm32f4xx_tim.o(.text)
    TIM_TIxExternalClockConfig               0x0800fb61   Thumb Code    62  stm32f4xx_tim.o(.text)
    TIM_ETRConfig                            0x0800fb9f   Thumb Code    28  stm32f4xx_tim.o(.text)
    TIM_ETRClockMode1Config                  0x0800fbbb   Thumb Code    54  stm32f4xx_tim.o(.text)
    TIM_ETRClockMode2Config                  0x0800fbf1   Thumb Code    32  stm32f4xx_tim.o(.text)
    TIM_SelectOutputTrigger                  0x0800fc11   Thumb Code    18  stm32f4xx_tim.o(.text)
    TIM_SelectSlaveMode                      0x0800fc23   Thumb Code    18  stm32f4xx_tim.o(.text)
    TIM_SelectMasterSlaveMode                0x0800fc35   Thumb Code    18  stm32f4xx_tim.o(.text)
    TIM_EncoderInterfaceConfig               0x0800fc47   Thumb Code    66  stm32f4xx_tim.o(.text)
    TIM_SelectHallSensor                     0x0800fc89   Thumb Code    24  stm32f4xx_tim.o(.text)
    TIM_RemapConfig                          0x0800fca1   Thumb Code     6  stm32f4xx_tim.o(.text)
    USART_DeInit                             0x0800fca9   Thumb Code   206  stm32f4xx_usart.o(.text)
    USART_Init                               0x0800fd77   Thumb Code   204  stm32f4xx_usart.o(.text)
    USART_StructInit                         0x0800fe43   Thumb Code    24  stm32f4xx_usart.o(.text)
    USART_ClockInit                          0x0800fe5b   Thumb Code    32  stm32f4xx_usart.o(.text)
    USART_ClockStructInit                    0x0800fe7b   Thumb Code    12  stm32f4xx_usart.o(.text)
    USART_Cmd                                0x0800fe87   Thumb Code    24  stm32f4xx_usart.o(.text)
    USART_SetPrescaler                       0x0800fe9f   Thumb Code    16  stm32f4xx_usart.o(.text)
    USART_OverSampling8Cmd                   0x0800feaf   Thumb Code    22  stm32f4xx_usart.o(.text)
    USART_OneBitMethodCmd                    0x0800fec5   Thumb Code    24  stm32f4xx_usart.o(.text)
    USART_SendData                           0x0800fedd   Thumb Code     8  stm32f4xx_usart.o(.text)
    USART_ReceiveData                        0x0800fee5   Thumb Code    10  stm32f4xx_usart.o(.text)
    USART_SetAddress                         0x0800feef   Thumb Code    18  stm32f4xx_usart.o(.text)
    USART_ReceiverWakeUpCmd                  0x0800ff01   Thumb Code    24  stm32f4xx_usart.o(.text)
    USART_WakeUpConfig                       0x0800ff19   Thumb Code    18  stm32f4xx_usart.o(.text)
    USART_LINBreakDetectLengthConfig         0x0800ff2b   Thumb Code    18  stm32f4xx_usart.o(.text)
    USART_LINCmd                             0x0800ff3d   Thumb Code    24  stm32f4xx_usart.o(.text)
    USART_SendBreak                          0x0800ff55   Thumb Code    10  stm32f4xx_usart.o(.text)
    USART_HalfDuplexCmd                      0x0800ff5f   Thumb Code    24  stm32f4xx_usart.o(.text)
    USART_SetGuardTime                       0x0800ff77   Thumb Code    16  stm32f4xx_usart.o(.text)
    USART_SmartCardCmd                       0x0800ff87   Thumb Code    24  stm32f4xx_usart.o(.text)
    USART_SmartCardNACKCmd                   0x0800ff9f   Thumb Code    24  stm32f4xx_usart.o(.text)
    USART_IrDAConfig                         0x0800ffb7   Thumb Code    18  stm32f4xx_usart.o(.text)
    USART_IrDACmd                            0x0800ffc9   Thumb Code    24  stm32f4xx_usart.o(.text)
    USART_DMACmd                             0x0800ffe1   Thumb Code    18  stm32f4xx_usart.o(.text)
    USART_ITConfig                           0x0800fff3   Thumb Code    74  stm32f4xx_usart.o(.text)
    USART_GetFlagStatus                      0x0801003d   Thumb Code    26  stm32f4xx_usart.o(.text)
    USART_ClearFlag                          0x08010057   Thumb Code    18  stm32f4xx_usart.o(.text)
    USART_GetITStatus                        0x08010069   Thumb Code   118  stm32f4xx_usart.o(.text)
    USART_ClearITPendingBit                  0x080100df   Thumb Code    30  stm32f4xx_usart.o(.text)
    SysTick_Handler                          0x080100fd   Thumb Code    16  delay.o(.text)
    delay_init                               0x0801010d   Thumb Code    58  delay.o(.text)
    delay_us                                 0x08010147   Thumb Code    68  delay.o(.text)
    delay_ms                                 0x0801018b   Thumb Code    60  delay.o(.text)
    delay_xms                                0x080101c7   Thumb Code    24  delay.o(.text)
    _sys_exit                                0x080101e9   Thumb Code     4  usart_1.o(.text)
    fputc                                    0x080101ed   Thumb Code    22  usart_1.o(.text)
    uart_init                                0x08010203   Thumb Code   164  usart_1.o(.text)
    USART1_IRQHandler                        0x080102a7   Thumb Code   122  usart_1.o(.text)
    __use_no_semihosting                     0x08010331   Thumb Code     2  use_no_semi_2.o(.text)
    vsprintf                                 0x08010335   Thumb Code    32  vsprintf.o(.text)
    __2printf                                0x08010359   Thumb Code    20  __2printf.o(.text)
    _printf_pre_padding                      0x08010371   Thumb Code    44  _printf_pad.o(.text)
    _printf_post_padding                     0x0801039d   Thumb Code    34  _printf_pad.o(.text)
    _printf_str                              0x080103bf   Thumb Code    82  _printf_str.o(.text)
    _printf_int_dec                          0x08010411   Thumb Code   104  _printf_dec.o(.text)
    _printf_longlong_hex                     0x08010489   Thumb Code    86  _printf_hex_int_ll_ptr.o(.text)
    _printf_int_hex                          0x080104df   Thumb Code    28  _printf_hex_int_ll_ptr.o(.text)
    _printf_ll_hex                           0x080104fb   Thumb Code    12  _printf_hex_int_ll_ptr.o(.text)
    _printf_hex_ptr                          0x08010507   Thumb Code    18  _printf_hex_int_ll_ptr.o(.text)
    __printf                                 0x0801051d   Thumb Code   388  __printf_flags_ss_wp.o(.text)
    strstr                                   0x080106a5   Thumb Code    36  strstr.o(.text)
    strlen                                   0x080106c9   Thumb Code    62  strlen.o(.text)
    __aeabi_memcpy                           0x08010707   Thumb Code     0  rt_memcpy_v6.o(.text)
    __rt_memcpy                              0x08010707   Thumb Code   138  rt_memcpy_v6.o(.text)
    _memcpy_lastbytes                        0x0801076d   Thumb Code     0  rt_memcpy_v6.o(.text)
    __aeabi_memcpy4                          0x08010791   Thumb Code     0  rt_memcpy_w.o(.text)
    __aeabi_memcpy8                          0x08010791   Thumb Code     0  rt_memcpy_w.o(.text)
    __rt_memcpy_w                            0x08010791   Thumb Code   100  rt_memcpy_w.o(.text)
    _memcpy_lastbytes_aligned                0x080107d9   Thumb Code     0  rt_memcpy_w.o(.text)
    __aeabi_memset                           0x080107f5   Thumb Code    16  aeabi_memset.o(.text)
    __aeabi_memclr                           0x08010805   Thumb Code     0  rt_memclr.o(.text)
    __rt_memclr                              0x08010805   Thumb Code    68  rt_memclr.o(.text)
    _memset                                  0x08010809   Thumb Code     0  rt_memclr.o(.text)
    __aeabi_memclr4                          0x08010849   Thumb Code     0  rt_memclr_w.o(.text)
    __aeabi_memclr8                          0x08010849   Thumb Code     0  rt_memclr_w.o(.text)
    __rt_memclr_w                            0x08010849   Thumb Code    78  rt_memclr_w.o(.text)
    _memset_w                                0x0801084d   Thumb Code     0  rt_memclr_w.o(.text)
    strcmp                                   0x08010899   Thumb Code   128  strcmpv7m.o(.text)
    __use_two_region_memory                  0x08010919   Thumb Code     2  heapauxi.o(.text)
    __rt_heap_escrow                         0x0801091b   Thumb Code     2  heapauxi.o(.text)
    __rt_heap_expand                         0x0801091d   Thumb Code     2  heapauxi.o(.text)
    __I$use$semihosting                      0x0801091f   Thumb Code     0  use_no_semi.o(.text)
    __use_no_semihosting_swi                 0x0801091f   Thumb Code     2  use_no_semi.o(.text)
    __rt_ctype_table                         0x08010921   Thumb Code    16  rt_ctype_table.o(.text)
    __aeabi_errno_addr                       0x08010931   Thumb Code     8  rt_errno_addr_intlibspace.o(.text)
    __errno$intlibspace                      0x08010931   Thumb Code     0  rt_errno_addr_intlibspace.o(.text)
    __rt_errno_addr$intlibspace              0x08010931   Thumb Code     0  rt_errno_addr_intlibspace.o(.text)
    __read_errno                             0x08010939   Thumb Code    10  _rserrno.o(.text)
    __set_errno                              0x08010943   Thumb Code    12  _rserrno.o(.text)
    _printf_truncate_signed                  0x0801094f   Thumb Code    18  _printf_truncate.o(.text)
    _printf_truncate_unsigned                0x08010961   Thumb Code    18  _printf_truncate.o(.text)
    _printf_int_common                       0x08010973   Thumb Code   178  _printf_intcommon.o(.text)
    _printf_charcount                        0x08010a25   Thumb Code    40  _printf_charcount.o(.text)
    __lib_sel_fp_printf                      0x08010a4d   Thumb Code     2  _printf_fp_dec.o(.text)
    _printf_fp_dec_real                      0x08010bff   Thumb Code   620  _printf_fp_dec.o(.text)
    _printf_char_common                      0x08010e77   Thumb Code    32  _printf_char_common.o(.text)
    _sputc                                   0x08010e9d   Thumb Code    10  _sputc.o(.text)
    _printf_cs_common                        0x08010ea7   Thumb Code    20  _printf_char.o(.text)
    _printf_char                             0x08010ebb   Thumb Code    16  _printf_char.o(.text)
    _printf_string                           0x08010ecb   Thumb Code     8  _printf_char.o(.text)
    _printf_char_file                        0x08010ed5   Thumb Code    32  _printf_char_file.o(.text)
    _printf_wctomb                           0x08010ef9   Thumb Code   182  _printf_wctomb.o(.text)
    _printf_longlong_dec                     0x08010fb5   Thumb Code   108  _printf_longlong_dec.o(.text)
    _printf_longlong_oct                     0x08011031   Thumb Code    66  _printf_oct_int_ll.o(.text)
    _printf_int_oct                          0x08011073   Thumb Code    24  _printf_oct_int_ll.o(.text)
    _printf_ll_oct                           0x0801108b   Thumb Code    12  _printf_oct_int_ll.o(.text)
    __user_libspace                          0x080110a1   Thumb Code     8  libspace.o(.text)
    __user_perproc_libspace                  0x080110a1   Thumb Code     0  libspace.o(.text)
    __user_perthread_libspace                0x080110a1   Thumb Code     0  libspace.o(.text)
    __rt_locale                              0x080110a9   Thumb Code     8  rt_locale_intlibspace.o(.text)
    _ll_udiv10                               0x080110b1   Thumb Code   138  lludiv10.o(.text)
    _printf_fp_hex_real                      0x0801113d   Thumb Code   756  _printf_fp_hex.o(.text)
    _printf_fp_infnan                        0x08011439   Thumb Code   112  _printf_fp_infnan.o(.text)
    _printf_lcs_common                       0x080114b9   Thumb Code    20  _printf_wchar.o(.text)
    _printf_wchar                            0x080114cd   Thumb Code    16  _printf_wchar.o(.text)
    _printf_wstring                          0x080114dd   Thumb Code     8  _printf_wchar.o(.text)
    _btod_etento                             0x080114e5   Thumb Code   224  bigflt0.o(.text)
    ferror                                   0x080115c9   Thumb Code     8  ferror.o(.text)
    _wcrtomb                                 0x080115d1   Thumb Code    64  _wcrtomb.o(.text)
    __user_setup_stackheap                   0x08011611   Thumb Code    74  sys_stackheap_outer.o(.text)
    exit                                     0x0801165b   Thumb Code    18  exit.o(.text)
    _btod_d2e                                0x0801166d   Thumb Code    62  btod.o(CL$$btod_d2e)
    _d2e_denorm_low                          0x080116ab   Thumb Code    70  btod.o(CL$$btod_d2e_denorm_low)
    _d2e_norm_op1                            0x080116f1   Thumb Code    96  btod.o(CL$$btod_d2e_norm_op1)
    __btod_div_common                        0x08011751   Thumb Code   696  btod.o(CL$$btod_div_common)
    _e2e                                     0x08011a89   Thumb Code   220  btod.o(CL$$btod_e2e)
    _btod_ediv                               0x08011b65   Thumb Code    42  btod.o(CL$$btod_ediv)
    _btod_emul                               0x08011b8f   Thumb Code    42  btod.o(CL$$btod_emul)
    __btod_mult_common                       0x08011bb9   Thumb Code   580  btod.o(CL$$btod_mult_common)
    __ARM_fpclassify                         0x08011dfd   Thumb Code    48  fpclassify.o(i.__ARM_fpclassify)
    __hardfp_sqrt                            0x08011e2d   Thumb Code   122  sqrt.o(i.__hardfp_sqrt)
    _is_digit                                0x08011ea7   Thumb Code    14  __printf_wp.o(i._is_digit)
    _get_lc_ctype                            0x08011eb5   Thumb Code    44  lc_ctype_c.o(locale$$code)
    _get_lc_numeric                          0x08011ee1   Thumb Code    44  lc_numeric_c.o(locale$$code)
    __aeabi_dadd                             0x08011f0d   Thumb Code     0  daddsub_clz.o(x$fpl$dadd)
    _dadd                                    0x08011f0d   Thumb Code   332  daddsub_clz.o(x$fpl$dadd)
    __fpl_dcmp_Inf                           0x0801205d   Thumb Code    24  dcmpi.o(x$fpl$dcmpinf)
    __aeabi_d2uiz                            0x08012075   Thumb Code     0  dfixu.o(x$fpl$dfixu)
    _dfixu                                   0x08012075   Thumb Code    90  dfixu.o(x$fpl$dfixu)
    __aeabi_i2d                              0x080120cf   Thumb Code     0  dflt_clz.o(x$fpl$dflt)
    _dflt                                    0x080120cf   Thumb Code    46  dflt_clz.o(x$fpl$dflt)
    __aeabi_ui2d                             0x080120fd   Thumb Code     0  dflt_clz.o(x$fpl$dfltu)
    _dfltu                                   0x080120fd   Thumb Code    38  dflt_clz.o(x$fpl$dfltu)
    __aeabi_cdcmple                          0x08012125   Thumb Code     0  dleqf.o(x$fpl$dleqf)
    _dcmple                                  0x08012125   Thumb Code   120  dleqf.o(x$fpl$dleqf)
    __fpl_dcmple_InfNaN                      0x08012187   Thumb Code     0  dleqf.o(x$fpl$dleqf)
    __aeabi_dmul                             0x0801219d   Thumb Code     0  dmul.o(x$fpl$dmul)
    _dmul                                    0x0801219d   Thumb Code   332  dmul.o(x$fpl$dmul)
    __fpl_dnaninf                            0x080122f1   Thumb Code   156  dnaninf.o(x$fpl$dnaninf)
    __fpl_dretinf                            0x0801238d   Thumb Code    12  dretinf.o(x$fpl$dretinf)
    __aeabi_cdrcmple                         0x08012399   Thumb Code     0  drleqf.o(x$fpl$drleqf)
    _drcmple                                 0x08012399   Thumb Code   108  drleqf.o(x$fpl$drleqf)
    __aeabi_drsub                            0x08012405   Thumb Code     0  daddsub_clz.o(x$fpl$drsb)
    _drsb                                    0x08012405   Thumb Code    22  daddsub_clz.o(x$fpl$drsb)
    _dsqrt                                   0x0801241d   Thumb Code   404  dsqrt_umaal.o(x$fpl$dsqrt)
    __aeabi_dsub                             0x080125b5   Thumb Code     0  daddsub_clz.o(x$fpl$dsub)
    _dsub                                    0x080125b5   Thumb Code   464  daddsub_clz.o(x$fpl$dsub)
    __aeabi_f2d                              0x08012789   Thumb Code     0  f2d.o(x$fpl$f2d)
    _f2d                                     0x08012789   Thumb Code    86  f2d.o(x$fpl$f2d)
    __fpl_fnaninf                            0x080127df   Thumb Code   140  fnaninf.o(x$fpl$fnaninf)
    _fp_init                                 0x0801286b   Thumb Code    10  fpinit.o(x$fpl$fpinit)
    __fplib_config_fpu_vfp                   0x08012873   Thumb Code     0  fpinit.o(x$fpl$fpinit)
    __fplib_config_pureend_doubles           0x08012873   Thumb Code     0  fpinit.o(x$fpl$fpinit)
    _printf_fp_dec                           0x08012875   Thumb Code     4  printf1.o(x$fpl$printf1)
    _printf_fp_hex                           0x08012879   Thumb Code     4  printf2.o(x$fpl$printf2)
    __I$use$fp                               0x0801287c   Number         0  usenofp.o(x$fpl$usenofp)
    asc2_1206                                0x0801287c   Data        1140  lcd.o(.constdata)
    asc2_1608                                0x08012cf0   Data        1520  lcd.o(.constdata)
    asc2_2412                                0x080132e0   Data        3420  lcd.o(.constdata)
    chinese_one_1616                         0x0801403c   Data         192  lcd.o(.constdata)
    chinese_two_1616                         0x080140fc   Data         352  lcd.o(.constdata)
    FT5206_TPX_TBL                           0x0801425c   Data          10  ft5206.o(.constdata)
    GT9147_CFG_TBL                           0x08014266   Data         184  gt9147.o(.constdata)
    GT9147_TPX_TBL                           0x0801431e   Data          10  gt9147.o(.constdata)
    OTT_TPX_TBL                              0x08014328   Data          10  ott2001a.o(.constdata)
    TP_REMIND_MSG_TBL                        0x08014334   Data           4  touch.o(.constdata)
    FSMC_DefaultTimingStruct                 0x08014338   Data          28  stm32f4xx_fsmc.o(.constdata)
    Region$$Table$$Base                      0x08014518   Number         0  anon$$obj.o(Region$$Table)
    Region$$Table$$Limit                     0x08014538   Number         0  anon$$obj.o(Region$$Table)
    __ctype                                  0x08014545   Data           0  lc_ctype_c.o(locale$$data)
    StartTask_Handler                        0x20000000   Data           4  main.o(.data)
    SG90Task_Handler                         0x20000004   Data           4  main.o(.data)
    LCDTask_Handler                          0x20000008   Data           4  main.o(.data)
    RFIDTask_Handler                         0x2000000c   Data           4  main.o(.data)
    AS608Task_Handler                        0x20000010   Data           4  main.o(.data)
    ESP8266Task_Handler                      0x20000014   Data           4  main.o(.data)
    EventGroupHandler                        0x20000018   Data           4  main.o(.data)
    kbd_menu                                 0x2000001c   Data          60  main.o(.data)
    key                                      0x20000058   Data           1  main.o(.data)
    sg90flag                                 0x20000059   Data           1  main.o(.data)
    rfidflag                                 0x2000005a   Data           1  main.o(.data)
    err                                      0x2000005b   Data           1  main.o(.data)
    SystemCoreClock                          0x2000005c   Data           4  system_stm32f4xx.o(.data)
    AHBPrescTable                            0x20000060   Data          16  system_stm32f4xx.o(.data)
    kbd_tbl                                  0x20000070   Data           4  lcd.o(.data)
    str                                      0x20000074   Data           4  lcd.o(.data)
    ensure                                   0x20000078   Data           1  lcd.o(.data)
    POINT_COLOR                              0x2000007a   Data           2  lcd.o(.data)
    BACK_COLOR                               0x2000007c   Data           2  lcd.o(.data)
    tp_dev                                   0x20000084   Data          52  touch.o(.data)
    CMD_RDX                                  0x200000b8   Data           1  touch.o(.data)
    CMD_RDY                                  0x200000b9   Data           1  touch.o(.data)
    status                                   0x200000ba   Data           1  rc522.o(.data)
    ID                                       0x200000bb   Data           4  rc522.o(.data)
    CT                                       0x200000bf   Data           2  rc522.o(.data)
    kahao1                                   0x200000c1   Data           4  rc522.o(.data)
    KEY                                      0x200000c5   Data           6  rc522.o(.data)
    cStr                                     0x200000cb   Data           4  rc522.o(.data)
    USART2_RX_STA                            0x200000d0   Data           2  usart2.o(.data)
    AS608Addr                                0x200000d4   Data           4  as608.o(.data)
    ensure1                                  0x200000d8   Data           1  as608.o(.data)
    ValidN                                   0x200000da   Data           2  as608.o(.data)
    pxCurrentTCB                             0x200000dc   Data           4  tasks.o(.data)
    uxTopUsedPriority                        0x20000114   Data           4  tasks.o(.data)
    __stdout                                 0x20000170   Data           4  usart_1.o(.data)
    USART_RX_STA                             0x20000174   Data           2  usart_1.o(.data)
    lcddev                                   0x20000178   Data          14  lcd.o(.bss)
    USART2_TX_BUF                            0x20000188   Data         400  usart2.o(.bss)
    USART2_RX_BUF                            0x20000318   Data         400  usart2.o(.bss)
    AS608Para                                0x200004a8   Data          12  as608.o(.bss)
    xQueueRegistry                           0x200004b4   Data          64  queue.o(.bss)
    USART_RX_BUF                             0x200131e4   Data         200  usart_1.o(.bss)
    __libspace_start                         0x200132ac   Data          96  libspace.o(.bss)
    __temporary_stack_top$libspace           0x2001330c   Data           0  libspace.o(.bss)



==============================================================================

Memory Map of the image

  Image Entry point : 0x08000189

  Load Region LR_IROM1 (Base: 0x08000000, Size: 0x000147dc, Max: 0x00100000, ABSOLUTE, COMPRESSED[0x000146d4])

    Execution Region ER_IROM1 (Exec base: 0x08000000, Load base: 0x08000000, Size: 0x00014664, Max: 0x00100000, ABSOLUTE)

    Exec Addr    Load Addr    Size         Type   Attr      Idx    E Section Name        Object

    0x08000000   0x08000000   0x00000188   Data   RO          288    RESET               startup_stm32f40_41xxx.o
    0x08000188   0x08000188   0x00000008   Code   RO         2063  * !!!main             c_w.l(__main.o)
    0x08000190   0x08000190   0x00000034   Code   RO         2503    !!!scatter          c_w.l(__scatter.o)
    0x080001c4   0x080001c4   0x0000005a   Code   RO         2501    !!dczerorl2         c_w.l(__dczerorl2.o)
    0x0800021e   0x0800021e   0x00000002   PAD
    0x08000220   0x08000220   0x0000001c   Code   RO         2505    !!handler_zi        c_w.l(__scatter_zi.o)
    0x0800023c   0x0800023c   0x00000000   Code   RO         2032    .ARM.Collect$$_printf_percent$$00000000  c_w.l(_printf_percent.o)
    0x0800023c   0x0800023c   0x00000006   Code   RO         2204    .ARM.Collect$$_printf_percent$$00000001  c_w.l(_printf_n.o)
    0x08000242   0x08000242   0x00000006   Code   RO         2205    .ARM.Collect$$_printf_percent$$00000002  c_w.l(_printf_p.o)
    0x08000248   0x08000248   0x00000006   Code   RO         2030    .ARM.Collect$$_printf_percent$$00000003  c_w.l(_printf_f.o)
    0x0800024e   0x0800024e   0x00000006   Code   RO         2031    .ARM.Collect$$_printf_percent$$00000004  c_w.l(_printf_e.o)
    0x08000254   0x08000254   0x00000006   Code   RO         2209    .ARM.Collect$$_printf_percent$$00000005  c_w.l(_printf_g.o)
    0x0800025a   0x0800025a   0x00000006   Code   RO         2210    .ARM.Collect$$_printf_percent$$00000006  c_w.l(_printf_a.o)
    0x08000260   0x08000260   0x0000000a   Code   RO         2215    .ARM.Collect$$_printf_percent$$00000007  c_w.l(_printf_ll.o)
    0x0800026a   0x0800026a   0x00000006   Code   RO         2207    .ARM.Collect$$_printf_percent$$00000008  c_w.l(_printf_i.o)
    0x08000270   0x08000270   0x00000006   Code   RO         2029    .ARM.Collect$$_printf_percent$$00000009  c_w.l(_printf_d.o)
    0x08000276   0x08000276   0x00000006   Code   RO         2208    .ARM.Collect$$_printf_percent$$0000000A  c_w.l(_printf_u.o)
    0x0800027c   0x0800027c   0x00000006   Code   RO         2206    .ARM.Collect$$_printf_percent$$0000000B  c_w.l(_printf_o.o)
    0x08000282   0x08000282   0x00000006   Code   RO         2028    .ARM.Collect$$_printf_percent$$0000000C  c_w.l(_printf_x.o)
    0x08000288   0x08000288   0x00000006   Code   RO         2212    .ARM.Collect$$_printf_percent$$0000000D  c_w.l(_printf_lli.o)
    0x0800028e   0x0800028e   0x00000006   Code   RO         2213    .ARM.Collect$$_printf_percent$$0000000E  c_w.l(_printf_lld.o)
    0x08000294   0x08000294   0x00000006   Code   RO         2214    .ARM.Collect$$_printf_percent$$0000000F  c_w.l(_printf_llu.o)
    0x0800029a   0x0800029a   0x00000006   Code   RO         2219    .ARM.Collect$$_printf_percent$$00000010  c_w.l(_printf_llo.o)
    0x080002a0   0x080002a0   0x00000006   Code   RO         2220    .ARM.Collect$$_printf_percent$$00000011  c_w.l(_printf_llx.o)
    0x080002a6   0x080002a6   0x0000000a   Code   RO         2216    .ARM.Collect$$_printf_percent$$00000012  c_w.l(_printf_l.o)
    0x080002b0   0x080002b0   0x00000006   Code   RO         2203    .ARM.Collect$$_printf_percent$$00000013  c_w.l(_printf_c.o)
    0x080002b6   0x080002b6   0x00000006   Code   RO         2027    .ARM.Collect$$_printf_percent$$00000014  c_w.l(_printf_s.o)
    0x080002bc   0x080002bc   0x00000006   Code   RO         2217    .ARM.Collect$$_printf_percent$$00000015  c_w.l(_printf_lc.o)
    0x080002c2   0x080002c2   0x00000006   Code   RO         2218    .ARM.Collect$$_printf_percent$$00000016  c_w.l(_printf_ls.o)
    0x080002c8   0x080002c8   0x00000004   Code   RO         2211    .ARM.Collect$$_printf_percent$$00000017  c_w.l(_printf_percent_end.o)
    0x080002cc   0x080002cc   0x00000002   Code   RO         2436    .ARM.Collect$$libinit$$00000000  c_w.l(libinit.o)
    0x080002ce   0x080002ce   0x00000004   Code   RO         2225    .ARM.Collect$$libinit$$00000001  c_w.l(libinit2.o)
    0x080002d2   0x080002d2   0x00000000   Code   RO         2228    .ARM.Collect$$libinit$$00000004  c_w.l(libinit2.o)
    0x080002d2   0x080002d2   0x00000000   Code   RO         2231    .ARM.Collect$$libinit$$0000000A  c_w.l(libinit2.o)
    0x080002d2   0x080002d2   0x00000000   Code   RO         2233    .ARM.Collect$$libinit$$0000000C  c_w.l(libinit2.o)
    0x080002d2   0x080002d2   0x00000000   Code   RO         2235    .ARM.Collect$$libinit$$0000000E  c_w.l(libinit2.o)
    0x080002d2   0x080002d2   0x00000006   Code   RO         2236    .ARM.Collect$$libinit$$0000000F  c_w.l(libinit2.o)
    0x080002d8   0x080002d8   0x00000000   Code   RO         2238    .ARM.Collect$$libinit$$00000011  c_w.l(libinit2.o)
    0x080002d8   0x080002d8   0x0000000c   Code   RO         2239    .ARM.Collect$$libinit$$00000012  c_w.l(libinit2.o)
    0x080002e4   0x080002e4   0x00000000   Code   RO         2240    .ARM.Collect$$libinit$$00000013  c_w.l(libinit2.o)
    0x080002e4   0x080002e4   0x00000000   Code   RO         2242    .ARM.Collect$$libinit$$00000015  c_w.l(libinit2.o)
    0x080002e4   0x080002e4   0x0000000a   Code   RO         2243    .ARM.Collect$$libinit$$00000016  c_w.l(libinit2.o)
    0x080002ee   0x080002ee   0x00000000   Code   RO         2244    .ARM.Collect$$libinit$$00000017  c_w.l(libinit2.o)
    0x080002ee   0x080002ee   0x00000000   Code   RO         2246    .ARM.Collect$$libinit$$00000019  c_w.l(libinit2.o)
    0x080002ee   0x080002ee   0x00000000   Code   RO         2248    .ARM.Collect$$libinit$$0000001B  c_w.l(libinit2.o)
    0x080002ee   0x080002ee   0x00000000   Code   RO         2250    .ARM.Collect$$libinit$$0000001D  c_w.l(libinit2.o)
    0x080002ee   0x080002ee   0x00000000   Code   RO         2252    .ARM.Collect$$libinit$$0000001F  c_w.l(libinit2.o)
    0x080002ee   0x080002ee   0x00000000   Code   RO         2254    .ARM.Collect$$libinit$$00000021  c_w.l(libinit2.o)
    0x080002ee   0x080002ee   0x00000000   Code   RO         2256    .ARM.Collect$$libinit$$00000023  c_w.l(libinit2.o)
    0x080002ee   0x080002ee   0x00000000   Code   RO         2258    .ARM.Collect$$libinit$$00000025  c_w.l(libinit2.o)
    0x080002ee   0x080002ee   0x00000000   Code   RO         2262    .ARM.Collect$$libinit$$0000002C  c_w.l(libinit2.o)
    0x080002ee   0x080002ee   0x00000000   Code   RO         2264    .ARM.Collect$$libinit$$0000002E  c_w.l(libinit2.o)
    0x080002ee   0x080002ee   0x00000000   Code   RO         2266    .ARM.Collect$$libinit$$00000030  c_w.l(libinit2.o)
    0x080002ee   0x080002ee   0x00000000   Code   RO         2268    .ARM.Collect$$libinit$$00000032  c_w.l(libinit2.o)
    0x080002ee   0x080002ee   0x00000002   Code   RO         2269    .ARM.Collect$$libinit$$00000033  c_w.l(libinit2.o)
    0x080002f0   0x080002f0   0x00000002   Code   RO         2498    .ARM.Collect$$libshutdown$$00000000  c_w.l(libshutdown.o)
    0x080002f2   0x080002f2   0x00000000   Code   RO         2450    .ARM.Collect$$libshutdown$$00000002  c_w.l(libshutdown2.o)
    0x080002f2   0x080002f2   0x00000000   Code   RO         2452    .ARM.Collect$$libshutdown$$00000004  c_w.l(libshutdown2.o)
    0x080002f2   0x080002f2   0x00000000   Code   RO         2454    .ARM.Collect$$libshutdown$$00000006  c_w.l(libshutdown2.o)
    0x080002f2   0x080002f2   0x00000000   Code   RO         2457    .ARM.Collect$$libshutdown$$00000009  c_w.l(libshutdown2.o)
    0x080002f2   0x080002f2   0x00000000   Code   RO         2460    .ARM.Collect$$libshutdown$$0000000C  c_w.l(libshutdown2.o)
    0x080002f2   0x080002f2   0x00000000   Code   RO         2462    .ARM.Collect$$libshutdown$$0000000E  c_w.l(libshutdown2.o)
    0x080002f2   0x080002f2   0x00000000   Code   RO         2465    .ARM.Collect$$libshutdown$$00000011  c_w.l(libshutdown2.o)
    0x080002f2   0x080002f2   0x00000002   Code   RO         2466    .ARM.Collect$$libshutdown$$00000012  c_w.l(libshutdown2.o)
    0x080002f4   0x080002f4   0x00000000   Code   RO         2139    .ARM.Collect$$rtentry$$00000000  c_w.l(__rtentry.o)
    0x080002f4   0x080002f4   0x00000000   Code   RO         2320    .ARM.Collect$$rtentry$$00000002  c_w.l(__rtentry2.o)
    0x080002f4   0x080002f4   0x00000006   Code   RO         2332    .ARM.Collect$$rtentry$$00000004  c_w.l(__rtentry4.o)
    0x080002fa   0x080002fa   0x00000000   Code   RO         2322    .ARM.Collect$$rtentry$$00000009  c_w.l(__rtentry2.o)
    0x080002fa   0x080002fa   0x00000004   Code   RO         2323    .ARM.Collect$$rtentry$$0000000A  c_w.l(__rtentry2.o)
    0x080002fe   0x080002fe   0x00000000   Code   RO         2325    .ARM.Collect$$rtentry$$0000000C  c_w.l(__rtentry2.o)
    0x080002fe   0x080002fe   0x00000008   Code   RO         2326    .ARM.Collect$$rtentry$$0000000D  c_w.l(__rtentry2.o)
    0x08000306   0x08000306   0x00000002   Code   RO         2439    .ARM.Collect$$rtexit$$00000000  c_w.l(rtexit.o)
    0x08000308   0x08000308   0x00000000   Code   RO         2472    .ARM.Collect$$rtexit$$00000002  c_w.l(rtexit2.o)
    0x08000308   0x08000308   0x00000004   Code   RO         2473    .ARM.Collect$$rtexit$$00000003  c_w.l(rtexit2.o)
    0x0800030c   0x0800030c   0x00000006   Code   RO         2474    .ARM.Collect$$rtexit$$00000004  c_w.l(rtexit2.o)
    0x08000312   0x08000312   0x00000002   PAD
    0x08000314   0x08000314   0x000000be   Code   RO         1056    .emb_text           port.o
    0x080003d2   0x080003d2   0x00000002   PAD
    0x080003d4   0x080003d4   0x0000085c   Code   RO            3    .text               main.o
    0x08000c30   0x08000c30   0x00000014   Code   RO          239    .text               stm32f4xx_it.o
    0x08000c44   0x08000c44   0x00000210   Code   RO          262    .text               system_stm32f4xx.o
    0x08000e54   0x08000e54   0x00000040   Code   RO          289    .text               startup_stm32f40_41xxx.o
    0x08000e94   0x08000e94   0x00000040   Code   RO          295    .text               led.o
    0x08000ed4   0x08000ed4   0x00005464   Code   RO          341    .text               lcd.o
    0x08006338   0x08006338   0x00000104   Code   RO          390    .text               key.o
    0x0800643c   0x0800643c   0x0000025c   Code   RO          411    .text               myiic.o
    0x08006698   0x08006698   0x0000017a   Code   RO          434    .text               24cxx.o
    0x08006812   0x08006812   0x00000002   PAD
    0x08006814   0x08006814   0x00000254   Code   RO          457    .text               ctiic.o
    0x08006a68   0x08006a68   0x0000032c   Code   RO          480    .text               ft5206.o
    0x08006d94   0x08006d94   0x00000430   Code   RO          511    .text               gt9147.o
    0x080071c4   0x080071c4   0x00000388   Code   RO          542    .text               ott2001a.o
    0x0800754c   0x0800754c   0x000010e0   Code   RO          566    .text               touch.o
    0x0800862c   0x0800862c   0x0000011c   Code   RO          598    .text               sg90.o
    0x08008748   0x08008748   0x00000040   Code   RO          618    .text               beep.o
    0x08008788   0x08008788   0x00000894   Code   RO          638    .text               rc522.o
    0x0800901c   0x0800901c   0x00000184   Code   RO          661    .text               usart2.o
    0x080091a0   0x080091a0   0x00000084   Code   RO          698    .text               timer.o
    0x08009224   0x08009224   0x00000bf0   Code   RO          719    .text               as608.o
    0x08009e14   0x08009e14   0x0000048c   Code   RO          914    .text               event_groups.o
    0x0800a2a0   0x0800a2a0   0x00000094   Code   RO          947    .text               list.o
    0x0800a334   0x0800a334   0x0000101c   Code   RO          962    .text               queue.o
    0x0800b350   0x0800b350   0x0000204c   Code   RO         1001    .text               tasks.o
    0x0800d39c   0x0800d39c   0x00000650   Code   RO         1023    .text               timers.o
    0x0800d9ec   0x0800d9ec   0x00000340   Code   RO         1057    .text               port.o
    0x0800dd2c   0x0800dd2c   0x00000340   Code   RO         1086    .text               heap_4.o
    0x0800e06c   0x0800e06c   0x000000e0   Code   RO         1103    .text               misc.o
    0x0800e14c   0x0800e14c   0x000005c8   Code   RO         1429    .text               stm32f4xx_fsmc.o
    0x0800e714   0x0800e714   0x00000294   Code   RO         1452    .text               stm32f4xx_gpio.o
    0x0800e9a8   0x0800e9a8   0x0000065c   Code   RO         1615    .text               stm32f4xx_rcc.o
    0x0800f004   0x0800f004   0x00000ca2   Code   RO         1760    .text               stm32f4xx_tim.o
    0x0800fca6   0x0800fca6   0x00000002   PAD
    0x0800fca8   0x0800fca8   0x00000454   Code   RO         1780    .text               stm32f4xx_usart.o
    0x080100fc   0x080100fc   0x000000ec   Code   RO         1820    .text               delay.o
    0x080101e8   0x080101e8   0x00000148   Code   RO         1860    .text               usart_1.o
    0x08010330   0x08010330   0x00000002   Code   RO         1900    .text               c_w.l(use_no_semi_2.o)
    0x08010332   0x08010332   0x00000002   PAD
    0x08010334   0x08010334   0x00000024   Code   RO         1966    .text               c_w.l(vsprintf.o)
    0x08010358   0x08010358   0x00000018   Code   RO         1970    .text               c_w.l(__2printf.o)
    0x08010370   0x08010370   0x0000004e   Code   RO         1980    .text               c_w.l(_printf_pad.o)
    0x080103be   0x080103be   0x00000052   Code   RO         1982    .text               c_w.l(_printf_str.o)
    0x08010410   0x08010410   0x00000078   Code   RO         1984    .text               c_w.l(_printf_dec.o)
    0x08010488   0x08010488   0x00000094   Code   RO         2004    .text               c_w.l(_printf_hex_int_ll_ptr.o)
    0x0801051c   0x0801051c   0x00000188   Code   RO         2024    .text               c_w.l(__printf_flags_ss_wp.o)
    0x080106a4   0x080106a4   0x00000024   Code   RO         2039    .text               c_w.l(strstr.o)
    0x080106c8   0x080106c8   0x0000003e   Code   RO         2043    .text               c_w.l(strlen.o)
    0x08010706   0x08010706   0x0000008a   Code   RO         2047    .text               c_w.l(rt_memcpy_v6.o)
    0x08010790   0x08010790   0x00000064   Code   RO         2049    .text               c_w.l(rt_memcpy_w.o)
    0x080107f4   0x080107f4   0x00000010   Code   RO         2053    .text               c_w.l(aeabi_memset.o)
    0x08010804   0x08010804   0x00000044   Code   RO         2055    .text               c_w.l(rt_memclr.o)
    0x08010848   0x08010848   0x0000004e   Code   RO         2057    .text               c_w.l(rt_memclr_w.o)
    0x08010896   0x08010896   0x00000002   PAD
    0x08010898   0x08010898   0x00000080   Code   RO         2059    .text               c_w.l(strcmpv7m.o)
    0x08010918   0x08010918   0x00000006   Code   RO         2061    .text               c_w.l(heapauxi.o)
    0x0801091e   0x0801091e   0x00000002   Code   RO         2135    .text               c_w.l(use_no_semi.o)
    0x08010920   0x08010920   0x00000010   Code   RO         2140    .text               c_w.l(rt_ctype_table.o)
    0x08010930   0x08010930   0x00000008   Code   RO         2150    .text               c_w.l(rt_errno_addr_intlibspace.o)
    0x08010938   0x08010938   0x00000016   Code   RO         2172    .text               c_w.l(_rserrno.o)
    0x0801094e   0x0801094e   0x00000024   Code   RO         2174    .text               c_w.l(_printf_truncate.o)
    0x08010972   0x08010972   0x000000b2   Code   RO         2176    .text               c_w.l(_printf_intcommon.o)
    0x08010a24   0x08010a24   0x00000028   Code   RO         2178    .text               c_w.l(_printf_charcount.o)
    0x08010a4c   0x08010a4c   0x0000041e   Code   RO         2180    .text               c_w.l(_printf_fp_dec.o)
    0x08010e6a   0x08010e6a   0x00000002   PAD
    0x08010e6c   0x08010e6c   0x00000030   Code   RO         2182    .text               c_w.l(_printf_char_common.o)
    0x08010e9c   0x08010e9c   0x0000000a   Code   RO         2184    .text               c_w.l(_sputc.o)
    0x08010ea6   0x08010ea6   0x0000002c   Code   RO         2188    .text               c_w.l(_printf_char.o)
    0x08010ed2   0x08010ed2   0x00000002   PAD
    0x08010ed4   0x08010ed4   0x00000024   Code   RO         2190    .text               c_w.l(_printf_char_file.o)
    0x08010ef8   0x08010ef8   0x000000bc   Code   RO         2192    .text               c_w.l(_printf_wctomb.o)
    0x08010fb4   0x08010fb4   0x0000007c   Code   RO         2195    .text               c_w.l(_printf_longlong_dec.o)
    0x08011030   0x08011030   0x00000070   Code   RO         2201    .text               c_w.l(_printf_oct_int_ll.o)
    0x080110a0   0x080110a0   0x00000008   Code   RO         2316    .text               c_w.l(libspace.o)
    0x080110a8   0x080110a8   0x00000008   Code   RO         2337    .text               c_w.l(rt_locale_intlibspace.o)
    0x080110b0   0x080110b0   0x0000008a   Code   RO         2347    .text               c_w.l(lludiv10.o)
    0x0801113a   0x0801113a   0x00000002   PAD
    0x0801113c   0x0801113c   0x000002fc   Code   RO         2349    .text               c_w.l(_printf_fp_hex.o)
    0x08011438   0x08011438   0x00000080   Code   RO         2352    .text               c_w.l(_printf_fp_infnan.o)
    0x080114b8   0x080114b8   0x0000002c   Code   RO         2356    .text               c_w.l(_printf_wchar.o)
    0x080114e4   0x080114e4   0x000000e4   Code   RO         2360    .text               c_w.l(bigflt0.o)
    0x080115c8   0x080115c8   0x00000008   Code   RO         2385    .text               c_w.l(ferror.o)
    0x080115d0   0x080115d0   0x00000040   Code   RO         2389    .text               c_w.l(_wcrtomb.o)
    0x08011610   0x08011610   0x0000004a   Code   RO         2413    .text               c_w.l(sys_stackheap_outer.o)
    0x0801165a   0x0801165a   0x00000012   Code   RO         2421    .text               c_w.l(exit.o)
    0x0801166c   0x0801166c   0x0000003e   Code   RO         2363    CL$$btod_d2e        c_w.l(btod.o)
    0x080116aa   0x080116aa   0x00000046   Code   RO         2365    CL$$btod_d2e_denorm_low  c_w.l(btod.o)
    0x080116f0   0x080116f0   0x00000060   Code   RO         2364    CL$$btod_d2e_norm_op1  c_w.l(btod.o)
    0x08011750   0x08011750   0x00000338   Code   RO         2373    CL$$btod_div_common  c_w.l(btod.o)
    0x08011a88   0x08011a88   0x000000dc   Code   RO         2370    CL$$btod_e2e        c_w.l(btod.o)
    0x08011b64   0x08011b64   0x0000002a   Code   RO         2367    CL$$btod_ediv       c_w.l(btod.o)
    0x08011b8e   0x08011b8e   0x0000002a   Code   RO         2366    CL$$btod_emul       c_w.l(btod.o)
    0x08011bb8   0x08011bb8   0x00000244   Code   RO         2372    CL$$btod_mult_common  c_w.l(btod.o)
    0x08011dfc   0x08011dfc   0x00000030   Code   RO         2309    i.__ARM_fpclassify  m_wm.l(fpclassify.o)
    0x08011e2c   0x08011e2c   0x0000007a   Code   RO         2123    i.__hardfp_sqrt     m_wm.l(sqrt.o)
    0x08011ea6   0x08011ea6   0x0000000e   Code   RO         2017    i._is_digit         c_w.l(__printf_wp.o)
    0x08011eb4   0x08011eb4   0x0000002c   Code   RO         2392    locale$$code        c_w.l(lc_ctype_c.o)
    0x08011ee0   0x08011ee0   0x0000002c   Code   RO         2395    locale$$code        c_w.l(lc_numeric_c.o)
    0x08011f0c   0x08011f0c   0x00000150   Code   RO         2065    x$fpl$dadd          fz_wm.l(daddsub_clz.o)
    0x0801205c   0x0801205c   0x00000018   Code   RO         2272    x$fpl$dcmpinf       fz_wm.l(dcmpi.o)
    0x08012074   0x08012074   0x0000005a   Code   RO         2077    x$fpl$dfixu         fz_wm.l(dfixu.o)
    0x080120ce   0x080120ce   0x0000002e   Code   RO         2082    x$fpl$dflt          fz_wm.l(dflt_clz.o)
    0x080120fc   0x080120fc   0x00000026   Code   RO         2081    x$fpl$dfltu         fz_wm.l(dflt_clz.o)
    0x08012122   0x08012122   0x00000002   PAD
    0x08012124   0x08012124   0x00000078   Code   RO         2087    x$fpl$dleqf         fz_wm.l(dleqf.o)
    0x0801219c   0x0801219c   0x00000154   Code   RO         2089    x$fpl$dmul          fz_wm.l(dmul.o)
    0x080122f0   0x080122f0   0x0000009c   Code   RO         2278    x$fpl$dnaninf       fz_wm.l(dnaninf.o)
    0x0801238c   0x0801238c   0x0000000c   Code   RO         2280    x$fpl$dretinf       fz_wm.l(dretinf.o)
    0x08012398   0x08012398   0x0000006c   Code   RO         2091    x$fpl$drleqf        fz_wm.l(drleqf.o)
    0x08012404   0x08012404   0x00000016   Code   RO         2066    x$fpl$drsb          fz_wm.l(daddsub_clz.o)
    0x0801241a   0x0801241a   0x00000002   PAD
    0x0801241c   0x0801241c   0x00000198   Code   RO         2282    x$fpl$dsqrt         fz_wm.l(dsqrt_umaal.o)
    0x080125b4   0x080125b4   0x000001d4   Code   RO         2067    x$fpl$dsub          fz_wm.l(daddsub_clz.o)
    0x08012788   0x08012788   0x00000056   Code   RO         2093    x$fpl$f2d           fz_wm.l(f2d.o)
    0x080127de   0x080127de   0x0000008c   Code   RO         2284    x$fpl$fnaninf       fz_wm.l(fnaninf.o)
    0x0801286a   0x0801286a   0x0000000a   Code   RO         2408    x$fpl$fpinit        fz_wm.l(fpinit.o)
    0x08012874   0x08012874   0x00000004   Code   RO         2095    x$fpl$printf1       fz_wm.l(printf1.o)
    0x08012878   0x08012878   0x00000004   Code   RO         2286    x$fpl$printf2       fz_wm.l(printf2.o)
    0x0801287c   0x0801287c   0x00000000   Code   RO         2294    x$fpl$usenofp       fz_wm.l(usenofp.o)
    0x0801287c   0x0801287c   0x000019e0   Data   RO          343    .constdata          lcd.o
    0x0801425c   0x0801425c   0x0000000a   Data   RO          481    .constdata          ft5206.o
    0x08014266   0x08014266   0x000000c2   Data   RO          512    .constdata          gt9147.o
    0x08014328   0x08014328   0x0000000a   Data   RO          543    .constdata          ott2001a.o
    0x08014332   0x08014332   0x00000002   PAD
    0x08014334   0x08014334   0x00000004   Data   RO          567    .constdata          touch.o
    0x08014338   0x08014338   0x0000001c   Data   RO         1430    .constdata          stm32f4xx_fsmc.o
    0x08014354   0x08014354   0x00000028   Data   RO         2005    .constdata          c_w.l(_printf_hex_int_ll_ptr.o)
    0x0801437c   0x0801437c   0x00000011   Data   RO         2025    .constdata          c_w.l(__printf_flags_ss_wp.o)
    0x0801438d   0x0801438d   0x00000003   PAD
    0x08014390   0x08014390   0x00000008   Data   RO         2193    .constdata          c_w.l(_printf_wctomb.o)
    0x08014398   0x08014398   0x00000026   Data   RO         2350    .constdata          c_w.l(_printf_fp_hex.o)
    0x080143be   0x080143be   0x00000002   PAD
    0x080143c0   0x080143c0   0x00000094   Data   RO         2361    .constdata          c_w.l(bigflt0.o)
    0x08014454   0x08014454   0x00000046   Data   RO            4    .conststring        main.o
    0x0801449a   0x0801449a   0x00000002   PAD
    0x0801449c   0x0801449c   0x00000079   Data   RO          568    .conststring        touch.o
    0x08014515   0x08014515   0x00000003   PAD
    0x08014518   0x08014518   0x00000020   Data   RO         2499    Region$$Table       anon$$obj.o
    0x08014538   0x08014538   0x00000110   Data   RO         2391    locale$$data        c_w.l(lc_ctype_c.o)
    0x08014648   0x08014648   0x0000001c   Data   RO         2394    locale$$data        c_w.l(lc_numeric_c.o)


    Execution Region RW_IRAM1 (Exec base: 0x20000000, Load base: 0x08014664, Size: 0x00013910, Max: 0x00020000, ABSOLUTE, COMPRESSED[0x00000070])

    Exec Addr    Load Addr    Size         Type   Attr      Idx    E Section Name        Object

    0x20000000   COMPRESSED   0x0000005c   Data   RW            5    .data               main.o
    0x2000005c   COMPRESSED   0x00000014   Data   RW          263    .data               system_stm32f4xx.o
    0x20000070   COMPRESSED   0x0000000f   Data   RW          344    .data               lcd.o
    0x2000007f   COMPRESSED   0x00000001   Data   RW          391    .data               key.o
    0x20000080   COMPRESSED   0x00000001   Data   RW          482    .data               ft5206.o
    0x20000081   COMPRESSED   0x00000001   Data   RW          513    .data               gt9147.o
    0x20000082   COMPRESSED   0x00000001   Data   RW          544    .data               ott2001a.o
    0x20000083   COMPRESSED   0x00000001   PAD
    0x20000084   COMPRESSED   0x00000036   Data   RW          569    .data               touch.o
    0x200000ba   COMPRESSED   0x00000015   Data   RW          639    .data               rc522.o
    0x200000cf   COMPRESSED   0x00000001   PAD
    0x200000d0   COMPRESSED   0x00000002   Data   RW          663    .data               usart2.o
    0x200000d2   COMPRESSED   0x00000002   PAD
    0x200000d4   COMPRESSED   0x00000008   Data   RW          721    .data               as608.o
    0x200000dc   COMPRESSED   0x00000040   Data   RW         1003    .data               tasks.o
    0x2000011c   COMPRESSED   0x00000014   Data   RW         1025    .data               timers.o
    0x20000130   COMPRESSED   0x0000000c   Data   RW         1058    .data               port.o
    0x2000013c   COMPRESSED   0x00000020   Data   RW         1088    .data               heap_4.o
    0x2000015c   COMPRESSED   0x00000010   Data   RW         1616    .data               stm32f4xx_rcc.o
    0x2000016c   COMPRESSED   0x00000004   Data   RW         1821    .data               delay.o
    0x20000170   COMPRESSED   0x00000006   Data   RW         1862    .data               usart_1.o
    0x20000176   COMPRESSED   0x00000002   PAD
    0x20000178        -       0x0000000e   Zero   RW          342    .bss                lcd.o
    0x20000186   COMPRESSED   0x00000002   PAD
    0x20000188        -       0x00000320   Zero   RW          662    .bss                usart2.o
    0x200004a8        -       0x0000000c   Zero   RW          720    .bss                as608.o
    0x200004b4        -       0x00000040   Zero   RW          963    .bss                queue.o
    0x200004f4        -       0x000000c8   Zero   RW         1002    .bss                tasks.o
    0x200005bc        -       0x00000028   Zero   RW         1024    .bss                timers.o
    0x200005e4        -       0x00012c00   Zero   RW         1087    .bss                heap_4.o
    0x200131e4        -       0x000000c8   Zero   RW         1861    .bss                usart_1.o
    0x200132ac        -       0x00000060   Zero   RW         2317    .bss                c_w.l(libspace.o)
    0x2001330c   COMPRESSED   0x00000004   PAD
    0x20013310        -       0x00000200   Zero   RW          287    HEAP                startup_stm32f40_41xxx.o
    0x20013510        -       0x00000400   Zero   RW          286    STACK               startup_stm32f40_41xxx.o


==============================================================================

Image component sizes


      Code (inc. data)   RO Data    RW Data    ZI Data      Debug   Object Name

       378          0          0          0          0       2862   24cxx.o
      3056        828          0          8         12       9171   as608.o
        64          4          0          0          0        552   beep.o
       596         24          0          0          0       2089   ctiic.o
       236         10          0          4          0       1713   delay.o
      1164          4          0          0          0      20939   event_groups.o
       812         40         10          1          0       2615   ft5206.o
      1072         78        194          1          0       3154   gt9147.o
       832         32          0         32      76800       4290   heap_4.o
       260         12          0          1          0        900   key.o
     21604        274       6624         15         14      28601   lcd.o
        64          4          0          0          0     229743   led.o
       148          0          0          0          0       2074   list.o
      2140        598         70         92          0     306876   main.o
       224         20          0          0          0       1861   misc.o
       604         14          0          0          0       1916   myiic.o
       904         66         10          1          0       2815   ott2001a.o
      1022         52          0         12          0       8999   port.o
      4124         18          0          0         64      22000   queue.o
      2196         48          0         21          0       8495   rc522.o
       284         26          0          0          0       1058   sg90.o
        64         26        392          0       1536        848   startup_stm32f40_41xxx.o
      1480         18         28          0          0       5714   stm32f4xx_fsmc.o
       660         44          0          0          0       4201   stm32f4xx_gpio.o
        20          0          0          0          0        967   stm32f4xx_it.o
      1628         52          0         16          0      13100   stm32f4xx_rcc.o
      3234         60          0          0          0      23056   stm32f4xx_tim.o
      1108         34          0          0          0       7924   stm32f4xx_usart.o
       528         46          0         20          0       1843   system_stm32f4xx.o
      8268        402          0         64        200      37101   tasks.o
       132         10          0          0          0        840   timer.o
      1616         72          0         20         40      27087   timers.o
      4320        228        125         54          0       6881   touch.o
       388         24          0          2        800       2662   usart2.o
       328         16          0          6        200       3414   usart_1.o

    ----------------------------------------------------------------------
     65564       3184       7492        376      79668     798361   Object Totals
         0          0         32          0          0          0   (incl. Generated)
         6          0          7          6          2          0   (incl. Padding)

    ----------------------------------------------------------------------

      Code (inc. data)   RO Data    RW Data    ZI Data      Debug   Library Member Name

        24          4          0          0          0         84   __2printf.o
        90          0          0          0          0          0   __dczerorl2.o
         8          0          0          0          0         68   __main.o
       392          4         17          0          0         92   __printf_flags_ss_wp.o
        14          0          0          0          0         68   __printf_wp.o
         0          0          0          0          0          0   __rtentry.o
        12          0          0          0          0          0   __rtentry2.o
         6          0          0          0          0          0   __rtentry4.o
        52          8          0          0          0          0   __scatter.o
        28          0          0          0          0          0   __scatter_zi.o
         6          0          0          0          0          0   _printf_a.o
         6          0          0          0          0          0   _printf_c.o
        44          0          0          0          0        108   _printf_char.o
        48          6          0          0          0         96   _printf_char_common.o
        36          4          0          0          0         80   _printf_char_file.o
        40          0          0          0          0         68   _printf_charcount.o
         6          0          0          0          0          0   _printf_d.o
       120         16          0          0          0         92   _printf_dec.o
         6          0          0          0          0          0   _printf_e.o
         6          0          0          0          0          0   _printf_f.o
      1054          0          0          0          0        216   _printf_fp_dec.o
       764          8         38          0          0        100   _printf_fp_hex.o
       128         16          0          0          0         84   _printf_fp_infnan.o
         6          0          0          0          0          0   _printf_g.o
       148          4         40          0          0        160   _printf_hex_int_ll_ptr.o
         6          0          0          0          0          0   _printf_i.o
       178          0          0          0          0         88   _printf_intcommon.o
        10          0          0          0          0          0   _printf_l.o
         6          0          0          0          0          0   _printf_lc.o
        10          0          0          0          0          0   _printf_ll.o
         6          0          0          0          0          0   _printf_lld.o
         6          0          0          0          0          0   _printf_lli.o
         6          0          0          0          0          0   _printf_llo.o
         6          0          0          0          0          0   _printf_llu.o
         6          0          0          0          0          0   _printf_llx.o
       124         16          0          0          0         92   _printf_longlong_dec.o
         6          0          0          0          0          0   _printf_ls.o
         6          0          0          0          0          0   _printf_n.o
         6          0          0          0          0          0   _printf_o.o
       112         10          0          0          0        124   _printf_oct_int_ll.o
         6          0          0          0          0          0   _printf_p.o
        78          0          0          0          0        108   _printf_pad.o
         0          0          0          0          0          0   _printf_percent.o
         4          0          0          0          0          0   _printf_percent_end.o
         6          0          0          0          0          0   _printf_s.o
        82          0          0          0          0         80   _printf_str.o
        36          0          0          0          0         84   _printf_truncate.o
         6          0          0          0          0          0   _printf_u.o
        44          0          0          0          0        108   _printf_wchar.o
       188          6          8          0          0         92   _printf_wctomb.o
         6          0          0          0          0          0   _printf_x.o
        22          0          0          0          0        100   _rserrno.o
        10          0          0          0          0         68   _sputc.o
        64          0          0          0          0         92   _wcrtomb.o
        16          0          0          0          0         68   aeabi_memset.o
       228          4        148          0          0         96   bigflt0.o
      1936        128          0          0          0        672   btod.o
        18          0          0          0          0         80   exit.o
         8          0          0          0          0         68   ferror.o
         6          0          0          0          0        152   heapauxi.o
        44         10        272          0          0         76   lc_ctype_c.o
        44         10         28          0          0         76   lc_numeric_c.o
         2          0          0          0          0          0   libinit.o
        34          0          0          0          0          0   libinit2.o
         2          0          0          0          0          0   libshutdown.o
         2          0          0          0          0          0   libshutdown2.o
         8          4          0          0         96         68   libspace.o
       138          0          0          0          0         80   lludiv10.o
        16          4          0          0          0         76   rt_ctype_table.o
         8          4          0          0          0         68   rt_errno_addr_intlibspace.o
         8          4          0          0          0         68   rt_locale_intlibspace.o
        68          0          0          0          0         68   rt_memclr.o
        78          0          0          0          0         80   rt_memclr_w.o
       138          0          0          0          0         68   rt_memcpy_v6.o
       100          0          0          0          0         80   rt_memcpy_w.o
         2          0          0          0          0          0   rtexit.o
        10          0          0          0          0          0   rtexit2.o
       128          0          0          0          0         68   strcmpv7m.o
        62          0          0          0          0         76   strlen.o
        36          0          0          0          0         80   strstr.o
        74          0          0          0          0         80   sys_stackheap_outer.o
         2          0          0          0          0         68   use_no_semi.o
         2          0          0          0          0         68   use_no_semi_2.o
        36          4          0          0          0         76   vsprintf.o
       826         16          0          0          0        492   daddsub_clz.o
        24          0          0          0          0        116   dcmpi.o
        90          4          0          0          0        140   dfixu.o
        84          0          0          0          0        232   dflt_clz.o
       120          4          0          0          0        140   dleqf.o
       340         12          0          0          0        152   dmul.o
       156          4          0          0          0        140   dnaninf.o
        12          0          0          0          0        116   dretinf.o
       108          0          0          0          0        128   drleqf.o
       408         56          0          0          0        168   dsqrt_umaal.o
        86          4          0          0          0        132   f2d.o
       140          4          0          0          0        132   fnaninf.o
        10          0          0          0          0        116   fpinit.o
         4          0          0          0          0        116   printf1.o
         4          0          0          0          0        116   printf2.o
         0          0          0          0          0          0   usenofp.o
        48          0          0          0          0        124   fpclassify.o
       122          0          0          0          0        148   sqrt.o

    ----------------------------------------------------------------------
      9944        378        556          0        100       7520   Library Totals
        18          0          5          0          4          0   (incl. Padding)

    ----------------------------------------------------------------------

      Code (inc. data)   RO Data    RW Data    ZI Data      Debug   Library Name

      7344        274        551          0         96       4812   c_w.l
      2412        104          0          0          0       2436   fz_wm.l
       170          0          0          0          0        272   m_wm.l

    ----------------------------------------------------------------------
      9944        378        556          0        100       7520   Library Totals

    ----------------------------------------------------------------------

==============================================================================


      Code (inc. data)   RO Data    RW Data    ZI Data      Debug   

     75508       3562       8048        376      79768     794277   Grand Totals
     75508       3562       8048        112      79768     794277   ELF Image Totals (compressed)
     75508       3562       8048        112          0          0   ROM Totals

==============================================================================

    Total RO  Size (Code + RO Data)                83556 (  81.60kB)
    Total RW  Size (RW Data + ZI Data)             80144 (  78.27kB)
    Total ROM Size (Code + RO Data + RW Data)      83668 (  81.71kB)

==============================================================================

