Component: ARM Compiler 5.06 update 7 (build 960) Tool: armlink [4d3601]

==============================================================================

Section Cross References

    main.o(.text) refers to as608.o(.text) for press_FR
    main.o(.text) refers to delay.o(.text) for delay_xms
    main.o(.text) refers to lcd.o(.text) for Chinese_Show_two
    main.o(.text) refers to event_groups.o(.text) for xEventGroupSetBits
    main.o(.text) refers to __2printf.o(.text) for __2printf
    main.o(.text) refers to tasks.o(.text) for vTaskSuspend
    main.o(.text) refers to rc522.o(.text) for Identify_CardID
    main.o(.text) refers to sg90.o(.text) for SG90_SetAngle
    main.o(.text) refers to port.o(.text) for vPortEnterCritical
    main.o(.text) refers to main.o(.data) for EventGroupHandler
    main.o(.text) refers to misc.o(.text) for NVIC_PriorityGroupConfig
    main.o(.text) refers to usart_1.o(.text) for uart_init
    main.o(.text) refers to led.o(.text) for LED_Init
    main.o(.text) refers to key.o(.text) for KEY_Init
    main.o(.text) refers to beep.o(.text) for BEEP_Init
    main.o(.text) refers to touch.o(.text) for TP_Adjust
    main.o(.text) refers to touch.o(.data) for tp_dev
    main.o(.text) refers to lcd.o(.data) for POINT_COLOR
    main.o(.data) refers to main.o(.conststring) for .conststring
    system_stm32f4xx.o(.text) refers to system_stm32f4xx.o(.data) for SystemCoreClock
    startup_stm32f40_41xxx.o(STACK) refers (Special) to heapauxi.o(.text) for __use_two_region_memory
    startup_stm32f40_41xxx.o(HEAP) refers (Special) to heapauxi.o(.text) for __use_two_region_memory
    startup_stm32f40_41xxx.o(RESET) refers (Special) to heapauxi.o(.text) for __use_two_region_memory
    startup_stm32f40_41xxx.o(RESET) refers to startup_stm32f40_41xxx.o(STACK) for __initial_sp
    startup_stm32f40_41xxx.o(RESET) refers to startup_stm32f40_41xxx.o(.text) for Reset_Handler
    startup_stm32f40_41xxx.o(RESET) refers to stm32f4xx_it.o(.text) for NMI_Handler
    startup_stm32f40_41xxx.o(RESET) refers to port.o(.emb_text) for SVC_Handler
    startup_stm32f40_41xxx.o(RESET) refers to delay.o(.text) for SysTick_Handler
    startup_stm32f40_41xxx.o(RESET) refers to usart_1.o(.text) for USART1_IRQHandler
    startup_stm32f40_41xxx.o(RESET) refers to usart2.o(.text) for USART2_IRQHandler
    startup_stm32f40_41xxx.o(RESET) refers to usart3.o(.text) for USART3_IRQHandler
    startup_stm32f40_41xxx.o(RESET) refers to timer5.o(.text) for TIM5_IRQHandler
    startup_stm32f40_41xxx.o(RESET) refers to timer.o(.text) for TIM7_IRQHandler
    startup_stm32f40_41xxx.o(.text) refers (Special) to heapauxi.o(.text) for __use_two_region_memory
    startup_stm32f40_41xxx.o(.text) refers to system_stm32f4xx.o(.text) for SystemInit
    startup_stm32f40_41xxx.o(.text) refers to __main.o(!!!main) for __main
    startup_stm32f40_41xxx.o(.text) refers to startup_stm32f40_41xxx.o(HEAP) for Heap_Mem
    startup_stm32f40_41xxx.o(.text) refers to startup_stm32f40_41xxx.o(STACK) for Stack_Mem
    led.o(.text) refers to stm32f4xx_rcc.o(.text) for RCC_AHB1PeriphClockCmd
    led.o(.text) refers to stm32f4xx_gpio.o(.text) for GPIO_Init
    lcd.o(.text) refers to _printf_percent.o(.ARM.Collect$$_printf_percent$$00000000) for _printf_percent
    lcd.o(.text) refers to _printf_x.o(.ARM.Collect$$_printf_percent$$0000000C) for _printf_x
    lcd.o(.text) refers to _printf_hex_int_ll_ptr.o(.text) for _printf_longlong_hex
    lcd.o(.text) refers to _printf_d.o(.ARM.Collect$$_printf_percent$$00000009) for _printf_d
    lcd.o(.text) refers to _printf_dec.o(.text) for _printf_int_dec
    lcd.o(.text) refers to delay.o(.text) for delay_us
    lcd.o(.text) refers to lcd.o(.bss) for lcddev
    lcd.o(.text) refers to lcd.o(.data) for POINT_COLOR
    lcd.o(.text) refers to dflt_clz.o(x$fpl$dfltu) for __aeabi_ui2d
    lcd.o(.text) refers to dmul.o(x$fpl$dmul) for __aeabi_dmul
    lcd.o(.text) refers to dfixu.o(x$fpl$dfixu) for __aeabi_d2uiz
    lcd.o(.text) refers to stm32f4xx_rcc.o(.text) for RCC_AHB1PeriphClockCmd
    lcd.o(.text) refers to stm32f4xx_gpio.o(.text) for GPIO_Init
    lcd.o(.text) refers to stm32f4xx_fsmc.o(.text) for FSMC_NORSRAMInit
    lcd.o(.text) refers to __2printf.o(.text) for __2printf
    lcd.o(.text) refers to lcd.o(.constdata) for asc2_1206
    lcd.o(.text) refers to strlen.o(.text) for strlen
    lcd.o(.text) refers to touch.o(.data) for tp_dev
    key.o(.text) refers to stm32f4xx_rcc.o(.text) for RCC_AHB1PeriphClockCmd
    key.o(.text) refers to stm32f4xx_gpio.o(.text) for GPIO_Init
    key.o(.text) refers to delay.o(.text) for delay_ms
    key.o(.text) refers to key.o(.data) for key_up
    myiic.o(.text) refers to stm32f4xx_rcc.o(.text) for RCC_AHB1PeriphClockCmd
    myiic.o(.text) refers to stm32f4xx_gpio.o(.text) for GPIO_Init
    myiic.o(.text) refers to delay.o(.text) for delay_us
    24cxx.o(.text) refers to myiic.o(.text) for IIC_Init
    24cxx.o(.text) refers to delay.o(.text) for delay_ms
[...]
    PcdRequest                               0x08008b2d   Thumb Code    88  rc522.o(.text)
    PcdAnticoll                              0x08008b85   Thumb Code   112  rc522.o(.text)
    CalulateCRC                              0x08008bf5   Thumb Code   108  rc522.o(.text)
    PcdSelect                                0x08008c61   Thumb Code   112  rc522.o(.text)
    PcdAuthState                             0x08008cd1   Thumb Code   110  rc522.o(.text)
    PcdWrite                                 0x08008d3f   Thumb Code   156  rc522.o(.text)
    PcdRead                                  0x08008ddb   Thumb Code    84  rc522.o(.text)
    PcdHalt                                  0x08008e2f   Thumb Code    50  rc522.o(.text)
    IC_CMT                                   0x08008e61   Thumb Code    72  rc522.o(.text)
    ShowID                                   0x08008ea9   Thumb Code   170  rc522.o(.text)
    Identify_CardID                          0x08008f53   Thumb Code   138  rc522.o(.text)
    USART2_IRQHandler                        0x08009009   Thumb Code    96  usart2.o(.text)
    usart2_init                              0x08009069   Thumb Code   196  usart2.o(.text)
    u2_printf                                0x0800912d   Thumb Code    72  usart2.o(.text)
    TIM7_IRQHandler                          0x0800918d   Thumb Code    42  timer.o(.text)
    TIM7_Int_Init                            0x080091b7   Thumb Code    80  timer.o(.text)
    EnsureMessage                            0x08009211   Thumb Code   140  as608.o(.text)
    PS_ReadSysPara                           0x080093a9   Thumb Code   168  as608.o(.text)
    PS_ValidTempleteNum                      0x08009451   Thumb Code   704  as608.o(.text)
    PS_HandShake                             0x08009711   Thumb Code   118  as608.o(.text)
    AS608_Init                               0x08009787   Thumb Code    76  as608.o(.text)
    PS_HighSpeedSearch                       0x080097d3   Thumb Code   144  as608.o(.text)
    PS_GenChar                               0x08009863   Thumb Code    70  as608.o(.text)
    PS_GetImage                              0x080098a9   Thumb Code    58  as608.o(.text)
    press_FR                                 0x080098e3   Thumb Code    82  as608.o(.text)
    PS_StaGPIO_Init                          0x08009935   Thumb Code    42  as608.o(.text)
    PS_Match                                 0x0800995f   Thumb Code    58  as608.o(.text)
    PS_Search                                0x08009999   Thumb Code   144  as608.o(.text)
    PS_RegModel                              0x08009a29   Thumb Code    58  as608.o(.text)
    PS_StoreChar                             0x08009a63   Thumb Code    96  as608.o(.text)
    PS_DeletChar                             0x08009ac3   Thumb Code   266  as608.o(.text)
    PS_Empty                                 0x08009bcd   Thumb Code    58  as608.o(.text)
    PS_WriteReg                              0x08009c07   Thumb Code   110  as608.o(.text)
    PS_SetAddr                               0x08009c75   Thumb Code   148  as608.o(.text)
    PS_WriteNotepad                          0x08009d09   Thumb Code   106  as608.o(.text)
    PS_ReadNotepad                           0x08009d73   Thumb Code    96  as608.o(.text)
    USART3_IRQHandler                        0x08009e01   Thumb Code   112  usart3.o(.text)
    usart3_init                              0x08009e71   Thumb Code   198  usart3.o(.text)
    u3_printf                                0x08009f37   Thumb Code    72  usart3.o(.text)
    TIM5_IRQHandler                          0x08009f9d   Thumb Code    42  timer5.o(.text)
    TIM5_Int_Init                            0x08009fc7   Thumb Code    80  timer5.o(.text)
    xEventGroupCreate                        0x0800a021   Thumb Code    26  event_groups.o(.text)
    xEventGroupSetBits                       0x0800a03b   Thumb Code   206  event_groups.o(.text)
    xEventGroupSync                          0x0800a109   Thumb Code   268  event_groups.o(.text)
    xEventGroupWaitBits                      0x0800a233   Thumb Code   338  event_groups.o(.text)
    xEventGroupClearBits                     0x0800a385   Thumb Code    92  event_groups.o(.text)
    xEventGroupGetBitsFromISR                0x0800a3e1   Thumb Code    44  event_groups.o(.text)
    vEventGroupDelete                        0x0800a40d   Thumb Code   106  event_groups.o(.text)
    vEventGroupSetBitsCallback               0x0800a477   Thumb Code    16  event_groups.o(.text)
    vEventGroupClearBitsCallback             0x0800a487   Thumb Code    16  event_groups.o(.text)
    uxEventGroupGetNumber                    0x0800a497   Thumb Code    14  event_groups.o(.text)
    vEventGroupSetNumber                     0x0800a4a5   Thumb Code     4  event_groups.o(.text)
    vListInitialise                          0x0800a4ad   Thumb Code    26  list.o(.text)
    vListInitialiseItem                      0x0800a4c7   Thumb Code     6  list.o(.text)
    vListInsertEnd                           0x0800a4cd   Thumb Code    24  list.o(.text)
    vListInsert                              0x0800a4e5   Thumb Code    52  list.o(.text)
    uxListRemove                             0x0800a519   Thumb Code    40  list.o(.text)
    xQueueGenericReset                       0x0800a541   Thumb Code   214  queue.o(.text)
    xQueueGenericCreate                      0x0800a641   Thumb Code   102  queue.o(.text)
    xQueueGenericSend                        0x0800a7c1   Thumb Code   420  queue.o(.text)
    xQueueCreateMutex                        0x0800a983   Thumb Code    38  queue.o(.text)
    xQueueGiveMutexRecursive                 0x0800a9a9   Thumb Code    72  queue.o(.text)
    xQueueSemaphoreTake                      0x0800aa1f   Thumb Code   434  queue.o(.text)
    xQueueTakeMutexRecursive                 0x0800abd1   Thumb Code    78  queue.o(.text)
    xQueueCreateCountingSemaphore            0x0800ac1f   Thumb Code    60  queue.o(.text)
    xQueueGenericSendFromISR                 0x0800ac5b   Thumb Code   288  queue.o(.text)
    xQueueGiveFromISR                        0x0800ad7b   Thumb Code   260  queue.o(.text)
    xQueueReceive                            0x0800aead   Thumb Code   356  queue.o(.text)
    xQueuePeek                               0x0800b011   Thumb Code   362  queue.o(.text)
    xQueueReceiveFromISR                     0x0800b17b   Thumb Code   238  queue.o(.text)
    xQueuePeekFromISR                        0x0800b269   Thumb Code   176  queue.o(.text)
    uxQueueMessagesWaiting                   0x0800b319   Thumb Code    46  queue.o(.text)
    uxQueueSpacesAvailable                   0x0800b347   Thumb Code    48  queue.o(.text)
    uxQueueMessagesWaitingFromISR            0x0800b377   Thumb Code    34  queue.o(.text)
    vQueueUnregisterQueue                    0x0800b399   Thumb Code    68  queue.o(.text)
    vQueueDelete                             0x0800b3dd   Thumb Code    44  queue.o(.text)
    uxQueueGetQueueNumber                    0x0800b409   Thumb Code     6  queue.o(.text)
    vQueueSetQueueNumber                     0x0800b40f   Thumb Code     4  queue.o(.text)
    ucQueueGetQueueType                      0x0800b413   Thumb Code     8  queue.o(.text)
    xQueueIsQueueEmptyFromISR                0x0800b41b   Thumb Code    42  queue.o(.text)
    xQueueIsQueueFullFromISR                 0x0800b445   Thumb Code    46  queue.o(.text)
    vQueueAddToRegistry                      0x0800b473   Thumb Code    90  queue.o(.text)
    pcQueueGetName                           0x0800b4cd   Thumb Code    64  queue.o(.text)
    vQueueWaitForMessageRestricted           0x0800b50d   Thumb Code    74  queue.o(.text)
    xTaskCreate                              0x0800b751   Thumb Code    96  tasks.o(.text)
    vTaskDelete                              0x0800b7eb   Thumb Code   202  tasks.o(.text)
    xTaskIncrementTick                       0x0800b8b5   Thumb Code   476  tasks.o(.text)
    xTaskResumeAll                           0x0800ba91   Thumb Code   338  tasks.o(.text)
    vTaskSuspendAll                          0x0800bc87   Thumb Code    12  tasks.o(.text)
    xTaskDelayUntil                          0x0800bc93   Thumb Code   202  tasks.o(.text)
    vTaskDelay                               0x0800bd5d   Thumb Code    82  tasks.o(.text)
    eTaskGetState                            0x0800bdaf   Thumb Code   200  tasks.o(.text)
    uxTaskPriorityGet                        0x0800be77   Thumb Code    30  tasks.o(.text)
    uxTaskPriorityGetFromISR                 0x0800be95   Thumb Code    62  tasks.o(.text)
    vTaskPrioritySet                         0x0800bed3   Thumb Code   312  tasks.o(.text)
    vTaskSwitchContext                       0x0800c00b   Thumb Code   118  tasks.o(.text)
    vTaskSuspend                             0x0800c081   Thumb Code   224  tasks.o(.text)
    vTaskResume                              0x0800c1b1   Thumb Code   236  tasks.o(.text)
    xTaskResumeFromISR                       0x0800c29d   Thumb Code   218  tasks.o(.text)
    vTaskStartScheduler                      0x0800c3d3   Thumb Code   122  tasks.o(.text)
    vTaskEndScheduler                        0x0800c44d   Thumb Code    32  tasks.o(.text)
    xTaskGetTickCount                        0x0800c46d   Thumb Code     6  tasks.o(.text)
    xTaskGetTickCountFromISR                 0x0800c473   Thumb Code    16  tasks.o(.text)
    uxTaskGetNumberOfTasks                   0x0800c483   Thumb Code     6  tasks.o(.text)
    pcTaskGetName                            0x0800c489   Thumb Code    44  tasks.o(.text)
    vTaskGetInfo                             0x0800c4cb   Thumb Code   126  tasks.o(.text)
    uxTaskGetSystemState                     0x0800c5b3   Thumb Code   238  tasks.o(.text)
    xTaskCatchUpTicks                        0x0800c6a1   Thumb Code    64  tasks.o(.text)
    vTaskPlaceOnEventList                    0x0800c6e1   Thumb Code    52  tasks.o(.text)
    vTaskPlaceOnUnorderedEventList           0x0800c715   Thumb Code   134  tasks.o(.text)
    vTaskPlaceOnEventListRestricted          0x0800c79b   Thumb Code    94  tasks.o(.text)
    xTaskRemoveFromEventList                 0x0800c7f9   Thumb Code   264  tasks.o(.text)
    vTaskRemoveFromUnorderedEventList        0x0800c901   Thumb Code   250  tasks.o(.text)
    vTaskSetTimeOutState                     0x0800c9fb   Thumb Code    50  tasks.o(.text)
    vTaskInternalSetTimeOutState             0x0800ca2d   Thumb Code    14  tasks.o(.text)
    xTaskCheckForTimeOut                     0x0800ca3b   Thumb Code   174  tasks.o(.text)
    vTaskMissedYield                         0x0800cae9   Thumb Code     8  tasks.o(.text)
    uxTaskGetTaskNumber                      0x0800caf1   Thumb Code    14  tasks.o(.text)
    vTaskSetTaskNumber                       0x0800caff   Thumb Code     8  tasks.o(.text)
    xTaskGetCurrentTaskHandle                0x0800cb07   Thumb Code     6  tasks.o(.text)
    xTaskGetSchedulerState                   0x0800cb0d   Thumb Code    24  tasks.o(.text)
    xTaskPriorityInherit                     0x0800cb25   Thumb Code   224  tasks.o(.text)
    xTaskPriorityDisinherit                  0x0800cc05   Thumb Code   226  tasks.o(.text)
    vTaskPriorityDisinheritAfterTimeout      0x0800cce7   Thumb Code   268  tasks.o(.text)
    uxTaskResetEventItemValue                0x0800cdf3   Thumb Code    24  tasks.o(.text)
    pvTaskIncrementMutexHeldCount            0x0800ce0b   Thumb Code    26  tasks.o(.text)
    ulTaskGenericNotifyTake                  0x0800ce25   Thumb Code   192  tasks.o(.text)
    xTaskGenericNotifyWait                   0x0800cee5   Thumb Code   196  tasks.o(.text)
    xTaskGenericNotify                       0x0800cfa9   Thumb Code   442  tasks.o(.text)
    xTaskGenericNotifyFromISR                0x0800d163   Thumb Code   550  tasks.o(.text)
    vTaskGenericNotifyGiveFromISR            0x0800d389   Thumb Code   372  tasks.o(.text)
    xTaskGenericNotifyStateClear             0x0800d4fd   Thumb Code    90  tasks.o(.text)
    ulTaskGenericNotifyValueClear            0x0800d557   Thumb Code    58  tasks.o(.text)
    xTimerCreateTimerTask                    0x0800d8c5   Thumb Code    66  timers.o(.text)
    xTimerCreate                             0x0800d95f   Thumb Code    54  timers.o(.text)
    xTimerGenericCommand                     0x0800d995   Thumb Code   178  timers.o(.text)
    xTimerGetTimerDaemonTaskHandle           0x0800da47   Thumb Code    42  timers.o(.text)
    xTimerGetPeriod                          0x0800da71   Thumb Code    32  timers.o(.text)
    vTimerSetReloadMode                      0x0800da91   Thumb Code    70  timers.o(.text)
    uxTimerGetReloadMode                     0x0800dad7   Thumb Code    58  timers.o(.text)
    xTimerGetExpiryTime                      0x0800db11   Thumb Code    34  timers.o(.text)
    pcTimerGetName                           0x0800db33   Thumb Code    32  timers.o(.text)
    xTimerIsTimerActive                      0x0800db53   Thumb Code    58  timers.o(.text)
    pvTimerGetTimerID                        0x0800db8d   Thumb Code    44  timers.o(.text)
    vTimerSetTimerID                         0x0800dbb9   Thumb Code    44  timers.o(.text)
    uxTimerGetTimerNumber                    0x0800dbe5   Thumb Code     6  timers.o(.text)
    vTimerSetTimerNumber                     0x0800dbeb   Thumb Code     4  timers.o(.text)
    pxPortInitialiseStack                    0x0800dc35   Thumb Code    38  port.o(.text)
    vPortSetupTimerInterrupt                 0x0800dc5b   Thumb Code    36  port.o(.text)
    xPortStartScheduler                      0x0800dc7f   Thumb Code   330  port.o(.text)
    vPortEndScheduler                        0x0800ddc9   Thumb Code    42  port.o(.text)
    vPortEnterCritical                       0x0800ddf3   Thumb Code    78  port.o(.text)
    vPortExitCritical                        0x0800de41   Thumb Code    56  port.o(.text)
    xPortSysTickHandler                      0x0800de79   Thumb Code    48  port.o(.text)
    vPortValidateInterruptPriority           0x0800dea9   Thumb Code   108  port.o(.text)
    pvPortMalloc                             0x0800dffb   Thumb Code   338  heap_4.o(.text)
    vPortFree                                0x0800e14d   Thumb Code   150  heap_4.o(.text)
    xPortGetFreeHeapSize                     0x0800e1e3   Thumb Code     6  heap_4.o(.text)
    xPortGetMinimumEverFreeHeapSize          0x0800e1e9   Thumb Code     6  heap_4.o(.text)
    vPortInitialiseBlocks                    0x0800e1ef   Thumb Code     2  heap_4.o(.text)
    vPortGetHeapStats                        0x0800e1f1   Thumb Code   104  heap_4.o(.text)
    NVIC_PriorityGroupConfig                 0x0800e279   Thumb Code    10  misc.o(.text)
    NVIC_Init                                0x0800e283   Thumb Code   106  misc.o(.text)
    NVIC_SetVectorTable                      0x0800e2ed   Thumb Code    14  misc.o(.text)
    NVIC_SystemLPConfig                      0x0800e2fb   Thumb Code    34  misc.o(.text)
    SysTick_CLKSourceConfig                  0x0800e31d   Thumb Code    40  misc.o(.text)
    FSMC_NORSRAMDeInit                       0x0800e359   Thumb Code    54  stm32f4xx_fsmc.o(.text)
    FSMC_NORSRAMInit                         0x0800e38f   Thumb Code   230  stm32f4xx_fsmc.o(.text)
    FSMC_NORSRAMStructInit                   0x0800e475   Thumb Code    48  stm32f4xx_fsmc.o(.text)
    FSMC_NORSRAMCmd                          0x0800e4a5   Thumb Code    46  stm32f4xx_fsmc.o(.text)
    FSMC_NANDDeInit                          0x0800e4d3   Thumb Code    62  stm32f4xx_fsmc.o(.text)
    FSMC_NANDInit                            0x0800e511   Thumb Code   132  stm32f4xx_fsmc.o(.text)
    FSMC_NANDStructInit                      0x0800e595   Thumb Code    54  stm32f4xx_fsmc.o(.text)
    FSMC_NANDCmd                             0x0800e5cb   Thumb Code    86  stm32f4xx_fsmc.o(.text)
    FSMC_NANDECCCmd                          0x0800e621   Thumb Code    86  stm32f4xx_fsmc.o(.text)
    FSMC_GetECC                              0x0800e677   Thumb Code    24  stm32f4xx_fsmc.o(.text)
    FSMC_PCCARDDeInit                        0x0800e68f   Thumb Code    36  stm32f4xx_fsmc.o(.text)
    FSMC_PCCARDInit                          0x0800e6b3   Thumb Code   130  stm32f4xx_fsmc.o(.text)
    FSMC_PCCARDStructInit                    0x0800e735   Thumb Code    60  stm32f4xx_fsmc.o(.text)
    FSMC_PCCARDCmd                           0x0800e771   Thumb Code    44  stm32f4xx_fsmc.o(.text)
    FSMC_ITConfig                            0x0800e79d   Thumb Code   128  stm32f4xx_fsmc.o(.text)
    FSMC_GetFlagStatus                       0x0800e81d   Thumb Code    54  stm32f4xx_fsmc.o(.text)
    FSMC_ClearFlag                           0x0800e853   Thumb Code    74  stm32f4xx_fsmc.o(.text)
    FSMC_GetITStatus                         0x0800e89d   Thumb Code    62  stm32f4xx_fsmc.o(.text)
    FSMC_ClearITPendingBit                   0x0800e8db   Thumb Code    66  stm32f4xx_fsmc.o(.text)
    GPIO_DeInit                              0x0800e921   Thumb Code   268  stm32f4xx_gpio.o(.text)
    GPIO_Init                                0x0800ea2d   Thumb Code   144  stm32f4xx_gpio.o(.text)
    GPIO_StructInit                          0x0800eabd   Thumb Code    18  stm32f4xx_gpio.o(.text)
    GPIO_PinLockConfig                       0x0800eacf   Thumb Code    34  stm32f4xx_gpio.o(.text)
    GPIO_ReadInputDataBit                    0x0800eaf1   Thumb Code    18  stm32f4xx_gpio.o(.text)
    GPIO_ReadInputData                       0x0800eb03   Thumb Code     8  stm32f4xx_gpio.o(.text)
    GPIO_ReadOutputDataBit                   0x0800eb0b   Thumb Code    18  stm32f4xx_gpio.o(.text)
    GPIO_ReadOutputData                      0x0800eb1d   Thumb Code     8  stm32f4xx_gpio.o(.text)
    GPIO_SetBits                             0x0800eb25   Thumb Code     4  stm32f4xx_gpio.o(.text)
    GPIO_ResetBits                           0x0800eb29   Thumb Code     4  stm32f4xx_gpio.o(.text)
    GPIO_WriteBit                            0x0800eb2d   Thumb Code    10  stm32f4xx_gpio.o(.text)
    GPIO_Write                               0x0800eb37   Thumb Code     4  stm32f4xx_gpio.o(.text)
    GPIO_ToggleBits                          0x0800eb3b   Thumb Code     8  stm32f4xx_gpio.o(.text)
    GPIO_PinAFConfig                         0x0800eb43   Thumb Code    70  stm32f4xx_gpio.o(.text)
    RCC_DeInit                               0x0800ebb5   Thumb Code    82  stm32f4xx_rcc.o(.text)
    RCC_HSEConfig                            0x0800ec07   Thumb Code    14  stm32f4xx_rcc.o(.text)
    RCC_GetFlagStatus                        0x0800ec15   Thumb Code    60  stm32f4xx_rcc.o(.text)
    RCC_WaitForHSEStartUp                    0x0800ec51   Thumb Code    56  stm32f4xx_rcc.o(.text)
    RCC_AdjustHSICalibrationValue            0x0800ec89   Thumb Code    20  stm32f4xx_rcc.o(.text)
    RCC_HSICmd                               0x0800ec9d   Thumb Code     6  stm32f4xx_rcc.o(.text)
    RCC_LSEConfig                            0x0800eca3   Thumb Code    46  stm32f4xx_rcc.o(.text)
    RCC_LSICmd                               0x0800ecd1   Thumb Code     6  stm32f4xx_rcc.o(.text)
    RCC_PLLConfig                            0x0800ecd7   Thumb Code    32  stm32f4xx_rcc.o(.text)
    RCC_PLLCmd                               0x0800ecf7   Thumb Code     6  stm32f4xx_rcc.o(.text)
    RCC_PLLI2SConfig                         0x0800ecfd   Thumb Code    14  stm32f4xx_rcc.o(.text)
    RCC_PLLI2SCmd                            0x0800ed0b   Thumb Code     6  stm32f4xx_rcc.o(.text)
    RCC_PLLSAIConfig                         0x0800ed11   Thumb Code    20  stm32f4xx_rcc.o(.text)
    RCC_PLLSAICmd                            0x0800ed25   Thumb Code     6  stm32f4xx_rcc.o(.text)
    RCC_ClockSecuritySystemCmd               0x0800ed2b   Thumb Code     6  stm32f4xx_rcc.o(.text)
    RCC_MCO1Config                           0x0800ed31   Thumb Code    28  stm32f4xx_rcc.o(.text)
    RCC_MCO2Config                           0x0800ed4d   Thumb Code    28  stm32f4xx_rcc.o(.text)
    RCC_SYSCLKConfig                         0x0800ed69   Thumb Code    20  stm32f4xx_rcc.o(.text)
    RCC_GetSYSCLKSource                      0x0800ed7d   Thumb Code    12  stm32f4xx_rcc.o(.text)
    RCC_HCLKConfig                           0x0800ed89   Thumb Code    20  stm32f4xx_rcc.o(.text)
    RCC_PCLK1Config                          0x0800ed9d   Thumb Code    20  stm32f4xx_rcc.o(.text)
    RCC_PCLK2Config                          0x0800edb1   Thumb Code    22  stm32f4xx_rcc.o(.text)
    RCC_GetClocksFreq                        0x0800edc7   Thumb Code   222  stm32f4xx_rcc.o(.text)
    RCC_RTCCLKConfig                         0x0800eea5   Thumb Code    54  stm32f4xx_rcc.o(.text)
    RCC_RTCCLKCmd                            0x0800eedb   Thumb Code     8  stm32f4xx_rcc.o(.text)
    RCC_BackupResetCmd                       0x0800eee3   Thumb Code     8  stm32f4xx_rcc.o(.text)
    RCC_I2SCLKConfig                         0x0800eeeb   Thumb Code     6  stm32f4xx_rcc.o(.text)
    RCC_SAIPLLI2SClkDivConfig                0x0800eef1   Thumb Code    26  stm32f4xx_rcc.o(.text)
    RCC_SAIPLLSAIClkDivConfig                0x0800ef0b   Thumb Code    28  stm32f4xx_rcc.o(.text)
    RCC_SAIBlockACLKConfig                   0x0800ef27   Thumb Code    20  stm32f4xx_rcc.o(.text)
    RCC_SAIBlockBCLKConfig                   0x0800ef3b   Thumb Code    20  stm32f4xx_rcc.o(.text)
    RCC_LTDCCLKDivConfig                     0x0800ef4f   Thumb Code    20  stm32f4xx_rcc.o(.text)
    RCC_TIMCLKPresConfig                     0x0800ef63   Thumb Code     6  stm32f4xx_rcc.o(.text)
    RCC_AHB1PeriphClockCmd                   0x0800ef69   Thumb Code    34  stm32f4xx_rcc.o(.text)
    RCC_AHB2PeriphClockCmd                   0x0800ef8b   Thumb Code    78  stm32f4xx_rcc.o(.text)
    RCC_AHB3PeriphClockCmd                   0x0800efd9   Thumb Code    34  stm32f4xx_rcc.o(.text)
    RCC_APB1PeriphClockCmd                   0x0800effb   Thumb Code    34  stm32f4xx_rcc.o(.text)
    RCC_APB2PeriphClockCmd                   0x0800f01d   Thumb Code    34  stm32f4xx_rcc.o(.text)
    RCC_AHB1PeriphResetCmd                   0x0800f03f   Thumb Code    34  stm32f4xx_rcc.o(.text)
    RCC_AHB2PeriphResetCmd                   0x0800f061   Thumb Code    34  stm32f4xx_rcc.o(.text)
    RCC_AHB3PeriphResetCmd                   0x0800f083   Thumb Code    34  stm32f4xx_rcc.o(.text)
    RCC_APB1PeriphResetCmd                   0x0800f0a5   Thumb Code    34  stm32f4xx_rcc.o(.text)
    RCC_APB2PeriphResetCmd                   0x0800f0c7   Thumb Code    34  stm32f4xx_rcc.o(.text)
    RCC_AHB1PeriphClockLPModeCmd             0x0800f0e9   Thumb Code    34  stm32f4xx_rcc.o(.text)
    RCC_AHB2PeriphClockLPModeCmd             0x0800f10b   Thumb Code    34  stm32f4xx_rcc.o(.text)
    RCC_AHB3PeriphClockLPModeCmd             0x0800f12d   Thumb Code    34  stm32f4xx_rcc.o(.text)
    RCC_APB1PeriphClockLPModeCmd             0x0800f14f   Thumb Code    34  stm32f4xx_rcc.o(.text)
    RCC_APB2PeriphClockLPModeCmd             0x0800f171   Thumb Code    34  stm32f4xx_rcc.o(.text)
    RCC_LSEModeConfig                        0x0800f193   Thumb Code    40  stm32f4xx_rcc.o(.text)
    RCC_ITConfig                             0x0800f1bb   Thumb Code    34  stm32f4xx_rcc.o(.text)
    RCC_ClearFlag                            0x0800f1dd   Thumb Code    18  stm32f4xx_rcc.o(.text)
    RCC_GetITStatus                          0x0800f1ef   Thumb Code    22  stm32f4xx_rcc.o(.text)
    RCC_ClearITPendingBit                    0x0800f205   Thumb Code     8  stm32f4xx_rcc.o(.text)
    TIM_DeInit                               0x0800f211   Thumb Code   346  stm32f4xx_tim.o(.text)
    TIM_TimeBaseInit                         0x0800f36b   Thumb Code   104  stm32f4xx_tim.o(.text)
    TIM_TimeBaseStructInit                   0x0800f3d3   Thumb Code    18  stm32f4xx_tim.o(.text)
    TIM_PrescalerConfig                      0x0800f3e5   Thumb Code     6  stm32f4xx_tim.o(.text)
    TIM_CounterModeConfig                    0x0800f3eb   Thumb Code    18  stm32f4xx_tim.o(.text)
    TIM_SetCounter                           0x0800f3fd   Thumb Code     4  stm32f4xx_tim.o(.text)
    TIM_SetAutoreload                        0x0800f401   Thumb Code     4  stm32f4xx_tim.o(.text)
    TIM_GetCounter                           0x0800f405   Thumb Code     6  stm32f4xx_tim.o(.text)
    TIM_GetPrescaler                         0x0800f40b   Thumb Code     6  stm32f4xx_tim.o(.text)
    TIM_UpdateDisableConfig                  0x0800f411   Thumb Code    24  stm32f4xx_tim.o(.text)
    TIM_UpdateRequestConfig                  0x0800f429   Thumb Code    24  stm32f4xx_tim.o(.text)
    TIM_ARRPreloadConfig                     0x0800f441   Thumb Code    24  stm32f4xx_tim.o(.text)
    TIM_SelectOnePulseMode                   0x0800f459   Thumb Code    18  stm32f4xx_tim.o(.text)
    TIM_SetClockDivision                     0x0800f46b   Thumb Code    18  stm32f4xx_tim.o(.text)
    TIM_Cmd                                  0x0800f47d   Thumb Code    24  stm32f4xx_tim.o(.text)
    TIM_OC1Init                              0x0800f495   Thumb Code   114  stm32f4xx_tim.o(.text)
    TIM_OC2Init                              0x0800f507   Thumb Code   154  stm32f4xx_tim.o(.text)
    TIM_OC3Init                              0x0800f5a1   Thumb Code   204  stm32f4xx_tim.o(.text)
    TIM_OC4Init                              0x0800f66d   Thumb Code   112  stm32f4xx_tim.o(.text)
    TIM_OCStructInit                         0x0800f6dd   Thumb Code    20  stm32f4xx_tim.o(.text)
    TIM_SelectOCxM                           0x0800f6f1   Thumb Code    86  stm32f4xx_tim.o(.text)
    TIM_SetCompare1                          0x0800f747   Thumb Code     4  stm32f4xx_tim.o(.text)
    TIM_SetCompare2                          0x0800f74b   Thumb Code     4  stm32f4xx_tim.o(.text)
    TIM_SetCompare3                          0x0800f74f   Thumb Code     4  stm32f4xx_tim.o(.text)
    TIM_SetCompare4                          0x0800f753   Thumb Code     4  stm32f4xx_tim.o(.text)
    TIM_ForcedOC1Config                      0x0800f757   Thumb Code    18  stm32f4xx_tim.o(.text)
    TIM_ForcedOC2Config                      0x0800f769   Thumb Code    26  stm32f4xx_tim.o(.text)
    TIM_ForcedOC3Config                      0x0800f783   Thumb Code    18  stm32f4xx_tim.o(.text)
    TIM_ForcedOC4Config                      0x0800f795   Thumb Code    26  stm32f4xx_tim.o(.text)
    TIM_OC1PreloadConfig                     0x0800f7af   Thumb Code    18  stm32f4xx_tim.o(.text)
    TIM_OC2PreloadConfig                     0x0800f7c1   Thumb Code    26  stm32f4xx_tim.o(.text)
    TIM_OC3PreloadConfig                     0x0800f7db   Thumb Code    18  stm32f4xx_tim.o(.text)
    TIM_OC4PreloadConfig                     0x0800f7ed   Thumb Code    26  stm32f4xx_tim.o(.text)
    TIM_OC1FastConfig                        0x0800f807   Thumb Code    18  stm32f4xx_tim.o(.text)
    TIM_OC2FastConfig                        0x0800f819   Thumb Code    26  stm32f4xx_tim.o(.text)
    TIM_OC3FastConfig                        0x0800f833   Thumb Code    18  stm32f4xx_tim.o(.text)
    TIM_OC4FastConfig                        0x0800f845   Thumb Code    26  stm32f4xx_tim.o(.text)
    TIM_ClearOC1Ref                          0x0800f85f   Thumb Code    18  stm32f4xx_tim.o(.text)
    TIM_ClearOC2Ref                          0x0800f871   Thumb Code    24  stm32f4xx_tim.o(.text)
    TIM_ClearOC3Ref                          0x0800f889   Thumb Code    18  stm32f4xx_tim.o(.text)
    TIM_ClearOC4Ref                          0x0800f89b   Thumb Code    24  stm32f4xx_tim.o(.text)
    TIM_OC1PolarityConfig                    0x0800f8b3   Thumb Code    18  stm32f4xx_tim.o(.text)
    TIM_OC1NPolarityConfig                   0x0800f8c5   Thumb Code    18  stm32f4xx_tim.o(.text)
    TIM_OC2PolarityConfig                    0x0800f8d7   Thumb Code    26  stm32f4xx_tim.o(.text)
    TIM_OC2NPolarityConfig                   0x0800f8f1   Thumb Code    26  stm32f4xx_tim.o(.text)
    TIM_OC3PolarityConfig                    0x0800f90b   Thumb Code    26  stm32f4xx_tim.o(.text)
    TIM_OC3NPolarityConfig                   0x0800f925   Thumb Code    26  stm32f4xx_tim.o(.text)
    TIM_OC4PolarityConfig                    0x0800f93f   Thumb Code    26  stm32f4xx_tim.o(.text)
    TIM_CCxCmd                               0x0800f959   Thumb Code    30  stm32f4xx_tim.o(.text)
    TIM_CCxNCmd                              0x0800f977   Thumb Code    30  stm32f4xx_tim.o(.text)
    TIM_SetIC4Prescaler                      0x0800f995   Thumb Code    26  stm32f4xx_tim.o(.text)
    TIM_SetIC3Prescaler                      0x0800f9ff   Thumb Code    18  stm32f4xx_tim.o(.text)
    TIM_SetIC2Prescaler                      0x0800fa59   Thumb Code    26  stm32f4xx_tim.o(.text)
    TIM_SetIC1Prescaler                      0x0800facd   Thumb Code    18  stm32f4xx_tim.o(.text)
    TIM_ICInit                               0x0800fb19   Thumb Code   110  stm32f4xx_tim.o(.text)
    TIM_ICStructInit                         0x0800fb87   Thumb Code    18  stm32f4xx_tim.o(.text)
    TIM_PWMIConfig                           0x0800fb99   Thumb Code   124  stm32f4xx_tim.o(.text)
    TIM_GetCapture1                          0x0800fc15   Thumb Code     6  stm32f4xx_tim.o(.text)
    TIM_GetCapture2                          0x0800fc1b   Thumb Code     6  stm32f4xx_tim.o(.text)
    TIM_GetCapture3                          0x0800fc21   Thumb Code     6  stm32f4xx_tim.o(.text)
    TIM_GetCapture4                          0x0800fc27   Thumb Code     6  stm32f4xx_tim.o(.text)
    TIM_BDTRConfig                           0x0800fc2d   Thumb Code    32  stm32f4xx_tim.o(.text)
    TIM_BDTRStructInit                       0x0800fc4d   Thumb Code    18  stm32f4xx_tim.o(.text)
    TIM_CtrlPWMOutputs                       0x0800fc5f   Thumb Code    30  stm32f4xx_tim.o(.text)
    TIM_SelectCOM                            0x0800fc7d   Thumb Code    24  stm32f4xx_tim.o(.text)
    TIM_CCPreloadControl                     0x0800fc95   Thumb Code    24  stm32f4xx_tim.o(.text)
    TIM_ITConfig                             0x0800fcad   Thumb Code    18  stm32f4xx_tim.o(.text)
    TIM_GenerateEvent                        0x0800fcbf   Thumb Code     4  stm32f4xx_tim.o(.text)
    TIM_GetFlagStatus                        0x0800fcc3   Thumb Code    18  stm32f4xx_tim.o(.text)
    TIM_ClearFlag                            0x0800fcd5   Thumb Code     6  stm32f4xx_tim.o(.text)
    TIM_GetITStatus                          0x0800fcdb   Thumb Code    34  stm32f4xx_tim.o(.text)
    TIM_ClearITPendingBit                    0x0800fcfd   Thumb Code     6  stm32f4xx_tim.o(.text)
    TIM_DMAConfig                            0x0800fd03   Thumb Code    10  stm32f4xx_tim.o(.text)
    TIM_DMACmd                               0x0800fd0d   Thumb Code    18  stm32f4xx_tim.o(.text)
    TIM_SelectCCDMA                          0x0800fd1f   Thumb Code    24  stm32f4xx_tim.o(.text)
    TIM_InternalClockConfig                  0x0800fd37   Thumb Code    12  stm32f4xx_tim.o(.text)
    TIM_SelectInputTrigger                   0x0800fd43   Thumb Code    18  stm32f4xx_tim.o(.text)
    TIM_ITRxExternalClockConfig              0x0800fd55   Thumb Code    24  stm32f4xx_tim.o(.text)
    TIM_TIxExternalClockConfig               0x0800fd6d   Thumb Code    62  stm32f4xx_tim.o(.text)
    TIM_ETRConfig                            0x0800fdab   Thumb Code    28  stm32f4xx_tim.o(.text)
    TIM_ETRClockMode1Config                  0x0800fdc7   Thumb Code    54  stm32f4xx_tim.o(.text)
    TIM_ETRClockMode2Config                  0x0800fdfd   Thumb Code    32  stm32f4xx_tim.o(.text)
    TIM_SelectOutputTrigger                  0x0800fe1d   Thumb Code    18  stm32f4xx_tim.o(.text)
    TIM_SelectSlaveMode                      0x0800fe2f   Thumb Code    18  stm32f4xx_tim.o(.text)
    TIM_SelectMasterSlaveMode                0x0800fe41   Thumb Code    18  stm32f4xx_tim.o(.text)
    TIM_EncoderInterfaceConfig               0x0800fe53   Thumb Code    66  stm32f4xx_tim.o(.text)
    TIM_SelectHallSensor                     0x0800fe95   Thumb Code    24  stm32f4xx_tim.o(.text)
    TIM_RemapConfig                          0x0800fead   Thumb Code     6  stm32f4xx_tim.o(.text)
    USART_DeInit                             0x0800feb5   Thumb Code   206  stm32f4xx_usart.o(.text)
    USART_Init                               0x0800ff83   Thumb Code   204  stm32f4xx_usart.o(.text)
    USART_StructInit                         0x0801004f   Thumb Code    24  stm32f4xx_usart.o(.text)
    USART_ClockInit                          0x08010067   Thumb Code    32  stm32f4xx_usart.o(.text)
    USART_ClockStructInit                    0x08010087   Thumb Code    12  stm32f4xx_usart.o(.text)
    USART_Cmd                                0x08010093   Thumb Code    24  stm32f4xx_usart.o(.text)
    USART_SetPrescaler                       0x080100ab   Thumb Code    16  stm32f4xx_usart.o(.text)
    USART_OverSampling8Cmd                   0x080100bb   Thumb Code    22  stm32f4xx_usart.o(.text)
    USART_OneBitMethodCmd                    0x080100d1   Thumb Code    24  stm32f4xx_usart.o(.text)
    USART_SendData                           0x080100e9   Thumb Code     8  stm32f4xx_usart.o(.text)
    USART_ReceiveData                        0x080100f1   Thumb Code    10  stm32f4xx_usart.o(.text)
    USART_SetAddress                         0x080100fb   Thumb Code    18  stm32f4xx_usart.o(.text)
    USART_ReceiverWakeUpCmd                  0x0801010d   Thumb Code    24  stm32f4xx_usart.o(.text)
    USART_WakeUpConfig                       0x08010125   Thumb Code    18  stm32f4xx_usart.o(.text)
    USART_LINBreakDetectLengthConfig         0x08010137   Thumb Code    18  stm32f4xx_usart.o(.text)
    USART_LINCmd                             0x08010149   Thumb Code    24  stm32f4xx_usart.o(.text)
    USART_SendBreak                          0x08010161   Thumb Code    10  stm32f4xx_usart.o(.text)
    USART_HalfDuplexCmd                      0x0801016b   Thumb Code    24  stm32f4xx_usart.o(.text)
    USART_SetGuardTime                       0x08010183   Thumb Code    16  stm32f4xx_usart.o(.text)
    USART_SmartCardCmd                       0x08010193   Thumb Code    24  stm32f4xx_usart.o(.text)
    USART_SmartCardNACKCmd                   0x080101ab   Thumb Code    24  stm32f4xx_usart.o(.text)
    USART_IrDAConfig                         0x080101c3   Thumb Code    18  stm32f4xx_usart.o(.text)
    USART_IrDACmd                            0x080101d5   Thumb Code    24  stm32f4xx_usart.o(.text)
    USART_DMACmd                             0x080101ed   Thumb Code    18  stm32f4xx_usart.o(.text)
    USART_ITConfig                           0x080101ff   Thumb Code    74  stm32f4xx_usart.o(.text)
    USART_GetFlagStatus                      0x08010249   Thumb Code    26  stm32f4xx_usart.o(.text)
    USART_ClearFlag                          0x08010263   Thumb Code    18  stm32f4xx_usart.o(.text)
    USART_GetITStatus                        0x08010275   Thumb Code   118  stm32f4xx_usart.o(.text)
    USART_ClearITPendingBit                  0x080102eb   Thumb Code    30  stm32f4xx_usart.o(.text)
    SysTick_Handler                          0x08010309   Thumb Code    16  delay.o(.text)
    delay_init                               0x08010319   Thumb Code    58  delay.o(.text)
    delay_us                                 0x08010353   Thumb Code    68  delay.o(.text)
    delay_ms                                 0x08010397   Thumb Code    60  delay.o(.text)
    delay_xms                                0x080103d3   Thumb Code    24  delay.o(.text)
    _sys_exit                                0x080103f5   Thumb Code     4  usart_1.o(.text)
    fputc                                    0x080103f9   Thumb Code    22  usart_1.o(.text)
    uart_init                                0x0801040f   Thumb Code   164  usart_1.o(.text)
    USART1_IRQHandler                        0x080104b3   Thumb Code   122  usart_1.o(.text)
    __use_no_semihosting                     0x0801053d   Thumb Code     2  use_no_semi_2.o(.text)
    vsprintf                                 0x08010541   Thumb Code    32  vsprintf.o(.text)
    __2printf                                0x08010565   Thumb Code    20  __2printf.o(.text)
    _printf_str                              0x0801057d   Thumb Code    82  _printf_str.o(.text)
    _printf_int_dec                          0x080105d1   Thumb Code   104  _printf_dec.o(.text)
    _printf_longlong_hex                     0x08010649   Thumb Code    86  _printf_hex_int_ll_ptr.o(.text)
    _printf_int_hex                          0x0801069f   Thumb Code    28  _printf_hex_int_ll_ptr.o(.text)
    _printf_ll_hex                           0x080106bb   Thumb Code    12  _printf_hex_int_ll_ptr.o(.text)
    _printf_hex_ptr                          0x080106c7   Thumb Code    18  _printf_hex_int_ll_ptr.o(.text)
    __printf                                 0x080106dd   Thumb Code   388  __printf_flags_ss_wp.o(.text)
    strstr                                   0x08010865   Thumb Code    36  strstr.o(.text)
    strlen                                   0x08010889   Thumb Code    62  strlen.o(.text)
    __aeabi_memcpy                           0x080108c7   Thumb Code     0  rt_memcpy_v6.o(.text)
    __rt_memcpy                              0x080108c7   Thumb Code   138  rt_memcpy_v6.o(.text)
    _memcpy_lastbytes                        0x0801092d   Thumb Code     0  rt_memcpy_v6.o(.text)
    __aeabi_memset                           0x08010951   Thumb Code    16  aeabi_memset.o(.text)
    __aeabi_memclr4                          0x08010961   Thumb Code     0  rt_memclr_w.o(.text)
    __aeabi_memclr8                          0x08010961   Thumb Code     0  rt_memclr_w.o(.text)
    __rt_memclr_w                            0x08010961   Thumb Code    78  rt_memclr_w.o(.text)
    _memset_w                                0x08010965   Thumb Code     0  rt_memclr_w.o(.text)
    strcmp                                   0x080109b1   Thumb Code   128  strcmpv7m.o(.text)
    __use_two_region_memory                  0x08010a31   Thumb Code     2  heapauxi.o(.text)
    __rt_heap_escrow$2region                 0x08010a33   Thumb Code     2  heapauxi.o(.text)
    __rt_heap_expand$2region                 0x08010a35   Thumb Code     2  heapauxi.o(.text)
    __I$use$semihosting                      0x08010a37   Thumb Code     0  use_no_semi.o(.text)
    __use_no_semihosting_swi                 0x08010a37   Thumb Code     2  use_no_semi.o(.text)
    __read_errno                             0x08010a39   Thumb Code    10  _rserrno.o(.text)
    __set_errno                              0x08010a43   Thumb Code    12  _rserrno.o(.text)
    _printf_pre_padding                      0x08010a4f   Thumb Code    44  _printf_pad.o(.text)
    _printf_post_padding                     0x08010a7b   Thumb Code    34  _printf_pad.o(.text)
    _printf_truncate_signed                  0x08010a9d   Thumb Code    18  _printf_truncate.o(.text)
    _printf_truncate_unsigned                0x08010aaf   Thumb Code    18  _printf_truncate.o(.text)
    _printf_int_common                       0x08010ac1   Thumb Code   178  _printf_intcommon.o(.text)
    _printf_charcount                        0x08010b73   Thumb Code    40  _printf_charcount.o(.text)
    _printf_char_common                      0x08010ba7   Thumb Code    32  _printf_char_common.o(.text)
    _sputc                                   0x08010bcd   Thumb Code    10  _sputc.o(.text)
    _printf_cs_common                        0x08010bd7   Thumb Code    20  _printf_char.o(.text)
    _printf_char                             0x08010beb   Thumb Code    16  _printf_char.o(.text)
    _printf_string                           0x08010bfb   Thumb Code     8  _printf_char.o(.text)
    _printf_char_file                        0x08010c05   Thumb Code    32  _printf_char_file.o(.text)
    _printf_wctomb                           0x08010c29   Thumb Code   182  _printf_wctomb.o(.text)
    _printf_longlong_dec                     0x08010ce5   Thumb Code   108  _printf_longlong_dec.o(.text)
    _printf_longlong_oct                     0x08010d61   Thumb Code    66  _printf_oct_int_ll.o(.text)
    _printf_int_oct                          0x08010da3   Thumb Code    24  _printf_oct_int_ll.o(.text)
    _printf_ll_oct                           0x08010dbb   Thumb Code    12  _printf_oct_int_ll.o(.text)
    __aeabi_memcpy4                          0x08010dd1   Thumb Code     0  rt_memcpy_w.o(.text)
    __aeabi_memcpy8                          0x08010dd1   Thumb Code     0  rt_memcpy_w.o(.text)
    __rt_memcpy_w                            0x08010dd1   Thumb Code   100  rt_memcpy_w.o(.text)
    _memcpy_lastbytes_aligned                0x08010e19   Thumb Code     0  rt_memcpy_w.o(.text)
    __aeabi_memclr                           0x08010e35   Thumb Code     0  rt_memclr.o(.text)
    __rt_memclr                              0x08010e35   Thumb Code    68  rt_memclr.o(.text)
    _memset                                  0x08010e39   Thumb Code     0  rt_memclr.o(.text)
    __aeabi_errno_addr                       0x08010e79   Thumb Code     8  rt_errno_addr_intlibspace.o(.text)
    __errno$intlibspace                      0x08010e79   Thumb Code     0  rt_errno_addr_intlibspace.o(.text)
    __rt_errno_addr$intlibspace              0x08010e79   Thumb Code     0  rt_errno_addr_intlibspace.o(.text)
    _ll_udiv10                               0x08010e81   Thumb Code   138  lludiv10.o(.text)
    __lib_sel_fp_printf                      0x08010f0b   Thumb Code     2  _printf_fp_dec.o(.text)
    _printf_fp_dec_real                      0x080110bd   Thumb Code   620  _printf_fp_dec.o(.text)
    _printf_fp_hex_real                      0x08011329   Thumb Code   756  _printf_fp_hex.o(.text)
    _printf_lcs_common                       0x08011625   Thumb Code    20  _printf_wchar.o(.text)
    _printf_wchar                            0x08011639   Thumb Code    16  _printf_wchar.o(.text)
    _printf_wstring                          0x08011649   Thumb Code     8  _printf_wchar.o(.text)
    ferror                                   0x08011651   Thumb Code     8  ferror.o(.text)
    _wcrtomb                                 0x08011659   Thumb Code    64  _wcrtomb.o(.text)
    __user_libspace                          0x08011699   Thumb Code     8  libspace.o(.text)
    __user_perproc_libspace                  0x08011699   Thumb Code     0  libspace.o(.text)
    __user_perthread_libspace                0x08011699   Thumb Code     0  libspace.o(.text)
    __user_setup_stackheap                   0x080116a1   Thumb Code    74  sys_stackheap_outer.o(.text)
    __rt_ctype_table                         0x080116ed   Thumb Code    16  rt_ctype_table.o(.text)
    __rt_locale                              0x080116fd   Thumb Code     8  rt_locale_intlibspace.o(.text)
    _printf_fp_infnan                        0x08011705   Thumb Code   112  _printf_fp_infnan.o(.text)
    _btod_etento                             0x08011785   Thumb Code   224  bigflt0.o(.text)
    exit                                     0x08011869   Thumb Code    18  exit.o(.text)
    _btod_d2e                                0x0801187b   Thumb Code    62  btod.o(CL$$btod_d2e)
    _d2e_denorm_low                          0x080118b9   Thumb Code    70  btod.o(CL$$btod_d2e_denorm_low)
    _d2e_norm_op1                            0x080118ff   Thumb Code    96  btod.o(CL$$btod_d2e_norm_op1)
    __btod_div_common                        0x0801195f   Thumb Code   696  btod.o(CL$$btod_div_common)
    _e2e                                     0x08011c97   Thumb Code   220  btod.o(CL$$btod_e2e)
    _btod_ediv                               0x08011d73   Thumb Code    42  btod.o(CL$$btod_ediv)
    _btod_emul                               0x08011d9d   Thumb Code    42  btod.o(CL$$btod_emul)
    __btod_mult_common                       0x08011dc7   Thumb Code   580  btod.o(CL$$btod_mult_common)
    __ARM_fpclassify                         0x0801200b   Thumb Code    48  fpclassify.o(i.__ARM_fpclassify)
    __hardfp_sqrt                            0x0801203b   Thumb Code   122  sqrt.o(i.__hardfp_sqrt)
    _is_digit                                0x080120b5   Thumb Code    14  __printf_wp.o(i._is_digit)
    _get_lc_numeric                          0x080120c5   Thumb Code    44  lc_numeric_c.o(locale$$code)
    _get_lc_ctype                            0x080120f1   Thumb Code    44  lc_ctype_c.o(locale$$code)
    __aeabi_dadd                             0x0801211d   Thumb Code     0  daddsub_clz.o(x$fpl$dadd)
    _dadd                                    0x0801211d   Thumb Code   332  daddsub_clz.o(x$fpl$dadd)
    __fpl_dcmp_Inf                           0x0801226d   Thumb Code    24  dcmpi.o(x$fpl$dcmpinf)
    __aeabi_d2uiz                            0x08012285   Thumb Code     0  dfixu.o(x$fpl$dfixu)
    _dfixu                                   0x08012285   Thumb Code    90  dfixu.o(x$fpl$dfixu)
    __aeabi_i2d                              0x080122df   Thumb Code     0  dflt_clz.o(x$fpl$dflt)
    _dflt                                    0x080122df   Thumb Code    46  dflt_clz.o(x$fpl$dflt)
    __aeabi_ui2d                             0x0801230d   Thumb Code     0  dflt_clz.o(x$fpl$dfltu)
    _dfltu                                   0x0801230d   Thumb Code    38  dflt_clz.o(x$fpl$dfltu)
    __aeabi_cdcmple                          0x08012335   Thumb Code     0  dleqf.o(x$fpl$dleqf)
    _dcmple                                  0x08012335   Thumb Code   120  dleqf.o(x$fpl$dleqf)
    __fpl_dcmple_InfNaN                      0x08012397   Thumb Code     0  dleqf.o(x$fpl$dleqf)
    __aeabi_dmul                             0x080123ad   Thumb Code     0  dmul.o(x$fpl$dmul)
    _dmul                                    0x080123ad   Thumb Code   332  dmul.o(x$fpl$dmul)
    __fpl_dnaninf                            0x08012501   Thumb Code   156  dnaninf.o(x$fpl$dnaninf)
    __fpl_dretinf                            0x0801259d   Thumb Code    12  dretinf.o(x$fpl$dretinf)
    __aeabi_cdrcmple                         0x080125a9   Thumb Code     0  drleqf.o(x$fpl$drleqf)
    _drcmple                                 0x080125a9   Thumb Code   108  drleqf.o(x$fpl$drleqf)
    __aeabi_drsub                            0x08012615   Thumb Code     0  daddsub_clz.o(x$fpl$drsb)
    _drsb                                    0x08012615   Thumb Code    22  daddsub_clz.o(x$fpl$drsb)
    _dsqrt                                   0x0801262d   Thumb Code   404  dsqrt_umaal.o(x$fpl$dsqrt)
    __aeabi_dsub                             0x080127c5   Thumb Code     0  daddsub_clz.o(x$fpl$dsub)
    _dsub                                    0x080127c5   Thumb Code   464  daddsub_clz.o(x$fpl$dsub)
    __aeabi_f2d                              0x08012999   Thumb Code     0  f2d.o(x$fpl$f2d)
    _f2d                                     0x08012999   Thumb Code    86  f2d.o(x$fpl$f2d)
    __fpl_fnaninf                            0x080129ef   Thumb Code   140  fnaninf.o(x$fpl$fnaninf)
    _fp_init                                 0x08012a7b   Thumb Code    10  fpinit.o(x$fpl$fpinit)
    __fplib_config_fpu_vfp                   0x08012a83   Thumb Code     0  fpinit.o(x$fpl$fpinit)
    __fplib_config_pureend_doubles           0x08012a83   Thumb Code     0  fpinit.o(x$fpl$fpinit)
    _printf_fp_dec                           0x08012a85   Thumb Code     4  printf1.o(x$fpl$printf1)
    _printf_fp_hex                           0x08012a89   Thumb Code     4  printf2.o(x$fpl$printf2)
    __I$use$fp                               0x08012a8c   Number         0  usenofp.o(x$fpl$usenofp)
    asc2_1206                                0x08012a8c   Data        1140  lcd.o(.constdata)
    asc2_1608                                0x08012f00   Data        1520  lcd.o(.constdata)
    asc2_2412                                0x080134f0   Data        3420  lcd.o(.constdata)
    chinese_one_1616                         0x0801424c   Data         192  lcd.o(.constdata)
    chinese_two_1616                         0x0801430c   Data         352  lcd.o(.constdata)
    FT5206_TPX_TBL                           0x0801446c   Data          10  ft5206.o(.constdata)
    GT9147_CFG_TBL                           0x08014476   Data         184  gt9147.o(.constdata)
    GT9147_TPX_TBL                           0x0801452e   Data          10  gt9147.o(.constdata)
    OTT_TPX_TBL                              0x08014538   Data          10  ott2001a.o(.constdata)
    TP_REMIND_MSG_TBL                        0x08014544   Data           4  touch.o(.constdata)
    FSMC_DefaultTimingStruct                 0x08014548   Data          28  stm32f4xx_fsmc.o(.constdata)
    Region$$Table$$Base                      0x08014728   Number         0  anon$$obj.o(Region$$Table)
    Region$$Table$$Limit                     0x08014748   Number         0  anon$$obj.o(Region$$Table)
    __ctype                                  0x08014771   Data           0  lc_ctype_c.o(locale$$data)
    StartTask_Handler                        0x20000000   Data           4  main.o(.data)
    SG90Task_Handler                         0x20000004   Data           4  main.o(.data)
    LCDTask_Handler                          0x20000008   Data           4  main.o(.data)
    RFIDTask_Handler                         0x2000000c   Data           4  main.o(.data)
    AS608Task_Handler                        0x20000010   Data           4  main.o(.data)
    ESP8266Task_Handler                      0x20000014   Data           4  main.o(.data)
    EventGroupHandler                        0x20000018   Data           4  main.o(.data)
    kbd_menu                                 0x2000001c   Data          60  main.o(.data)
    key                                      0x20000058   Data           1  main.o(.data)
    sg90flag                                 0x20000059   Data           1  main.o(.data)
    rfidflag                                 0x2000005a   Data           1  main.o(.data)
    err                                      0x2000005b   Data           1  main.o(.data)
    SystemCoreClock                          0x2000005c   Data           4  system_stm32f4xx.o(.data)
    AHBPrescTable                            0x20000060   Data          16  system_stm32f4xx.o(.data)
    kbd_tbl                                  0x20000070   Data           4  lcd.o(.data)
    str                                      0x20000074   Data           4  lcd.o(.data)
    ensure                                   0x20000078   Data           1  lcd.o(.data)
    POINT_COLOR                              0x2000007a   Data           2  lcd.o(.data)
    BACK_COLOR                               0x2000007c   Data           2  lcd.o(.data)
    tp_dev                                   0x20000084   Data          52  touch.o(.data)
    CMD_RDX                                  0x200000b8   Data           1  touch.o(.data)
    CMD_RDY                                  0x200000b9   Data           1  touch.o(.data)
    status                                   0x200000ba   Data           1  rc522.o(.data)
    ID                                       0x200000bb   Data           4  rc522.o(.data)
    CT                                       0x200000bf   Data           2  rc522.o(.data)
    kahao1                                   0x200000c1   Data           4  rc522.o(.data)
    KEY                                      0x200000c5   Data           6  rc522.o(.data)
    cStr                                     0x200000cb   Data           4  rc522.o(.data)
    USART2_RX_STA                            0x200000d0   Data           2  usart2.o(.data)
    AS608Addr                                0x200000d4   Data           4  as608.o(.data)
    ensure1                                  0x200000d8   Data           1  as608.o(.data)
    ValidN                                   0x200000da   Data           2  as608.o(.data)
    USART3_RX_STA                            0x200000dc   Data           2  usart3.o(.data)
    pxCurrentTCB                             0x200000e0   Data           4  tasks.o(.data)
    uxTopUsedPriority                        0x20000118   Data           4  tasks.o(.data)
    __stdout                                 0x20000174   Data           4  usart_1.o(.data)
    USART_RX_STA                             0x20000178   Data           2  usart_1.o(.data)
    lcddev                                   0x2000017c   Data          14  lcd.o(.bss)
    USART2_TX_BUF                            0x20000190   Data         400  usart2.o(.bss)
    USART2_RX_BUF                            0x20000320   Data         400  usart2.o(.bss)
    AS608Para                                0x200004b0   Data          12  as608.o(.bss)
    USART3_TX_BUF                            0x200004c0   Data         400  usart3.o(.bss)
    USART3_RX_BUF                            0x20000650   Data         400  usart3.o(.bss)
    xQueueRegistry                           0x200007e0   Data          64  queue.o(.bss)
    USART_RX_BUF                             0x20013510   Data         200  usart_1.o(.bss)
    __libspace_start                         0x200135d8   Data          96  libspace.o(.bss)
    __temporary_stack_top$libspace           0x20013638   Data           0  libspace.o(.bss)



==============================================================================

Memory Map of the image

  Image Entry point : 0x08000189

  Load Region LR_IROM1 (Base: 0x08000000, Size: 0x000149f0, Max: 0x00100000, ABSOLUTE, COMPRESSED[0x000148e8])

    Execution Region ER_IROM1 (Exec base: 0x08000000, Load base: 0x08000000, Size: 0x00014874, Max: 0x00100000, ABSOLUTE)

    Exec Addr    Load Addr    Size         Type   Attr      Idx    E Section Name        Object

    0x08000000   0x08000000   0x00000188   Data   RO          287    RESET               startup_stm32f40_41xxx.o
    0x08000188   0x08000188   0x00000008   Code   RO         2037  * !!!main             c_w.l(__main.o)
    0x08000190   0x08000190   0x00000034   Code   RO         2370    !!!scatter          c_w.l(__scatter.o)
    0x080001c4   0x080001c4   0x0000005a   Code   RO         2368    !!dczerorl2         c_w.l(__dczerorl2.o)
    0x0800021e   0x0800021e   0x00000002   PAD
    0x08000220   0x08000220   0x0000001c   Code   RO         2372    !!handler_zi        c_w.l(__scatter_zi.o)
    0x0800023c   0x0800023c   0x00000000   Code   RO         2020    .ARM.Collect$$_printf_percent$$00000000  c_w.l(_printf_percent.o)
    0x0800023c   0x0800023c   0x00000006   Code   RO         2108    .ARM.Collect$$_printf_percent$$00000001  c_w.l(_printf_n.o)
    0x08000242   0x08000242   0x00000006   Code   RO         2109    .ARM.Collect$$_printf_percent$$00000002  c_w.l(_printf_p.o)
    0x08000248   0x08000248   0x00000006   Code   RO         2113    .ARM.Collect$$_printf_percent$$00000003  c_w.l(_printf_f.o)
    0x0800024e   0x0800024e   0x00000006   Code   RO         2114    .ARM.Collect$$_printf_percent$$00000004  c_w.l(_printf_e.o)
    0x08000254   0x08000254   0x00000006   Code   RO         2115    .ARM.Collect$$_printf_percent$$00000005  c_w.l(_printf_g.o)
    0x0800025a   0x0800025a   0x00000006   Code   RO         2116    .ARM.Collect$$_printf_percent$$00000006  c_w.l(_printf_a.o)
    0x08000260   0x08000260   0x0000000a   Code   RO         2121    .ARM.Collect$$_printf_percent$$00000007  c_w.l(_printf_ll.o)
    0x0800026a   0x0800026a   0x00000006   Code   RO         2111    .ARM.Collect$$_printf_percent$$00000008  c_w.l(_printf_i.o)
    0x08000270   0x08000270   0x00000006   Code   RO         2019    .ARM.Collect$$_printf_percent$$00000009  c_w.l(_printf_d.o)
    0x08000276   0x08000276   0x00000006   Code   RO         2112    .ARM.Collect$$_printf_percent$$0000000A  c_w.l(_printf_u.o)
    0x0800027c   0x0800027c   0x00000006   Code   RO         2110    .ARM.Collect$$_printf_percent$$0000000B  c_w.l(_printf_o.o)
    0x08000282   0x08000282   0x00000006   Code   RO         2018    .ARM.Collect$$_printf_percent$$0000000C  c_w.l(_printf_x.o)
    0x08000288   0x08000288   0x00000006   Code   RO         2118    .ARM.Collect$$_printf_percent$$0000000D  c_w.l(_printf_lli.o)
    0x0800028e   0x0800028e   0x00000006   Code   RO         2119    .ARM.Collect$$_printf_percent$$0000000E  c_w.l(_printf_lld.o)
    0x08000294   0x08000294   0x00000006   Code   RO         2120    .ARM.Collect$$_printf_percent$$0000000F  c_w.l(_printf_llu.o)
    0x0800029a   0x0800029a   0x00000006   Code   RO         2125    .ARM.Collect$$_printf_percent$$00000010  c_w.l(_printf_llo.o)
    0x080002a0   0x080002a0   0x00000006   Code   RO         2126    .ARM.Collect$$_printf_percent$$00000011  c_w.l(_printf_llx.o)
    0x080002a6   0x080002a6   0x0000000a   Code   RO         2122    .ARM.Collect$$_printf_percent$$00000012  c_w.l(_printf_l.o)
    0x080002b0   0x080002b0   0x00000006   Code   RO         2107    .ARM.Collect$$_printf_percent$$00000013  c_w.l(_printf_c.o)
    0x080002b6   0x080002b6   0x00000006   Code   RO         2017    .ARM.Collect$$_printf_percent$$00000014  c_w.l(_printf_s.o)
    0x080002bc   0x080002bc   0x00000006   Code   RO         2123    .ARM.Collect$$_printf_percent$$00000015  c_w.l(_printf_lc.o)
    0x080002c2   0x080002c2   0x00000006   Code   RO         2124    .ARM.Collect$$_printf_percent$$00000016  c_w.l(_printf_ls.o)
    0x080002c8   0x080002c8   0x00000004   Code   RO         2117    .ARM.Collect$$_printf_percent$$00000017  c_w.l(_printf_percent_end.o)
    0x080002cc   0x080002cc   0x00000002   Code   RO         2236    .ARM.Collect$$libinit$$00000000  c_w.l(libinit.o)
    0x080002ce   0x080002ce   0x00000004   Code   RO         2246    .ARM.Collect$$libinit$$00000001  c_w.l(libinit2.o)
    0x080002d2   0x080002d2   0x00000000   Code   RO         2249    .ARM.Collect$$libinit$$00000004  c_w.l(libinit2.o)
    0x080002d2   0x080002d2   0x00000000   Code   RO         2252    .ARM.Collect$$libinit$$0000000A  c_w.l(libinit2.o)
    0x080002d2   0x080002d2   0x00000000   Code   RO         2254    .ARM.Collect$$libinit$$0000000C  c_w.l(libinit2.o)
    0x080002d2   0x080002d2   0x00000000   Code   RO         2256    .ARM.Collect$$libinit$$0000000E  c_w.l(libinit2.o)
    0x080002d2   0x080002d2   0x00000006   Code   RO         2257    .ARM.Collect$$libinit$$0000000F  c_w.l(libinit2.o)
    0x080002d8   0x080002d8   0x00000000   Code   RO         2259    .ARM.Collect$$libinit$$00000011  c_w.l(libinit2.o)
    0x080002d8   0x080002d8   0x0000000c   Code   RO         2260    .ARM.Collect$$libinit$$00000012  c_w.l(libinit2.o)
    0x080002e4   0x080002e4   0x00000000   Code   RO         2261    .ARM.Collect$$libinit$$00000013  c_w.l(libinit2.o)
    0x080002e4   0x080002e4   0x00000000   Code   RO         2263    .ARM.Collect$$libinit$$00000015  c_w.l(libinit2.o)
    0x080002e4   0x080002e4   0x0000000a   Code   RO         2264    .ARM.Collect$$libinit$$00000016  c_w.l(libinit2.o)
    0x080002ee   0x080002ee   0x00000000   Code   RO         2265    .ARM.Collect$$libinit$$00000017  c_w.l(libinit2.o)
    0x080002ee   0x080002ee   0x00000000   Code   RO         2267    .ARM.Collect$$libinit$$00000019  c_w.l(libinit2.o)
    0x080002ee   0x080002ee   0x00000000   Code   RO         2269    .ARM.Collect$$libinit$$0000001B  c_w.l(libinit2.o)
    0x080002ee   0x080002ee   0x00000000   Code   RO         2271    .ARM.Collect$$libinit$$0000001D  c_w.l(libinit2.o)
    0x080002ee   0x080002ee   0x00000000   Code   RO         2273    .ARM.Collect$$libinit$$0000001F  c_w.l(libinit2.o)
    0x080002ee   0x080002ee   0x00000000   Code   RO         2275    .ARM.Collect$$libinit$$00000021  c_w.l(libinit2.o)
    0x080002ee   0x080002ee   0x00000000   Code   RO         2277    .ARM.Collect$$libinit$$00000023  c_w.l(libinit2.o)
    0x080002ee   0x080002ee   0x00000000   Code   RO         2279    .ARM.Collect$$libinit$$00000025  c_w.l(libinit2.o)
    0x080002ee   0x080002ee   0x00000000   Code   RO         2283    .ARM.Collect$$libinit$$0000002C  c_w.l(libinit2.o)
    0x080002ee   0x080002ee   0x00000000   Code   RO         2285    .ARM.Collect$$libinit$$0000002E  c_w.l(libinit2.o)
    0x080002ee   0x080002ee   0x00000000   Code   RO         2287    .ARM.Collect$$libinit$$00000030  c_w.l(libinit2.o)
    0x080002ee   0x080002ee   0x00000000   Code   RO         2289    .ARM.Collect$$libinit$$00000032  c_w.l(libinit2.o)
    0x080002ee   0x080002ee   0x00000002   Code   RO         2290    .ARM.Collect$$libinit$$00000033  c_w.l(libinit2.o)
    0x080002f0   0x080002f0   0x00000002   Code   RO         2308    .ARM.Collect$$libshutdown$$00000000  c_w.l(libshutdown.o)
    0x080002f2   0x080002f2   0x00000000   Code   RO         2318    .ARM.Collect$$libshutdown$$00000002  c_w.l(libshutdown2.o)
    0x080002f2   0x080002f2   0x00000000   Code   RO         2320    .ARM.Collect$$libshutdown$$00000004  c_w.l(libshutdown2.o)
    0x080002f2   0x080002f2   0x00000000   Code   RO         2322    .ARM.Collect$$libshutdown$$00000006  c_w.l(libshutdown2.o)
    0x080002f2   0x080002f2   0x00000000   Code   RO         2325    .ARM.Collect$$libshutdown$$00000009  c_w.l(libshutdown2.o)
    0x080002f2   0x080002f2   0x00000000   Code   RO         2328    .ARM.Collect$$libshutdown$$0000000C  c_w.l(libshutdown2.o)
    0x080002f2   0x080002f2   0x00000000   Code   RO         2330    .ARM.Collect$$libshutdown$$0000000E  c_w.l(libshutdown2.o)
    0x080002f2   0x080002f2   0x00000000   Code   RO         2333    .ARM.Collect$$libshutdown$$00000011  c_w.l(libshutdown2.o)
    0x080002f2   0x080002f2   0x00000002   Code   RO         2334    .ARM.Collect$$libshutdown$$00000012  c_w.l(libshutdown2.o)
    0x080002f4   0x080002f4   0x00000000   Code   RO         2077    .ARM.Collect$$rtentry$$00000000  c_w.l(__rtentry.o)
    0x080002f4   0x080002f4   0x00000000   Code   RO         2151    .ARM.Collect$$rtentry$$00000002  c_w.l(__rtentry2.o)
    0x080002f4   0x080002f4   0x00000006   Code   RO         2163    .ARM.Collect$$rtentry$$00000004  c_w.l(__rtentry4.o)
    0x080002fa   0x080002fa   0x00000000   Code   RO         2153    .ARM.Collect$$rtentry$$00000009  c_w.l(__rtentry2.o)
    0x080002fa   0x080002fa   0x00000004   Code   RO         2154    .ARM.Collect$$rtentry$$0000000A  c_w.l(__rtentry2.o)
    0x080002fe   0x080002fe   0x00000000   Code   RO         2156    .ARM.Collect$$rtentry$$0000000C  c_w.l(__rtentry2.o)
    0x080002fe   0x080002fe   0x00000008   Code   RO         2157    .ARM.Collect$$rtentry$$0000000D  c_w.l(__rtentry2.o)
    0x08000306   0x08000306   0x00000002   Code   RO         2241    .ARM.Collect$$rtexit$$00000000  c_w.l(rtexit.o)
    0x08000308   0x08000308   0x00000000   Code   RO         2292    .ARM.Collect$$rtexit$$00000002  c_w.l(rtexit2.o)
    0x08000308   0x08000308   0x00000004   Code   RO         2293    .ARM.Collect$$rtexit$$00000003  c_w.l(rtexit2.o)
    0x0800030c   0x0800030c   0x00000006   Code   RO         2294    .ARM.Collect$$rtexit$$00000004  c_w.l(rtexit2.o)
    0x08000312   0x08000312   0x00000002   PAD
    0x08000314   0x08000314   0x000000be   Code   RO         1118    .emb_text           port.o
    0x080003d2   0x080003d2   0x00000002   PAD
    0x080003d4   0x080003d4   0x00000848   Code   RO            3    .text               main.o
    0x08000c1c   0x08000c1c   0x00000014   Code   RO          238    .text               stm32f4xx_it.o
    0x08000c30   0x08000c30   0x00000210   Code   RO          261    .text               system_stm32f4xx.o
    0x08000e40   0x08000e40   0x00000040   Code   RO          288    .text               startup_stm32f40_41xxx.o
    0x08000e80   0x08000e80   0x00000040   Code   RO          294    .text               led.o
    0x08000ec0   0x08000ec0   0x00005464   Code   RO          340    .text               lcd.o
    0x08006324   0x08006324   0x00000104   Code   RO          505    .text               key.o
    0x08006428   0x08006428   0x0000025c   Code   RO          526    .text               myiic.o
    0x08006684   0x08006684   0x0000017a   Code   RO          549    .text               24cxx.o
    0x080067fe   0x080067fe   0x00000002   PAD
    0x08006800   0x08006800   0x00000254   Code   RO          572    .text               ctiic.o
    0x08006a54   0x08006a54   0x0000032c   Code   RO          595    .text               ft5206.o
    0x08006d80   0x08006d80   0x00000430   Code   RO          634    .text               gt9147.o
    0x080071b0   0x080071b0   0x00000388   Code   RO          665    .text               ott2001a.o
    0x08007538   0x08007538   0x000010e0   Code   RO          689    .text               touch.o
    0x08008618   0x08008618   0x0000011c   Code   RO          721    .text               sg90.o
    0x08008734   0x08008734   0x00000040   Code   RO          741    .text               beep.o
    0x08008774   0x08008774   0x00000894   Code   RO          761    .text               rc522.o
    0x08009008   0x08009008   0x00000184   Code   RO          788    .text               usart2.o
    0x0800918c   0x0800918c   0x00000084   Code   RO          825    .text               timer.o
    0x08009210   0x08009210   0x00000bf0   Code   RO          846    .text               as608.o
    0x08009e00   0x08009e00   0x0000019c   Code   RO          901    .text               usart3.o
    0x08009f9c   0x08009f9c   0x00000084   Code   RO          935    .text               timer5.o
    0x0800a020   0x0800a020   0x0000048c   Code   RO          976    .text               event_groups.o
    0x0800a4ac   0x0800a4ac   0x00000094   Code   RO         1009    .text               list.o
    0x0800a540   0x0800a540   0x0000101c   Code   RO         1024    .text               queue.o
    0x0800b55c   0x0800b55c   0x0000204c   Code   RO         1063    .text               tasks.o
    0x0800d5a8   0x0800d5a8   0x00000650   Code   RO         1085    .text               timers.o
    0x0800dbf8   0x0800dbf8   0x00000340   Code   RO         1119    .text               port.o
    0x0800df38   0x0800df38   0x00000340   Code   RO         1148    .text               heap_4.o
    0x0800e278   0x0800e278   0x000000e0   Code   RO         1165    .text               misc.o
    0x0800e358   0x0800e358   0x000005c8   Code   RO         1491    .text               stm32f4xx_fsmc.o
    0x0800e920   0x0800e920   0x00000294   Code   RO         1514    .text               stm32f4xx_gpio.o
    0x0800ebb4   0x0800ebb4   0x0000065c   Code   RO         1677    .text               stm32f4xx_rcc.o
    0x0800f210   0x0800f210   0x00000ca2   Code   RO         1822    .text               stm32f4xx_tim.o
    0x0800feb2   0x0800feb2   0x00000002   PAD
    0x0800feb4   0x0800feb4   0x00000454   Code   RO         1842    .text               stm32f4xx_usart.o
    0x08010308   0x08010308   0x000000ec   Code   RO         1882    .text               delay.o
    0x080103f4   0x080103f4   0x00000148   Code   RO         1922    .text               usart_1.o
    0x0801053c   0x0801053c   0x00000002   Code   RO         1962    .text               c_w.l(use_no_semi_2.o)
    0x0801053e   0x0801053e   0x00000002   PAD
    0x08010540   0x08010540   0x00000024   Code   RO         1964    .text               c_w.l(vsprintf.o)
    0x08010564   0x08010564   0x00000018   Code   RO         1966    .text               c_w.l(__2printf.o)
    0x0801057c   0x0801057c   0x00000052   Code   RO         1972    .text               c_w.l(_printf_str.o)
    0x080105ce   0x080105ce   0x00000002   PAD
    0x080105d0   0x080105d0   0x00000078   Code   RO         1974    .text               c_w.l(_printf_dec.o)
    0x08010648   0x08010648   0x00000094   Code   RO         1994    .text               c_w.l(_printf_hex_int_ll_ptr.o)
    0x080106dc   0x080106dc   0x00000188   Code   RO         2014    .text               c_w.l(__printf_flags_ss_wp.o)
    0x08010864   0x08010864   0x00000024   Code   RO         2021    .text               c_w.l(strstr.o)
    0x08010888   0x08010888   0x0000003e   Code   RO         2023    .text               c_w.l(strlen.o)
    0x080108c6   0x080108c6   0x0000008a   Code   RO         2025    .text               c_w.l(rt_memcpy_v6.o)
    0x08010950   0x08010950   0x00000010   Code   RO         2029    .text               c_w.l(aeabi_memset.o)
    0x08010960   0x08010960   0x0000004e   Code   RO         2031    .text               c_w.l(rt_memclr_w.o)
    0x080109ae   0x080109ae   0x00000002   PAD
    0x080109b0   0x080109b0   0x00000080   Code   RO         2033    .text               c_w.l(strcmpv7m.o)
    0x08010a30   0x08010a30   0x00000006   Code   RO         2035    .text               c_w.l(heapauxi.o)
    0x08010a36   0x08010a36   0x00000002   Code   RO         2075    .text               c_w.l(use_no_semi.o)
    0x08010a38   0x08010a38   0x00000016   Code   RO         2078    .text               c_w.l(_rserrno.o)
    0x08010a4e   0x08010a4e   0x0000004e   Code   RO         2080    .text               c_w.l(_printf_pad.o)
    0x08010a9c   0x08010a9c   0x00000024   Code   RO         2082    .text               c_w.l(_printf_truncate.o)
    0x08010ac0   0x08010ac0   0x000000b2   Code   RO         2084    .text               c_w.l(_printf_intcommon.o)
    0x08010b72   0x08010b72   0x00000028   Code   RO         2086    .text               c_w.l(_printf_charcount.o)
    0x08010b9a   0x08010b9a   0x00000002   PAD
    0x08010b9c   0x08010b9c   0x00000030   Code   RO         2088    .text               c_w.l(_printf_char_common.o)
    0x08010bcc   0x08010bcc   0x0000000a   Code   RO         2090    .text               c_w.l(_sputc.o)
    0x08010bd6   0x08010bd6   0x0000002c   Code   RO         2092    .text               c_w.l(_printf_char.o)
    0x08010c02   0x08010c02   0x00000002   PAD
    0x08010c04   0x08010c04   0x00000024   Code   RO         2094    .text               c_w.l(_printf_char_file.o)
    0x08010c28   0x08010c28   0x000000bc   Code   RO         2096    .text               c_w.l(_printf_wctomb.o)
    0x08010ce4   0x08010ce4   0x0000007c   Code   RO         2099    .text               c_w.l(_printf_longlong_dec.o)
    0x08010d60   0x08010d60   0x00000070   Code   RO         2105    .text               c_w.l(_printf_oct_int_ll.o)
    0x08010dd0   0x08010dd0   0x00000064   Code   RO         2127    .text               c_w.l(rt_memcpy_w.o)
    0x08010e34   0x08010e34   0x00000044   Code   RO         2129    .text               c_w.l(rt_memclr.o)
    0x08010e78   0x08010e78   0x00000008   Code   RO         2168    .text               c_w.l(rt_errno_addr_intlibspace.o)
    0x08010e80   0x08010e80   0x0000008a   Code   RO         2170    .text               c_w.l(lludiv10.o)
    0x08010f0a   0x08010f0a   0x0000041e   Code   RO         2172    .text               c_w.l(_printf_fp_dec.o)
    0x08011328   0x08011328   0x000002fc   Code   RO         2174    .text               c_w.l(_printf_fp_hex.o)
    0x08011624   0x08011624   0x0000002c   Code   RO         2179    .text               c_w.l(_printf_wchar.o)
    0x08011650   0x08011650   0x00000008   Code   RO         2181    .text               c_w.l(ferror.o)
    0x08011658   0x08011658   0x00000040   Code   RO         2185    .text               c_w.l(_wcrtomb.o)
    0x08011698   0x08011698   0x00000008   Code   RO         2187    .text               c_w.l(libspace.o)
    0x080116a0   0x080116a0   0x0000004a   Code   RO         2190    .text               c_w.l(sys_stackheap_outer.o)
    0x080116ea   0x080116ea   0x00000002   PAD
    0x080116ec   0x080116ec   0x00000010   Code   RO         2192    .text               c_w.l(rt_ctype_table.o)
    0x080116fc   0x080116fc   0x00000008   Code   RO         2197    .text               c_w.l(rt_locale_intlibspace.o)
    0x08011704   0x08011704   0x00000080   Code   RO         2199    .text               c_w.l(_printf_fp_infnan.o)
    0x08011784   0x08011784   0x000000e4   Code   RO         2201    .text               c_w.l(bigflt0.o)
    0x08011868   0x08011868   0x00000012   Code   RO         2229    .text               c_w.l(exit.o)
    0x0801187a   0x0801187a   0x0000003e   Code   RO         2204    CL$$btod_d2e        c_w.l(btod.o)
    0x080118b8   0x080118b8   0x00000046   Code   RO         2206    CL$$btod_d2e_denorm_low  c_w.l(btod.o)
    0x080118fe   0x080118fe   0x00000060   Code   RO         2205    CL$$btod_d2e_norm_op1  c_w.l(btod.o)
    0x0801195e   0x0801195e   0x00000338   Code   RO         2214    CL$$btod_div_common  c_w.l(btod.o)
    0x08011c96   0x08011c96   0x000000dc   Code   RO         2211    CL$$btod_e2e        c_w.l(btod.o)
    0x08011d72   0x08011d72   0x0000002a   Code   RO         2208    CL$$btod_ediv       c_w.l(btod.o)
    0x08011d9c   0x08011d9c   0x0000002a   Code   RO         2207    CL$$btod_emul       c_w.l(btod.o)
    0x08011dc6   0x08011dc6   0x00000244   Code   RO         2213    CL$$btod_mult_common  c_w.l(btod.o)
    0x0801200a   0x0801200a   0x00000030   Code   RO         2239    i.__ARM_fpclassify  m_wm.l(fpclassify.o)
    0x0801203a   0x0801203a   0x0000007a   Code   RO         2063    i.__hardfp_sqrt     m_wm.l(sqrt.o)
    0x080120b4   0x080120b4   0x0000000e   Code   RO         2007    i._is_digit         c_w.l(__printf_wp.o)
    0x080120c2   0x080120c2   0x00000002   PAD
    0x080120c4   0x080120c4   0x0000002c   Code   RO         2227    locale$$code        c_w.l(lc_numeric_c.o)
    0x080120f0   0x080120f0   0x0000002c   Code   RO         2244    locale$$code        c_w.l(lc_ctype_c.o)
    0x0801211c   0x0801211c   0x00000150   Code   RO         2039    x$fpl$dadd          fz_wm.l(daddsub_clz.o)
    0x0801226c   0x0801226c   0x00000018   Code   RO         2131    x$fpl$dcmpinf       fz_wm.l(dcmpi.o)
    0x08012284   0x08012284   0x0000005a   Code   RO         2045    x$fpl$dfixu         fz_wm.l(dfixu.o)
    0x080122de   0x080122de   0x0000002e   Code   RO         2050    x$fpl$dflt          fz_wm.l(dflt_clz.o)
    0x0801230c   0x0801230c   0x00000026   Code   RO         2049    x$fpl$dfltu         fz_wm.l(dflt_clz.o)
    0x08012332   0x08012332   0x00000002   PAD
    0x08012334   0x08012334   0x00000078   Code   RO         2055    x$fpl$dleqf         fz_wm.l(dleqf.o)
    0x080123ac   0x080123ac   0x00000154   Code   RO         2057    x$fpl$dmul          fz_wm.l(dmul.o)
    0x08012500   0x08012500   0x0000009c   Code   RO         2133    x$fpl$dnaninf       fz_wm.l(dnaninf.o)
    0x0801259c   0x0801259c   0x0000000c   Code   RO         2135    x$fpl$dretinf       fz_wm.l(dretinf.o)
    0x080125a8   0x080125a8   0x0000006c   Code   RO         2059    x$fpl$drleqf        fz_wm.l(drleqf.o)
    0x08012614   0x08012614   0x00000016   Code   RO         2040    x$fpl$drsb          fz_wm.l(daddsub_clz.o)
    0x0801262a   0x0801262a   0x00000002   PAD
    0x0801262c   0x0801262c   0x00000198   Code   RO         2137    x$fpl$dsqrt         fz_wm.l(dsqrt_umaal.o)
    0x080127c4   0x080127c4   0x000001d4   Code   RO         2041    x$fpl$dsub          fz_wm.l(daddsub_clz.o)
    0x08012998   0x08012998   0x00000056   Code   RO         2061    x$fpl$f2d           fz_wm.l(f2d.o)
    0x080129ee   0x080129ee   0x0000008c   Code   RO         2139    x$fpl$fnaninf       fz_wm.l(fnaninf.o)
    0x08012a7a   0x08012a7a   0x0000000a   Code   RO         2300    x$fpl$fpinit        fz_wm.l(fpinit.o)
    0x08012a84   0x08012a84   0x00000004   Code   RO         2141    x$fpl$printf1       fz_wm.l(printf1.o)
    0x08012a88   0x08012a88   0x00000004   Code   RO         2143    x$fpl$printf2       fz_wm.l(printf2.o)
    0x08012a8c   0x08012a8c   0x00000000   Code   RO         2149    x$fpl$usenofp       fz_wm.l(usenofp.o)
    0x08012a8c   0x08012a8c   0x000019e0   Data   RO          342    .constdata          lcd.o
    0x0801446c   0x0801446c   0x0000000a   Data   RO          596    .constdata          ft5206.o
    0x08014476   0x08014476   0x000000c2   Data   RO          635    .constdata          gt9147.o
    0x08014538   0x08014538   0x0000000a   Data   RO          666    .constdata          ott2001a.o
    0x08014542   0x08014542   0x00000002   PAD
    0x08014544   0x08014544   0x00000004   Data   RO          690    .constdata          touch.o
    0x08014548   0x08014548   0x0000001c   Data   RO         1492    .constdata          stm32f4xx_fsmc.o
    0x08014564   0x08014564   0x00000028   Data   RO         1995    .constdata          c_w.l(_printf_hex_int_ll_ptr.o)
    0x0801458c   0x0801458c   0x00000011   Data   RO         2015    .constdata          c_w.l(__printf_flags_ss_wp.o)
    0x0801459d   0x0801459d   0x00000003   PAD
    0x080145a0   0x080145a0   0x00000008   Data   RO         2097    .constdata          c_w.l(_printf_wctomb.o)
    0x080145a8   0x080145a8   0x00000026   Data   RO         2175    .constdata          c_w.l(_printf_fp_hex.o)
    0x080145ce   0x080145ce   0x00000002   PAD
    0x080145d0   0x080145d0   0x00000094   Data   RO         2202    .constdata          c_w.l(bigflt0.o)
    0x08014664   0x08014664   0x00000046   Data   RO            4    .conststring        main.o
    0x080146aa   0x080146aa   0x00000002   PAD
    0x080146ac   0x080146ac   0x00000079   Data   RO          691    .conststring        touch.o
    0x08014725   0x08014725   0x00000003   PAD
    0x08014728   0x08014728   0x00000020   Data   RO         2366    Region$$Table       anon$$obj.o
    0x08014748   0x08014748   0x0000001c   Data   RO         2226    locale$$data        c_w.l(lc_numeric_c.o)
    0x08014764   0x08014764   0x00000110   Data   RO         2243    locale$$data        c_w.l(lc_ctype_c.o)


    Execution Region RW_IRAM1 (Exec base: 0x20000000, Load base: 0x08014874, Size: 0x00013c38, Max: 0x00020000, ABSOLUTE, COMPRESSED[0x00000074])

    Exec Addr    Load Addr    Size         Type   Attr      Idx    E Section Name        Object

    0x20000000   COMPRESSED   0x0000005c   Data   RW            5    .data               main.o
    0x2000005c   COMPRESSED   0x00000014   Data   RW          262    .data               system_stm32f4xx.o
    0x20000070   COMPRESSED   0x0000000f   Data   RW          343    .data               lcd.o
    0x2000007f   COMPRESSED   0x00000001   Data   RW          506    .data               key.o
    0x20000080   COMPRESSED   0x00000001   Data   RW          597    .data               ft5206.o
    0x20000081   COMPRESSED   0x00000001   Data   RW          636    .data               gt9147.o
    0x20000082   COMPRESSED   0x00000001   Data   RW          667    .data               ott2001a.o
    0x20000083   COMPRESSED   0x00000001   PAD
    0x20000084   COMPRESSED   0x00000036   Data   RW          692    .data               touch.o
    0x200000ba   COMPRESSED   0x00000015   Data   RW          762    .data               rc522.o
    0x200000cf   COMPRESSED   0x00000001   PAD
    0x200000d0   COMPRESSED   0x00000002   Data   RW          790    .data               usart2.o
    0x200000d2   COMPRESSED   0x00000002   PAD
    0x200000d4   COMPRESSED   0x00000008   Data   RW          848    .data               as608.o
    0x200000dc   COMPRESSED   0x00000002   Data   RW          903    .data               usart3.o
    0x200000de   COMPRESSED   0x00000002   PAD
    0x200000e0   COMPRESSED   0x00000040   Data   RW         1065    .data               tasks.o
    0x20000120   COMPRESSED   0x00000014   Data   RW         1087    .data               timers.o
    0x20000134   COMPRESSED   0x0000000c   Data   RW         1120    .data               port.o
    0x20000140   COMPRESSED   0x00000020   Data   RW         1150    .data               heap_4.o
    0x20000160   COMPRESSED   0x00000010   Data   RW         1678    .data               stm32f4xx_rcc.o
    0x20000170   COMPRESSED   0x00000004   Data   RW         1883    .data               delay.o
    0x20000174   COMPRESSED   0x00000006   Data   RW         1924    .data               usart_1.o
    0x2000017a   COMPRESSED   0x00000002   PAD
    0x2000017c        -       0x0000000e   Zero   RW          341    .bss                lcd.o
    0x2000018a   COMPRESSED   0x00000006   PAD
    0x20000190        -       0x00000320   Zero   RW          789    .bss                usart2.o
    0x200004b0        -       0x0000000c   Zero   RW          847    .bss                as608.o
    0x200004bc   COMPRESSED   0x00000004   PAD
    0x200004c0        -       0x00000320   Zero   RW          902    .bss                usart3.o
    0x200007e0        -       0x00000040   Zero   RW         1025    .bss                queue.o
    0x20000820        -       0x000000c8   Zero   RW         1064    .bss                tasks.o
    0x200008e8        -       0x00000028   Zero   RW         1086    .bss                timers.o
    0x20000910        -       0x00012c00   Zero   RW         1149    .bss                heap_4.o
    0x20013510        -       0x000000c8   Zero   RW         1923    .bss                usart_1.o
    0x200135d8        -       0x00000060   Zero   RW         2188    .bss                c_w.l(libspace.o)
    0x20013638        -       0x00000200   Zero   RW          286    HEAP                startup_stm32f40_41xxx.o
    0x20013838        -       0x00000400   Zero   RW          285    STACK               startup_stm32f40_41xxx.o


==============================================================================

Image component sizes


      Code (inc. data)   RO Data    RW Data    ZI Data      Debug   Object Name

       378          0          0          0          0       2862   24cxx.o
      3056        828          0          8         12       9171   as608.o
        64          4          0          0          0        552   beep.o
       596         24          0          0          0       2089   ctiic.o
       236         10          0          4          0       1713   delay.o
      1164          4          0          0          0      20939   event_groups.o
       812         40         10          1          0       2615   ft5206.o
      1072         78        194          1          0       3154   gt9147.o
       832         32          0         32      76800       4290   heap_4.o
       260         12          0          1          0        900   key.o
     21604        274       6624         15         14     271025   lcd.o
        64          4          0          0          0     229743   led.o
       148          0          0          0          0       2074   list.o
      2120        598         70         92          0     306860   main.o
       224         20          0          0          0       1861   misc.o
       604         14          0          0          0       1916   myiic.o
       904         66         10          1          0       2815   ott2001a.o
      1022         52          0         12          0       8999   port.o
      4124         18          0          0         64      22000   queue.o
      2196         48          0         21          0       8495   rc522.o
       284         26          0          0          0       1058   sg90.o
        64         26        392          0       1536        848   startup_stm32f40_41xxx.o
      1480         18         28          0          0       5714   stm32f4xx_fsmc.o
       660         44          0          0          0       4201   stm32f4xx_gpio.o
        20          0          0          0          0        967   stm32f4xx_it.o
      1628         52          0         16          0      13100   stm32f4xx_rcc.o
      3234         60          0          0          0      23056   stm32f4xx_tim.o
      1108         34          0          0          0       7924   stm32f4xx_usart.o
       528         46          0         20          0       1843   system_stm32f4xx.o
      8268        402          0         64        200      37101   tasks.o
       132         10          0          0          0        840   timer.o
       132         10          0          0          0        828   timer5.o
      1616         72          0         20         40      27087   timers.o
      4320        228        125         54          0       6881   touch.o
       388         24          0          2        800       2662   usart2.o
       412         30          0          2        800       2058   usart3.o
       328         16          0          6        200       3414   usart_1.o

    ----------------------------------------------------------------------
     66088       3224       7492        380      80476    1043655   Object Totals
         0          0         32          0          0          0   (incl. Generated)
         6          0          7          8         10          0   (incl. Padding)

    ----------------------------------------------------------------------

      Code (inc. data)   RO Data    RW Data    ZI Data      Debug   Library Member Name

        24          4          0          0          0         84   __2printf.o
        90          0          0          0          0          0   __dczerorl2.o
         8          0          0          0          0         68   __main.o
       392          4         17          0          0         92   __printf_flags_ss_wp.o
        14          0          0          0          0         68   __printf_wp.o
         0          0          0          0          0          0   __rtentry.o
        12          0          0          0          0          0   __rtentry2.o
         6          0          0          0          0          0   __rtentry4.o
        52          8          0          0          0          0   __scatter.o
        28          0          0          0          0          0   __scatter_zi.o
         6          0          0          0          0          0   _printf_a.o
         6          0          0          0          0          0   _printf_c.o
        44          0          0          0          0        108   _printf_char.o
        48          6          0          0          0         96   _printf_char_common.o
        36          4          0          0          0         80   _printf_char_file.o
        40          0          0          0          0         68   _printf_charcount.o
         6          0          0          0          0          0   _printf_d.o
       120         16          0          0          0         92   _printf_dec.o
         6          0          0          0          0          0   _printf_e.o
         6          0          0          0          0          0   _printf_f.o
      1054          0          0          0          0        216   _printf_fp_dec.o
       764          8         38          0          0        100   _printf_fp_hex.o
       128         16          0          0          0         84   _printf_fp_infnan.o
         6          0          0          0          0          0   _printf_g.o
       148          4         40          0          0        160   _printf_hex_int_ll_ptr.o
         6          0          0          0          0          0   _printf_i.o
       178          0          0          0          0         88   _printf_intcommon.o
        10          0          0          0          0          0   _printf_l.o
         6          0          0          0          0          0   _printf_lc.o
        10          0          0          0          0          0   _printf_ll.o
         6          0          0          0          0          0   _printf_lld.o
         6          0          0          0          0          0   _printf_lli.o
         6          0          0          0          0          0   _printf_llo.o
         6          0          0          0          0          0   _printf_llu.o
         6          0          0          0          0          0   _printf_llx.o
       124         16          0          0          0         92   _printf_longlong_dec.o
         6          0          0          0          0          0   _printf_ls.o
         6          0          0          0          0          0   _printf_n.o
         6          0          0          0          0          0   _printf_o.o
       112         10          0          0          0        124   _printf_oct_int_ll.o
         6          0          0          0          0          0   _printf_p.o
        78          0          0          0          0        108   _printf_pad.o
         0          0          0          0          0          0   _printf_percent.o
         4          0          0          0          0          0   _printf_percent_end.o
         6          0          0          0          0          0   _printf_s.o
        82          0          0          0          0         80   _printf_str.o
        36          0          0          0          0         84   _printf_truncate.o
         6          0          0          0          0          0   _printf_u.o
        44          0          0          0          0        108   _printf_wchar.o
       188          6          8          0          0         92   _printf_wctomb.o
         6          0          0          0          0          0   _printf_x.o
        22          0          0          0          0        100   _rserrno.o
        10          0          0          0          0         68   _sputc.o
        64          0          0          0          0         92   _wcrtomb.o
        16          0          0          0          0         68   aeabi_memset.o
       228          4        148          0          0         96   bigflt0.o
      1936        128          0          0          0        672   btod.o
        18          0          0          0          0         80   exit.o
         8          0          0          0          0         68   ferror.o
         6          0          0          0          0        152   heapauxi.o
        44         10        272          0          0         76   lc_ctype_c.o
        44         10         28          0          0         76   lc_numeric_c.o
         2          0          0          0          0          0   libinit.o
        34          0          0          0          0          0   libinit2.o
         2          0          0          0          0          0   libshutdown.o
         2          0          0          0          0          0   libshutdown2.o
         8          4          0          0         96         68   libspace.o
       138          0          0          0          0         80   lludiv10.o
        16          4          0          0          0         76   rt_ctype_table.o
         8          4          0          0          0         68   rt_errno_addr_intlibspace.o
         8          4          0          0          0         68   rt_locale_intlibspace.o
        68          0          0          0          0         68   rt_memclr.o
        78          0          0          0          0         80   rt_memclr_w.o
       138          0          0          0          0         68   rt_memcpy_v6.o
       100          0          0          0          0         80   rt_memcpy_w.o
         2          0          0          0          0          0   rtexit.o
        10          0          0          0          0          0   rtexit2.o
       128          0          0          0          0         68   strcmpv7m.o
        62          0          0          0          0         76   strlen.o
        36          0          0          0          0         80   strstr.o
        74          0          0          0          0         80   sys_stackheap_outer.o
         2          0          0          0          0         68   use_no_semi.o
         2          0          0          0          0         68   use_no_semi_2.o
        36          4          0          0          0         76   vsprintf.o
       826         16          0          0          0        492   daddsub_clz.o
        24          0          0          0          0        116   dcmpi.o
        90          4          0          0          0        140   dfixu.o
        84          0          0          0          0        232   dflt_clz.o
       120          4          0          0          0        140   dleqf.o
       340         12          0          0          0        152   dmul.o
       156          4          0          0          0        140   dnaninf.o
        12          0          0          0          0        116   dretinf.o
       108          0          0          0          0        128   drleqf.o
       408         56          0          0          0        168   dsqrt_umaal.o
        86          4          0          0          0        132   f2d.o
       140          4          0          0          0        132   fnaninf.o
        10          0          0          0          0        116   fpinit.o
         4          0          0          0          0        116   printf1.o
         4          0          0          0          0        116   printf2.o
         0          0          0          0          0          0   usenofp.o
        48          0          0          0          0        124   fpclassify.o
       122          0          0          0          0        148   sqrt.o

    ----------------------------------------------------------------------
      9948        378        556          0         96       7520   Library Totals
        22          0          5          0          0          0   (incl. Padding)

    ----------------------------------------------------------------------

      Code (inc. data)   RO Data    RW Data    ZI Data      Debug   Library Name

      7344        274        551          0         96       4812   c_w.l
      2412        104          0          0          0       2436   fz_wm.l
       170          0          0          0          0        272   m_wm.l

    ----------------------------------------------------------------------
      9948        378        556          0         96       7520   Library Totals

    ----------------------------------------------------------------------

==============================================================================


      Code (inc. data)   RO Data    RW Data    ZI Data      Debug   

     76036       3602       8048        380      80572    1039371   Grand Totals
     76036       3602       8048        116      80572    1039371   ELF Image Totals (compressed)
     76036       3602       8048        116          0          0   ROM Totals

==============================================================================

    Total RO  Size (Code + RO Data)                84084 (  82.11kB)
    Total RW  Size (RW Data + ZI Data)             80952 (  79.05kB)
    Total ROM Size (Code + RO Data + RW Data)      84200 (  82.23kB)

==============================================================================

